Component: ARM Compiler 5.06 update 7 (build 960) Tool: armlink [4d3601]

==============================================================================

Section Cross References

    startup_stm32f103xb.o(STACK) refers (Special) to heapauxi.o(.text) for __use_two_region_memory
    startup_stm32f103xb.o(HEAP) refers (Special) to heapauxi.o(.text) for __use_two_region_memory
    startup_stm32f103xb.o(RESET) refers (Special) to heapauxi.o(.text) for __use_two_region_memory
    startup_stm32f103xb.o(RESET) refers to startup_stm32f103xb.o(STACK) for __initial_sp
    startup_stm32f103xb.o(RESET) refers to startup_stm32f103xb.o(.text) for Reset_Handler
    startup_stm32f103xb.o(RESET) refers to stm32f1xx_it.o(i.NMI_Handler) for NMI_Handler
    startup_stm32f103xb.o(RESET) refers to stm32f1xx_it.o(i.HardFault_Handler) for HardFault_Handler
    startup_stm32f103xb.o(RESET) refers to stm32f1xx_it.o(i.MemManage_Handler) for MemManage_Handler
    startup_stm32f103xb.o(RESET) refers to stm32f1xx_it.o(i.BusFault_Handler) for BusFault_Handler
    startup_stm32f103xb.o(RESET) refers to stm32f1xx_it.o(i.UsageFault_Handler) for UsageFault_Handler
    startup_stm32f103xb.o(RESET) refers to stm32f1xx_it.o(i.SVC_Handler) for SVC_Handler
    startup_stm32f103xb.o(RESET) refers to stm32f1xx_it.o(i.DebugMon_Handler) for DebugMon_Handler
    startup_stm32f103xb.o(RESET) refers to stm32f1xx_it.o(i.PendSV_Handler) for PendSV_Handler
    startup_stm32f103xb.o(RESET) refers to stm32f1xx_it.o(i.SysTick_Handler) for SysTick_Handler
    startup_stm32f103xb.o(RESET) refers to usart.o(i.USART1_IRQHandler) for USART1_IRQHandler
    startup_stm32f103xb.o(RESET) refers to exti.o(i.EXTI15_10_IRQHandler) for EXTI15_10_IRQHandler
    startup_stm32f103xb.o(.text) refers (Special) to heapauxi.o(.text) for __use_two_region_memory
    startup_stm32f103xb.o(.text) refers to __main.o(!!!main) for __main
    startup_stm32f103xb.o(.text) refers to startup_stm32f103xb.o(HEAP) for Heap_Mem
    startup_stm32f103xb.o(.text) refers to startup_stm32f103xb.o(STACK) for Stack_Mem
    main.o(i.adc_auto_channel) refers to stm32f1xx_hal_gpio.o(i.HAL_GPIO_WritePin) for HAL_GPIO_WritePin
    main.o(i.adc_auto_channel) refers to adc.o(i.adc_get_result_average) for adc_get_result_average
    main.o(i.adc_auto_channel) refers to main.o(.bss) for myadc_data
    main.o(i.color_init) refers to main.o(.data) for temp1
    main.o(i.draw_table_frame) refers to main.o(i.draw_thick_rectangle) for draw_thick_rectangle
    main.o(i.draw_table_frame) refers to main.o(i.draw_thick_hline) for draw_thick_hline
    main.o(i.draw_table_frame) refers to main.o(i.draw_thick_vline) for draw_thick_vline
    main.o(i.draw_thick_hline) refers to lcd.o(i.LCD_DrawLine) for LCD_DrawLine
    main.o(i.draw_thick_rectangle) refers to lcd.o(i.LCD_DrawRectangle) for LCD_DrawRectangle
    main.o(i.draw_thick_vline) refers to lcd.o(i.LCD_DrawLine) for LCD_DrawLine
    main.o(i.get_preres) refers to drleqf.o(x$fpl$drleqf) for __aeabi_cdrcmple
    main.o(i.get_preres) refers to dleqf.o(x$fpl$dleqf) for __aeabi_cdcmple
    main.o(i.get_preres) refers to daddsub_clz.o(x$fpl$drsb) for __aeabi_drsub
    main.o(i.get_preres) refers to dmul.o(x$fpl$dmul) for __aeabi_dmul
    main.o(i.get_preres) refers to ddiv.o(x$fpl$ddiv) for __aeabi_ddiv
    main.o(i.main) refers to stm32f1xx_hal.o(i.HAL_Init) for HAL_Init
    main.o(i.main) refers to sys.o(i.sys_stm32_clock_init) for sys_stm32_clock_init
    main.o(i.main) refers to delay.o(i.delay_init) for delay_init
    main.o(i.main) refers to usart.o(i.usart_init) for usart_init
    main.o(i.main) refers to led.o(i.led_init) for led_init
    main.o(i.main) refers to gtim.o(i.gtim_timx_pwm_chy_init) for gtim_timx_pwm_chy_init
    main.o(i.main) refers to beep.o(i.beep_init) for beep_init
    main.o(i.main) refers to fan.o(i.fan_init) for fan_init
    main.o(i.main) refers to key.o(i.key_init) for key_init
    main.o(i.main) refers to key.o(i.seg_init) for seg_init
    main.o(i.main) refers to exti.o(i.exti_init) for exti_init
    main.o(i.main) refers to adc.o(i.adc_init) for adc_init
    main.o(i.main) refers to lcd_init.o(i.LCD_Init) for LCD_Init
    main.o(i.main) refers to lcd.o(i.LCD_Fill) for LCD_Fill
    main.o(i.main) refers to main.o(i.draw_table_frame) for draw_table_frame
    main.o(i.main) refers to lcd.o(i.LCD_ShowString) for LCD_ShowString
    main.o(i.main) refers to rgb.o(i.WS2812B_Init) for WS2812B_Init
    main.o(i.main) refers to main.o(i.color_init) for color_init
    main.o(i.main) refers to main.o(i.mypid_init) for mypid_init
    main.o(i.main) refers to stm32f1xx_hal_gpio.o(i.HAL_GPIO_WritePin) for HAL_GPIO_WritePin
    main.o(i.main) refers to rgb.o(i.WS2812B_FillColor) for WS2812B_FillColor
    main.o(i.main) refers to rgb.o(i.WS2812B_RefreshPixel) for WS2812B_RefreshPixel
    main.o(i.main) refers to main.o(i.adc_auto_channel) for adc_auto_channel
    main.o(i.main) refers to dflt_clz.o(x$fpl$dfltu) for __aeabi_ui2d
[...]
    .ARM.Collect$$rtexit$$00000003           0x0800017c   Section        4  rtexit2.o(.ARM.Collect$$rtexit$$00000003)
    .ARM.Collect$$rtexit$$00000004           0x08000180   Section        6  rtexit2.o(.ARM.Collect$$rtexit$$00000004)
    .text                                    0x08000188   Section       52  startup_stm32f103xb.o(.text)
    .text                                    0x080001bc   Section        2  use_no_semi_2.o(.text)
    .text                                    0x080001be   Section       78  rt_memclr_w.o(.text)
    .text                                    0x0800020c   Section        0  heapauxi.o(.text)
    .text                                    0x08000212   Section        2  use_no_semi.o(.text)
    .text                                    0x08000214   Section        0  _rserrno.o(.text)
    .text                                    0x0800022c   Section        8  rt_errno_addr_intlibspace.o(.text)
    .text                                    0x08000234   Section        8  libspace.o(.text)
    .text                                    0x0800023c   Section       74  sys_stackheap_outer.o(.text)
    .text                                    0x08000286   Section        0  exit.o(.text)
    i.ADC_ConversionStop_Disable             0x08000298   Section        0  stm32f1xx_hal_adc.o(i.ADC_ConversionStop_Disable)
    i.ADC_Enable                             0x080002ec   Section        0  stm32f1xx_hal_adc.o(i.ADC_Enable)
    i.BusFault_Handler                       0x08000370   Section        0  stm32f1xx_it.o(i.BusFault_Handler)
    i.Copy_Color                             0x08000374   Section        0  rgb.o(i.Copy_Color)
    i.DebugMon_Handler                       0x08000382   Section        0  stm32f1xx_it.o(i.DebugMon_Handler)
    i.Delay_850nS                            0x08000384   Section        0  rgb.o(i.Delay_850nS)
    i.EXTI15_10_IRQHandler                   0x080003bc   Section        0  exti.o(i.EXTI15_10_IRQHandler)
    i.HAL_ADCEx_Calibration_Start            0x080003d4   Section        0  stm32f1xx_hal_adc_ex.o(i.HAL_ADCEx_Calibration_Start)
    i.HAL_ADC_ConfigChannel                  0x080004d8   Section        0  stm32f1xx_hal_adc.o(i.HAL_ADC_ConfigChannel)
    i.HAL_ADC_GetValue                       0x08000638   Section        0  stm32f1xx_hal_adc.o(i.HAL_ADC_GetValue)
    i.HAL_ADC_Init                           0x08000640   Section        0  stm32f1xx_hal_adc.o(i.HAL_ADC_Init)
    i.HAL_ADC_MspInit                        0x080007a0   Section        0  adc.o(i.HAL_ADC_MspInit)
    i.HAL_ADC_PollForConversion              0x08000824   Section        0  stm32f1xx_hal_adc.o(i.HAL_ADC_PollForConversion)
    i.HAL_ADC_Start                          0x08000994   Section        0  stm32f1xx_hal_adc.o(i.HAL_ADC_Start)
    i.HAL_DMA_Abort_IT                       0x08000ac4   Section        0  stm32f1xx_hal_dma.o(i.HAL_DMA_Abort_IT)
    i.HAL_GPIO_EXTI_Callback                 0x08000c6c   Section        0  exti.o(i.HAL_GPIO_EXTI_Callback)
    i.HAL_GPIO_EXTI_IRQHandler               0x08000d14   Section        0  stm32f1xx_hal_gpio.o(i.HAL_GPIO_EXTI_IRQHandler)
    i.HAL_GPIO_Init                          0x08000d30   Section        0  stm32f1xx_hal_gpio.o(i.HAL_GPIO_Init)
    i.HAL_GPIO_ReadPin                       0x08001070   Section        0  stm32f1xx_hal_gpio.o(i.HAL_GPIO_ReadPin)
    i.HAL_GPIO_TogglePin                     0x08001080   Section        0  stm32f1xx_hal_gpio.o(i.HAL_GPIO_TogglePin)
    i.HAL_GPIO_WritePin                      0x08001094   Section        0  stm32f1xx_hal_gpio.o(i.HAL_GPIO_WritePin)
    i.HAL_GetTick                            0x080010a0   Section        0  stm32f1xx_hal.o(i.HAL_GetTick)
    i.HAL_IncTick                            0x080010ac   Section        0  stm32f1xx_hal.o(i.HAL_IncTick)
    i.HAL_Init                               0x080010c4   Section        0  stm32f1xx_hal.o(i.HAL_Init)
    i.HAL_InitTick                           0x080010ec   Section        0  stm32f1xx_hal.o(i.HAL_InitTick)
    i.HAL_MspInit                            0x08001138   Section        0  stm32f1xx_hal.o(i.HAL_MspInit)
    i.HAL_NVIC_EnableIRQ                     0x0800113a   Section        0  stm32f1xx_hal_cortex.o(i.HAL_NVIC_EnableIRQ)
    i.HAL_NVIC_SetPriority                   0x0800115a   Section        0  stm32f1xx_hal_cortex.o(i.HAL_NVIC_SetPriority)
    i.HAL_NVIC_SetPriorityGrouping           0x080011d8   Section        0  stm32f1xx_hal_cortex.o(i.HAL_NVIC_SetPriorityGrouping)
    i.HAL_RCCEx_GetPeriphCLKFreq             0x08001200   Section        0  stm32f1xx_hal_rcc_ex.o(i.HAL_RCCEx_GetPeriphCLKFreq)
    i.HAL_RCCEx_PeriphCLKConfig              0x08001338   Section        0  stm32f1xx_hal_rcc_ex.o(i.HAL_RCCEx_PeriphCLKConfig)
    i.HAL_RCC_ClockConfig                    0x08001468   Section        0  stm32f1xx_hal_rcc.o(i.HAL_RCC_ClockConfig)
    i.HAL_RCC_GetHCLKFreq                    0x080015f4   Section        0  stm32f1xx_hal_rcc.o(i.HAL_RCC_GetHCLKFreq)
    i.HAL_RCC_GetPCLK1Freq                   0x08001600   Section        0  stm32f1xx_hal_rcc.o(i.HAL_RCC_GetPCLK1Freq)
    i.HAL_RCC_GetPCLK2Freq                   0x08001620   Section        0  stm32f1xx_hal_rcc.o(i.HAL_RCC_GetPCLK2Freq)
    i.HAL_RCC_GetSysClockFreq                0x08001640   Section        0  stm32f1xx_hal_rcc.o(i.HAL_RCC_GetSysClockFreq)
    i.HAL_RCC_OscConfig                      0x080016d8   Section        0  stm32f1xx_hal_rcc.o(i.HAL_RCC_OscConfig)
    i.HAL_SYSTICK_Config                     0x08001b3c   Section        0  stm32f1xx_hal_cortex.o(i.HAL_SYSTICK_Config)
    i.HAL_TIM_PWM_ConfigChannel              0x08001b70   Section        0  stm32f1xx_hal_tim.o(i.HAL_TIM_PWM_ConfigChannel)
    i.HAL_TIM_PWM_Init                       0x08001c6c   Section        0  stm32f1xx_hal_tim.o(i.HAL_TIM_PWM_Init)
    i.HAL_TIM_PWM_MspInit                    0x08001cd4   Section        0  gtim.o(i.HAL_TIM_PWM_MspInit)
    i.HAL_TIM_PWM_Start                      0x08001d4c   Section        0  stm32f1xx_hal_tim.o(i.HAL_TIM_PWM_Start)
    i.HAL_UART_ErrorCallback                 0x08001e40   Section        0  stm32f1xx_hal_uart.o(i.HAL_UART_ErrorCallback)
    i.HAL_UART_IRQHandler                    0x08001e44   Section        0  stm32f1xx_hal_uart.o(i.HAL_UART_IRQHandler)
    i.HAL_UART_Init                          0x08001f98   Section        0  stm32f1xx_hal_uart.o(i.HAL_UART_Init)
    i.HAL_UART_MspInit                       0x0800200c   Section        0  usart.o(i.HAL_UART_MspInit)
    i.HAL_UART_Receive_IT                    0x080020c0   Section        0  stm32f1xx_hal_uart.o(i.HAL_UART_Receive_IT)
    i.HAL_UART_RxCpltCallback                0x08002130   Section        0  usart.o(i.HAL_UART_RxCpltCallback)
    i.HAL_UART_TxCpltCallback                0x080021b8   Section        0  stm32f1xx_hal_uart.o(i.HAL_UART_TxCpltCallback)
    i.HardFault_Handler                      0x080021ba   Section        0  stm32f1xx_it.o(i.HardFault_Handler)
    i.LCD_Address_Set                        0x080021be   Section        0  lcd_init.o(i.LCD_Address_Set)
    i.LCD_DrawLine                           0x08002208   Section        0  lcd.o(i.LCD_DrawLine)
    i.LCD_DrawPoint                          0x080022b4   Section        0  lcd.o(i.LCD_DrawPoint)
    i.LCD_DrawRectangle                      0x080022d0   Section        0  lcd.o(i.LCD_DrawRectangle)
    i.LCD_Fill                               0x0800231a   Section        0  lcd.o(i.LCD_Fill)
    i.LCD_GPIO_Init                          0x08002364   Section        0  lcd_init.o(i.LCD_GPIO_Init)
    i.LCD_Init                               0x080023b4   Section        0  lcd_init.o(i.LCD_Init)
    i.LCD_ShowChar                           0x08002560   Section        0  lcd.o(i.LCD_ShowChar)
    i.LCD_ShowIntNum                         0x080026b8   Section        0  lcd.o(i.LCD_ShowIntNum)
    i.LCD_ShowString                         0x0800274e   Section        0  lcd.o(i.LCD_ShowString)
    i.LCD_WR_DATA                            0x08002790   Section        0  lcd_init.o(i.LCD_WR_DATA)
    i.LCD_WR_DATA8                           0x080027a2   Section        0  lcd_init.o(i.LCD_WR_DATA8)
    i.LCD_WR_REG                             0x080027b0   Section        0  lcd_init.o(i.LCD_WR_REG)
    i.LCD_Writ_Bus                           0x080027d4   Section        0  lcd_init.o(i.LCD_Writ_Bus)
    i.MemManage_Handler                      0x08002834   Section        0  stm32f1xx_it.o(i.MemManage_Handler)
    i.NMI_Handler                            0x08002838   Section        0  stm32f1xx_it.o(i.NMI_Handler)
    i.PendSV_Handler                         0x0800283a   Section        0  stm32f1xx_it.o(i.PendSV_Handler)
    i.RCC_Delay                              0x0800283c   Section        0  stm32f1xx_hal_rcc.o(i.RCC_Delay)
    RCC_Delay                                0x0800283d   Thumb Code    36  stm32f1xx_hal_rcc.o(i.RCC_Delay)
    i.SVC_Handler                            0x08002864   Section        0  stm32f1xx_it.o(i.SVC_Handler)
    i.SysTick_Handler                        0x08002866   Section        0  stm32f1xx_it.o(i.SysTick_Handler)
    i.TIM_Base_SetConfig                     0x08002870   Section        0  stm32f1xx_hal_tim.o(i.TIM_Base_SetConfig)
    i.TIM_CCxChannelCmd                      0x0800290c   Section        0  stm32f1xx_hal_tim.o(i.TIM_CCxChannelCmd)
    i.TIM_OC1_SetConfig                      0x08002930   Section        0  stm32f1xx_hal_tim.o(i.TIM_OC1_SetConfig)
    TIM_OC1_SetConfig                        0x08002931   Thumb Code   104  stm32f1xx_hal_tim.o(i.TIM_OC1_SetConfig)
    i.TIM_OC2_SetConfig                      0x080029a0   Section        0  stm32f1xx_hal_tim.o(i.TIM_OC2_SetConfig)
    i.TIM_OC3_SetConfig                      0x08002a1c   Section        0  stm32f1xx_hal_tim.o(i.TIM_OC3_SetConfig)
    TIM_OC3_SetConfig                        0x08002a1d   Thumb Code   112  stm32f1xx_hal_tim.o(i.TIM_OC3_SetConfig)
    i.TIM_OC4_SetConfig                      0x08002a94   Section        0  stm32f1xx_hal_tim.o(i.TIM_OC4_SetConfig)
    TIM_OC4_SetConfig                        0x08002a95   Thumb Code    74  stm32f1xx_hal_tim.o(i.TIM_OC4_SetConfig)
    i.UART_DMAAbortOnError                   0x08002ae8   Section        0  stm32f1xx_hal_uart.o(i.UART_DMAAbortOnError)
    UART_DMAAbortOnError                     0x08002ae9   Thumb Code    20  stm32f1xx_hal_uart.o(i.UART_DMAAbortOnError)
    i.UART_EndRxTransfer                     0x08002afc   Section        0  stm32f1xx_hal_uart.o(i.UART_EndRxTransfer)
    UART_EndRxTransfer                       0x08002afd   Thumb Code    32  stm32f1xx_hal_uart.o(i.UART_EndRxTransfer)
    i.UART_EndTransmit_IT                    0x08002b1c   Section        0  stm32f1xx_hal_uart.o(i.UART_EndTransmit_IT)
    UART_EndTransmit_IT                      0x08002b1d   Thumb Code    32  stm32f1xx_hal_uart.o(i.UART_EndTransmit_IT)
    i.UART_Receive_IT                        0x08002b3c   Section        0  stm32f1xx_hal_uart.o(i.UART_Receive_IT)
    UART_Receive_IT                          0x08002b3d   Thumb Code   160  stm32f1xx_hal_uart.o(i.UART_Receive_IT)
    i.UART_SetConfig                         0x08002bdc   Section        0  stm32f1xx_hal_uart.o(i.UART_SetConfig)
    UART_SetConfig                           0x08002bdd   Thumb Code   248  stm32f1xx_hal_uart.o(i.UART_SetConfig)
    i.UART_Transmit_IT                       0x08002cd8   Section        0  stm32f1xx_hal_uart.o(i.UART_Transmit_IT)
    UART_Transmit_IT                         0x08002cd9   Thumb Code    96  stm32f1xx_hal_uart.o(i.UART_Transmit_IT)
    i.USART1_IRQHandler                      0x08002d38   Section        0  usart.o(i.USART1_IRQHandler)
    i.UsageFault_Handler                     0x08002d5c   Section        0  stm32f1xx_it.o(i.UsageFault_Handler)
    i.WS2812B_FillColor                      0x08002d60   Section        0  rgb.o(i.WS2812B_FillColor)
    i.WS2812B_Init                           0x08002da0   Section        0  rgb.o(i.WS2812B_Init)
    i.WS2812B_RefreshPixel                   0x08002df0   Section        0  rgb.o(i.WS2812B_RefreshPixel)
    i.WS2812B_WriteByte                      0x08002e10   Section        0  rgb.o(i.WS2812B_WriteByte)
    i.WS2812B_WriteColor                     0x08002e98   Section        0  rgb.o(i.WS2812B_WriteColor)
    i.__NVIC_GetPriorityGrouping             0x08002eb0   Section        0  stm32f1xx_hal_cortex.o(i.__NVIC_GetPriorityGrouping)
    __NVIC_GetPriorityGrouping               0x08002eb1   Thumb Code    10  stm32f1xx_hal_cortex.o(i.__NVIC_GetPriorityGrouping)
    i.__NVIC_SetPriority                     0x08002ec0   Section        0  stm32f1xx_hal_cortex.o(i.__NVIC_SetPriority)
    __NVIC_SetPriority                       0x08002ec1   Thumb Code    32  stm32f1xx_hal_cortex.o(i.__NVIC_SetPriority)
    i.__kernel_poly                          0x08002ee8   Section        0  poly.o(i.__kernel_poly)
    i.__mathlib_dbl_divzero                  0x08002f94   Section        0  dunder.o(i.__mathlib_dbl_divzero)
    i.__mathlib_dbl_infnan                   0x08002fa4   Section        0  dunder.o(i.__mathlib_dbl_infnan)
    i.__mathlib_dbl_invalid                  0x08002faa   Section        0  dunder.o(i.__mathlib_dbl_invalid)
    i._sys_exit                              0x08002fb6   Section        0  usart.o(i._sys_exit)
    i.adc_auto_channel                       0x08002fbc   Section        0  main.o(i.adc_auto_channel)
    i.adc_channel_set                        0x08003010   Section        0  adc.o(i.adc_channel_set)
    i.adc_get_result                         0x0800302c   Section        0  adc.o(i.adc_get_result)
    i.adc_get_result_average                 0x08003058   Section        0  adc.o(i.adc_get_result_average)
    i.adc_init                               0x08003084   Section        0  adc.o(i.adc_init)
    i.beep_init                              0x080030bc   Section        0  beep.o(i.beep_init)
    i.color_init                             0x08003110   Section        0  main.o(i.color_init)
    i.delay_init                             0x0800317c   Section        0  delay.o(i.delay_init)
    i.delay_ms                               0x08003188   Section        0  delay.o(i.delay_ms)
    i.delay_us                               0x0800319c   Section        0  delay.o(i.delay_us)
    i.draw_table_frame                       0x080031e4   Section        0  main.o(i.draw_table_frame)
    i.draw_thick_hline                       0x08003234   Section        0  main.o(i.draw_thick_hline)
    i.draw_thick_rectangle                   0x08003266   Section        0  main.o(i.draw_thick_rectangle)
    i.draw_thick_vline                       0x080032ae   Section        0  main.o(i.draw_thick_vline)
    i.exti_init                              0x080032e0   Section        0  exti.o(i.exti_init)
    i.fan_init                               0x0800333c   Section        0  fan.o(i.fan_init)
    i.generate_rainbow_color                 0x08003390   Section        0  main.o(i.generate_rainbow_color)
    i.get_preres                             0x0800342c   Section        0  main.o(i.get_preres)
    i.gtim_timx_pwm_chy_init                 0x080034a8   Section        0  gtim.o(i.gtim_timx_pwm_chy_init)
    i.key_init                               0x080034fc   Section        0  key.o(i.key_init)
    i.led_init                               0x08003548   Section        0  led.o(i.led_init)
    i.log                                    0x080035a0   Section        0  log.o(i.log)
    i.main                                   0x080038fc   Section        0  main.o(i.main)
    i.mypid_init                             0x08003c08   Section        0  main.o(i.mypid_init)
    i.mypow                                  0x08003c60   Section        0  lcd.o(i.mypow)
    i.pid_calculate                          0x08003c78   Section        0  main.o(i.pid_calculate)
    i.pre_temp                               0x08003d48   Section        0  main.o(i.pre_temp)
    i.rgb_change                             0x08003e24   Section        0  main.o(i.rgb_change)
    i.seg_init                               0x08004050   Section        0  key.o(i.seg_init)
    i.smooth_temperature                     0x08004098   Section        0  main.o(i.smooth_temperature)
    i.sys_stm32_clock_init                   0x08004150   Section        0  sys.o(i.sys_stm32_clock_init)
    i.update_display                         0x080041b8   Section        0  main.o(i.update_display)
    i.usart_init                             0x0800428c   Section        0  usart.o(i.usart_init)
    x$fpl$d2f                                0x080042c4   Section       98  d2f.o(x$fpl$d2f)
    x$fpl$dadd                               0x08004328   Section      336  daddsub_clz.o(x$fpl$dadd)
    _dadd1                                   0x08004339   Thumb Code     0  daddsub_clz.o(x$fpl$dadd)
    x$fpl$dcheck1                            0x08004478   Section       16  dcheck1.o(x$fpl$dcheck1)
    x$fpl$dcmpinf                            0x08004488   Section       24  dcmpi.o(x$fpl$dcmpinf)
    x$fpl$ddiv                               0x080044a0   Section      688  ddiv.o(x$fpl$ddiv)
    ddiv_entry                               0x080044a7   Thumb Code     0  ddiv.o(x$fpl$ddiv)
    x$fpl$deqf                               0x08004750   Section      120  deqf.o(x$fpl$deqf)
    x$fpl$dfix                               0x080047c8   Section       94  dfix.o(x$fpl$dfix)
    x$fpl$dflt                               0x08004826   Section       46  dflt_clz.o(x$fpl$dflt)
    x$fpl$dfltu                              0x08004854   Section       38  dflt_clz.o(x$fpl$dfltu)
    x$fpl$dleqf                              0x0800487c   Section      120  dleqf.o(x$fpl$dleqf)
    x$fpl$dmul                               0x080048f4   Section      340  dmul.o(x$fpl$dmul)
    x$fpl$dnaninf                            0x08004a48   Section      156  dnaninf.o(x$fpl$dnaninf)
    x$fpl$dretinf                            0x08004ae4   Section       12  dretinf.o(x$fpl$dretinf)
    x$fpl$drleqf                             0x08004af0   Section      108  drleqf.o(x$fpl$drleqf)
    x$fpl$drsb                               0x08004b5c   Section       22  daddsub_clz.o(x$fpl$drsb)
    x$fpl$dsub                               0x08004b74   Section      468  daddsub_clz.o(x$fpl$dsub)
    _dsub1                                   0x08004b85   Thumb Code     0  daddsub_clz.o(x$fpl$dsub)
    x$fpl$fadd                               0x08004d48   Section      196  faddsub_clz.o(x$fpl$fadd)
    _fadd1                                   0x08004d57   Thumb Code     0  faddsub_clz.o(x$fpl$fadd)
    x$fpl$fcmpinf                            0x08004e0c   Section       24  fcmpi.o(x$fpl$fcmpinf)
    x$fpl$ffix                               0x08004e24   Section       54  ffix.o(x$fpl$ffix)
    x$fpl$fflt                               0x08004e5c   Section       48  fflt_clz.o(x$fpl$fflt)
    x$fpl$fleqf                              0x08004e8c   Section      104  fleqf.o(x$fpl$fleqf)
    x$fpl$fmul                               0x08004ef4   Section      258  fmul.o(x$fpl$fmul)
    x$fpl$fnaninf                            0x08004ff6   Section      140  fnaninf.o(x$fpl$fnaninf)
    x$fpl$fretinf                            0x08005082   Section       10  fretinf.o(x$fpl$fretinf)
    x$fpl$fsub                               0x0800508c   Section      234  faddsub_clz.o(x$fpl$fsub)
    _fsub1                                   0x0800509b   Thumb Code     0  faddsub_clz.o(x$fpl$fsub)
    x$fpl$retnan                             0x08005176   Section      100  retnan.o(x$fpl$retnan)
    x$fpl$scalbn                             0x080051da   Section       92  scalbn.o(x$fpl$scalbn)
    x$fpl$trapveneer                         0x08005236   Section       48  trapv.o(x$fpl$trapveneer)
    .constdata                               0x08005266   Section       24  system_stm32f1xx.o(.constdata)
    x$fpl$usenofp                            0x08005266   Section        0  usenofp.o(x$fpl$usenofp)
    .constdata                               0x0800527e   Section    14620  lcd.o(.constdata)
    .constdata                               0x08008ba0   Section       56  log.o(.constdata)
    Lg2                                      0x08008ba0   Data          24  log.o(.constdata)
    Lg                                       0x08008bb8   Data          32  log.o(.constdata)
    .constdata                               0x08008bd8   Section        8  qnan.o(.constdata)
    .data                                    0x20000000   Section       72  main.o(.data)
    sum                                      0x20000040   Data           8  main.o(.data)
    .data                                    0x20000048   Section        4  system_stm32f1xx.o(.data)
    .data                                    0x2000004c   Section        9  stm32f1xx_hal.o(.data)
    .data                                    0x20000058   Section        4  delay.o(.data)
    g_fac_us                                 0x20000058   Data           4  delay.o(.data)
    .data                                    0x2000005c   Section        7  usart.o(.data)
    .bss                                     0x20000068   Section      132  main.o(.bss)
    .bss                                     0x200000ec   Section      264  usart.o(.bss)
    .bss                                     0x200001f4   Section       72  gtim.o(.bss)
    .bss                                     0x2000023c   Section       48  adc.o(.bss)
    .bss                                     0x2000026c   Section       81  rgb.o(.bss)
    .bss                                     0x200002c0   Section       96  libspace.o(.bss)
    HEAP                                     0x20000320   Section        0  startup_stm32f103xb.o(HEAP)
    STACK                                    0x20000320   Section     1024  startup_stm32f103xb.o(STACK)
    Heap_Mem                                 0x20000320   Data           0  startup_stm32f103xb.o(HEAP)
    Stack_Mem                                0x20000320   Data        1024  startup_stm32f103xb.o(STACK)
    __initial_sp                             0x20000720   Data           0  startup_stm32f103xb.o(STACK)

    Global Symbols

    Symbol Name                              Value     Ov Type        Size  Object(Section)

    BuildAttributes$$THM_ISAv4$P$D$K$B$S$PE$A:L22UL41UL21$X:L11$S22US41US21$IEEE1$IW$USESV6$~STKCKD$USESV7$~SHL$OTIME$ROPI$IEEEX$EBA8$UX$STANDARDLIB$REQ8$PRES8$EABIv2 0x00000000   Number         0  anon$$obj.o ABSOLUTE
    __ARM_use_no_argv                        0x00000000   Number         0  main.o ABSOLUTE
    __ARM_exceptions_init                     - Undefined Weak Reference
    __alloca_initialize                       - Undefined Weak Reference
    __arm_fini_                               - Undefined Weak Reference
    __arm_preinit_                            - Undefined Weak Reference
    __cpp_initialize__aeabi_                  - Undefined Weak Reference
    __cxa_finalize                            - Undefined Weak Reference
    __rt_locale                               - Undefined Weak Reference
    __sigvec_lookup                           - Undefined Weak Reference
    _atexit_init                              - Undefined Weak Reference
    _call_atexit_fns                          - Undefined Weak Reference
    _clock_init                               - Undefined Weak Reference
    _fp_trap_init                             - Undefined Weak Reference
    _fp_trap_shutdown                         - Undefined Weak Reference
    _get_lc_collate                           - Undefined Weak Reference
    _get_lc_ctype                             - Undefined Weak Reference
    _get_lc_monetary                          - Undefined Weak Reference
    _get_lc_numeric                           - Undefined Weak Reference
    _get_lc_time                              - Undefined Weak Reference
    _getenv_init                              - Undefined Weak Reference
    _handle_redirection                       - Undefined Weak Reference
    _init_alloc                               - Undefined Weak Reference
    _init_user_alloc                          - Undefined Weak Reference
    _initio                                   - Undefined Weak Reference
    _rand_init                                - Undefined Weak Reference
    _signal_finish                            - Undefined Weak Reference
    _signal_init                              - Undefined Weak Reference
    _terminate_alloc                          - Undefined Weak Reference
    _terminate_user_alloc                     - Undefined Weak Reference
    _terminateio                              - Undefined Weak Reference
    __Vectors_Size                           0x000000ec   Number         0  startup_stm32f103xb.o ABSOLUTE
    __Vectors                                0x08000000   Data           4  startup_stm32f103xb.o(RESET)
    __Vectors_End                            0x080000ec   Data           0  startup_stm32f103xb.o(RESET)
    __main                                   0x080000ed   Thumb Code     8  __main.o(!!!main)
    __scatterload                            0x080000f5   Thumb Code     0  __scatter.o(!!!scatter)
    __scatterload_rt2                        0x080000f5   Thumb Code    44  __scatter.o(!!!scatter)
    __scatterload_rt2_thumb_only             0x080000f5   Thumb Code     0  __scatter.o(!!!scatter)
    __scatterload_null                       0x08000103   Thumb Code     0  __scatter.o(!!!scatter)
    __scatterload_copy                       0x08000129   Thumb Code    26  __scatter_copy.o(!!handler_copy)
    __scatterload_zeroinit                   0x08000145   Thumb Code    28  __scatter_zi.o(!!handler_zi)
    __rt_lib_init                            0x08000161   Thumb Code     0  libinit.o(.ARM.Collect$$libinit$$00000000)
    __rt_lib_init_alloca_1                   0x08000163   Thumb Code     0  libinit2.o(.ARM.Collect$$libinit$$0000002E)
    __rt_lib_init_argv_1                     0x08000163   Thumb Code     0  libinit2.o(.ARM.Collect$$libinit$$0000002C)
    __rt_lib_init_atexit_1                   0x08000163   Thumb Code     0  libinit2.o(.ARM.Collect$$libinit$$0000001B)
    __rt_lib_init_clock_1                    0x08000163   Thumb Code     0  libinit2.o(.ARM.Collect$$libinit$$00000021)
    __rt_lib_init_cpp_1                      0x08000163   Thumb Code     0  libinit2.o(.ARM.Collect$$libinit$$00000032)
    __rt_lib_init_exceptions_1               0x08000163   Thumb Code     0  libinit2.o(.ARM.Collect$$libinit$$00000030)
    __rt_lib_init_fp_1                       0x08000163   Thumb Code     0  libinit2.o(.ARM.Collect$$libinit$$00000002)
    __rt_lib_init_fp_trap_1                  0x08000163   Thumb Code     0  libinit2.o(.ARM.Collect$$libinit$$0000001F)
    __rt_lib_init_getenv_1                   0x08000163   Thumb Code     0  libinit2.o(.ARM.Collect$$libinit$$00000023)
    __rt_lib_init_heap_1                     0x08000163   Thumb Code     0  libinit2.o(.ARM.Collect$$libinit$$0000000A)
    __rt_lib_init_lc_collate_1               0x08000163   Thumb Code     0  libinit2.o(.ARM.Collect$$libinit$$00000011)
    __rt_lib_init_lc_ctype_1                 0x08000163   Thumb Code     0  libinit2.o(.ARM.Collect$$libinit$$00000013)
    __rt_lib_init_lc_monetary_1              0x08000163   Thumb Code     0  libinit2.o(.ARM.Collect$$libinit$$00000015)
    __rt_lib_init_lc_numeric_1               0x08000163   Thumb Code     0  libinit2.o(.ARM.Collect$$libinit$$00000017)
    __rt_lib_init_lc_time_1                  0x08000163   Thumb Code     0  libinit2.o(.ARM.Collect$$libinit$$00000019)
    __rt_lib_init_preinit_1                  0x08000163   Thumb Code     0  libinit2.o(.ARM.Collect$$libinit$$00000004)
    __rt_lib_init_rand_1                     0x08000163   Thumb Code     0  libinit2.o(.ARM.Collect$$libinit$$0000000E)
    __rt_lib_init_return                     0x08000163   Thumb Code     0  libinit2.o(.ARM.Collect$$libinit$$00000033)
    __rt_lib_init_signal_1                   0x08000163   Thumb Code     0  libinit2.o(.ARM.Collect$$libinit$$0000001D)
    __rt_lib_init_stdio_1                    0x08000163   Thumb Code     0  libinit2.o(.ARM.Collect$$libinit$$00000025)
    __rt_lib_init_user_alloc_1               0x08000163   Thumb Code     0  libinit2.o(.ARM.Collect$$libinit$$0000000C)
    __rt_lib_shutdown                        0x08000165   Thumb Code     0  libshutdown.o(.ARM.Collect$$libshutdown$$00000000)
    __rt_lib_shutdown_cpp_1                  0x08000167   Thumb Code     0  libshutdown2.o(.ARM.Collect$$libshutdown$$00000004)
    __rt_lib_shutdown_fini_1                 0x08000167   Thumb Code     0  libshutdown2.o(.ARM.Collect$$libshutdown$$00000002)
    __rt_lib_shutdown_fp_trap_1              0x08000167   Thumb Code     0  libshutdown2.o(.ARM.Collect$$libshutdown$$00000009)
    __rt_lib_shutdown_heap_1                 0x08000167   Thumb Code     0  libshutdown2.o(.ARM.Collect$$libshutdown$$00000011)
    __rt_lib_shutdown_return                 0x08000167   Thumb Code     0  libshutdown2.o(.ARM.Collect$$libshutdown$$00000012)
    __rt_lib_shutdown_signal_1               0x08000167   Thumb Code     0  libshutdown2.o(.ARM.Collect$$libshutdown$$0000000C)
    __rt_lib_shutdown_stdio_1                0x08000167   Thumb Code     0  libshutdown2.o(.ARM.Collect$$libshutdown$$00000006)
    __rt_lib_shutdown_user_alloc_1           0x08000167   Thumb Code     0  libshutdown2.o(.ARM.Collect$$libshutdown$$0000000E)
    __rt_entry                               0x08000169   Thumb Code     0  __rtentry.o(.ARM.Collect$$rtentry$$00000000)
    __rt_entry_presh_1                       0x08000169   Thumb Code     0  __rtentry2.o(.ARM.Collect$$rtentry$$00000002)
    __rt_entry_sh                            0x08000169   Thumb Code     0  __rtentry4.o(.ARM.Collect$$rtentry$$00000004)
    __rt_entry_li                            0x0800016f   Thumb Code     0  __rtentry2.o(.ARM.Collect$$rtentry$$0000000A)
    __rt_entry_postsh_1                      0x0800016f   Thumb Code     0  __rtentry2.o(.ARM.Collect$$rtentry$$00000009)
    __rt_entry_main                          0x08000173   Thumb Code     0  __rtentry2.o(.ARM.Collect$$rtentry$$0000000D)
    __rt_entry_postli_1                      0x08000173   Thumb Code     0  __rtentry2.o(.ARM.Collect$$rtentry$$0000000C)
    __rt_exit                                0x0800017b   Thumb Code     0  rtexit.o(.ARM.Collect$$rtexit$$00000000)
    __rt_exit_ls                             0x0800017d   Thumb Code     0  rtexit2.o(.ARM.Collect$$rtexit$$00000003)
    __rt_exit_prels_1                        0x0800017d   Thumb Code     0  rtexit2.o(.ARM.Collect$$rtexit$$00000002)
    __rt_exit_exit                           0x08000181   Thumb Code     0  rtexit2.o(.ARM.Collect$$rtexit$$00000004)
    Reset_Handler                            0x08000189   Thumb Code     4  startup_stm32f103xb.o(.text)
    ADC1_2_IRQHandler                        0x0800019f   Thumb Code     0  startup_stm32f103xb.o(.text)
    CAN1_RX1_IRQHandler                      0x0800019f   Thumb Code     0  startup_stm32f103xb.o(.text)
    CAN1_SCE_IRQHandler                      0x0800019f   Thumb Code     0  startup_stm32f103xb.o(.text)
    DMA1_Channel1_IRQHandler                 0x0800019f   Thumb Code     0  startup_stm32f103xb.o(.text)
    DMA1_Channel2_IRQHandler                 0x0800019f   Thumb Code     0  startup_stm32f103xb.o(.text)
    DMA1_Channel3_IRQHandler                 0x0800019f   Thumb Code     0  startup_stm32f103xb.o(.text)
    DMA1_Channel4_IRQHandler                 0x0800019f   Thumb Code     0  startup_stm32f103xb.o(.text)
    DMA1_Channel5_IRQHandler                 0x0800019f   Thumb Code     0  startup_stm32f103xb.o(.text)
    DMA1_Channel6_IRQHandler                 0x0800019f   Thumb Code     0  startup_stm32f103xb.o(.text)
    DMA1_Channel7_IRQHandler                 0x0800019f   Thumb Code     0  startup_stm32f103xb.o(.text)
    EXTI0_IRQHandler                         0x0800019f   Thumb Code     0  startup_stm32f103xb.o(.text)
    EXTI1_IRQHandler                         0x0800019f   Thumb Code     0  startup_stm32f103xb.o(.text)
    EXTI2_IRQHandler                         0x0800019f   Thumb Code     0  startup_stm32f103xb.o(.text)
    EXTI3_IRQHandler                         0x0800019f   Thumb Code     0  startup_stm32f103xb.o(.text)
    EXTI4_IRQHandler                         0x0800019f   Thumb Code     0  startup_stm32f103xb.o(.text)
    EXTI9_5_IRQHandler                       0x0800019f   Thumb Code     0  startup_stm32f103xb.o(.text)
    FLASH_IRQHandler                         0x0800019f   Thumb Code     0  startup_stm32f103xb.o(.text)
    I2C1_ER_IRQHandler                       0x0800019f   Thumb Code     0  startup_stm32f103xb.o(.text)
    I2C1_EV_IRQHandler                       0x0800019f   Thumb Code     0  startup_stm32f103xb.o(.text)
    I2C2_ER_IRQHandler                       0x0800019f   Thumb Code     0  startup_stm32f103xb.o(.text)
    I2C2_EV_IRQHandler                       0x0800019f   Thumb Code     0  startup_stm32f103xb.o(.text)
    PVD_IRQHandler                           0x0800019f   Thumb Code     0  startup_stm32f103xb.o(.text)
    RCC_IRQHandler                           0x0800019f   Thumb Code     0  startup_stm32f103xb.o(.text)
    RTC_Alarm_IRQHandler                     0x0800019f   Thumb Code     0  startup_stm32f103xb.o(.text)
    RTC_IRQHandler                           0x0800019f   Thumb Code     0  startup_stm32f103xb.o(.text)
    SPI1_IRQHandler                          0x0800019f   Thumb Code     0  startup_stm32f103xb.o(.text)
    SPI2_IRQHandler                          0x0800019f   Thumb Code     0  startup_stm32f103xb.o(.text)
    TAMPER_IRQHandler                        0x0800019f   Thumb Code     0  startup_stm32f103xb.o(.text)
    TIM1_BRK_IRQHandler                      0x0800019f   Thumb Code     0  startup_stm32f103xb.o(.text)
    TIM1_CC_IRQHandler                       0x0800019f   Thumb Code     0  startup_stm32f103xb.o(.text)
    TIM1_TRG_COM_IRQHandler                  0x0800019f   Thumb Code     0  startup_stm32f103xb.o(.text)
    TIM1_UP_IRQHandler                       0x0800019f   Thumb Code     0  startup_stm32f103xb.o(.text)
    TIM2_IRQHandler                          0x0800019f   Thumb Code     0  startup_stm32f103xb.o(.text)
    TIM3_IRQHandler                          0x0800019f   Thumb Code     0  startup_stm32f103xb.o(.text)
    TIM4_IRQHandler                          0x0800019f   Thumb Code     0  startup_stm32f103xb.o(.text)
    USART2_IRQHandler                        0x0800019f   Thumb Code     0  startup_stm32f103xb.o(.text)
    USART3_IRQHandler                        0x0800019f   Thumb Code     0  startup_stm32f103xb.o(.text)
    USBWakeUp_IRQHandler                     0x0800019f   Thumb Code     0  startup_stm32f103xb.o(.text)
    USB_HP_CAN1_TX_IRQHandler                0x0800019f   Thumb Code     0  startup_stm32f103xb.o(.text)
    USB_LP_CAN1_RX0_IRQHandler               0x0800019f   Thumb Code     0  startup_stm32f103xb.o(.text)
    WWDG_IRQHandler                          0x0800019f   Thumb Code     0  startup_stm32f103xb.o(.text)
    __user_initial_stackheap                 0x080001a1   Thumb Code     0  startup_stm32f103xb.o(.text)
    __use_no_semihosting                     0x080001bd   Thumb Code     2  use_no_semi_2.o(.text)
    __aeabi_memclr4                          0x080001bf   Thumb Code     0  rt_memclr_w.o(.text)
    __aeabi_memclr8                          0x080001bf   Thumb Code     0  rt_memclr_w.o(.text)
    __rt_memclr_w                            0x080001bf   Thumb Code    78  rt_memclr_w.o(.text)
    _memset_w                                0x080001c3   Thumb Code     0  rt_memclr_w.o(.text)
    __use_two_region_memory                  0x0800020d   Thumb Code     2  heapauxi.o(.text)
    __rt_heap_escrow$2region                 0x0800020f   Thumb Code     2  heapauxi.o(.text)
    __rt_heap_expand$2region                 0x08000211   Thumb Code     2  heapauxi.o(.text)
    __semihosting$guard                      0x08000213   Thumb Code     0  use_no_semi.o(.text)
    __use_no_semihosting_swi                 0x08000213   Thumb Code     2  use_no_semi.o(.text)
    __read_errno                             0x08000215   Thumb Code    10  _rserrno.o(.text)
    __set_errno                              0x0800021f   Thumb Code    12  _rserrno.o(.text)
    __aeabi_errno_addr                       0x0800022d   Thumb Code     8  rt_errno_addr_intlibspace.o(.text)
    __errno$intlibspace                      0x0800022d   Thumb Code     0  rt_errno_addr_intlibspace.o(.text)
    __rt_errno_addr$intlibspace              0x0800022d   Thumb Code     0  rt_errno_addr_intlibspace.o(.text)
    __user_libspace                          0x08000235   Thumb Code     8  libspace.o(.text)
    __user_perproc_libspace                  0x08000235   Thumb Code     0  libspace.o(.text)
    __user_perthread_libspace                0x08000235   Thumb Code     0  libspace.o(.text)
    __user_setup_stackheap                   0x0800023d   Thumb Code    74  sys_stackheap_outer.o(.text)
    exit                                     0x08000287   Thumb Code    18  exit.o(.text)
    ADC_ConversionStop_Disable               0x08000299   Thumb Code    82  stm32f1xx_hal_adc.o(i.ADC_ConversionStop_Disable)
    ADC_Enable                               0x080002ed   Thumb Code   122  stm32f1xx_hal_adc.o(i.ADC_Enable)
    BusFault_Handler                         0x08000371   Thumb Code     4  stm32f1xx_it.o(i.BusFault_Handler)
    Copy_Color                               0x08000375   Thumb Code    14  rgb.o(i.Copy_Color)
    DebugMon_Handler                         0x08000383   Thumb Code     2  stm32f1xx_it.o(i.DebugMon_Handler)
    Delay_850nS                              0x08000385   Thumb Code    54  rgb.o(i.Delay_850nS)
    EXTI15_10_IRQHandler                     0x080003bd   Thumb Code    20  exti.o(i.EXTI15_10_IRQHandler)
    HAL_ADCEx_Calibration_Start              0x080003d5   Thumb Code   256  stm32f1xx_hal_adc_ex.o(i.HAL_ADCEx_Calibration_Start)
    HAL_ADC_ConfigChannel                    0x080004d9   Thumb Code   338  stm32f1xx_hal_adc.o(i.HAL_ADC_ConfigChannel)
    HAL_ADC_GetValue                         0x08000639   Thumb Code     8  stm32f1xx_hal_adc.o(i.HAL_ADC_GetValue)
    HAL_ADC_Init                             0x08000641   Thumb Code   340  stm32f1xx_hal_adc.o(i.HAL_ADC_Init)
    HAL_ADC_MspInit                          0x080007a1   Thumb Code   120  adc.o(i.HAL_ADC_MspInit)
    HAL_ADC_PollForConversion                0x08000825   Thumb Code   350  stm32f1xx_hal_adc.o(i.HAL_ADC_PollForConversion)
    HAL_ADC_Start                            0x08000995   Thumb Code   294  stm32f1xx_hal_adc.o(i.HAL_ADC_Start)
    HAL_DMA_Abort_IT                         0x08000ac5   Thumb Code   414  stm32f1xx_hal_dma.o(i.HAL_DMA_Abort_IT)
    HAL_GPIO_EXTI_Callback                   0x08000c6d   Thumb Code   152  exti.o(i.HAL_GPIO_EXTI_Callback)
    HAL_GPIO_EXTI_IRQHandler                 0x08000d15   Thumb Code    24  stm32f1xx_hal_gpio.o(i.HAL_GPIO_EXTI_IRQHandler)
    HAL_GPIO_Init                            0x08000d31   Thumb Code   792  stm32f1xx_hal_gpio.o(i.HAL_GPIO_Init)
    HAL_GPIO_ReadPin                         0x08001071   Thumb Code    16  stm32f1xx_hal_gpio.o(i.HAL_GPIO_ReadPin)
    HAL_GPIO_TogglePin                       0x08001081   Thumb Code    20  stm32f1xx_hal_gpio.o(i.HAL_GPIO_TogglePin)
    HAL_GPIO_WritePin                        0x08001095   Thumb Code    12  stm32f1xx_hal_gpio.o(i.HAL_GPIO_WritePin)
    HAL_GetTick                              0x080010a1   Thumb Code     6  stm32f1xx_hal.o(i.HAL_GetTick)
    HAL_IncTick                              0x080010ad   Thumb Code    16  stm32f1xx_hal.o(i.HAL_IncTick)
    HAL_Init                                 0x080010c5   Thumb Code    34  stm32f1xx_hal.o(i.HAL_Init)
    HAL_InitTick                             0x080010ed   Thumb Code    64  stm32f1xx_hal.o(i.HAL_InitTick)
    HAL_MspInit                              0x08001139   Thumb Code     2  stm32f1xx_hal.o(i.HAL_MspInit)
    HAL_NVIC_EnableIRQ                       0x0800113b   Thumb Code    32  stm32f1xx_hal_cortex.o(i.HAL_NVIC_EnableIRQ)
    HAL_NVIC_SetPriority                     0x0800115b   Thumb Code   124  stm32f1xx_hal_cortex.o(i.HAL_NVIC_SetPriority)
    HAL_NVIC_SetPriorityGrouping             0x080011d9   Thumb Code    32  stm32f1xx_hal_cortex.o(i.HAL_NVIC_SetPriorityGrouping)
    HAL_RCCEx_GetPeriphCLKFreq               0x08001201   Thumb Code   276  stm32f1xx_hal_rcc_ex.o(i.HAL_RCCEx_GetPeriphCLKFreq)
    HAL_RCCEx_PeriphCLKConfig                0x08001339   Thumb Code   290  stm32f1xx_hal_rcc_ex.o(i.HAL_RCCEx_PeriphCLKConfig)
    HAL_RCC_ClockConfig                      0x08001469   Thumb Code   376  stm32f1xx_hal_rcc.o(i.HAL_RCC_ClockConfig)
    HAL_RCC_GetHCLKFreq                      0x080015f5   Thumb Code     6  stm32f1xx_hal_rcc.o(i.HAL_RCC_GetHCLKFreq)
    HAL_RCC_GetPCLK1Freq                     0x08001601   Thumb Code    22  stm32f1xx_hal_rcc.o(i.HAL_RCC_GetPCLK1Freq)
    HAL_RCC_GetPCLK2Freq                     0x08001621   Thumb Code    22  stm32f1xx_hal_rcc.o(i.HAL_RCC_GetPCLK2Freq)
    HAL_RCC_GetSysClockFreq                  0x08001641   Thumb Code   116  stm32f1xx_hal_rcc.o(i.HAL_RCC_GetSysClockFreq)
    HAL_RCC_OscConfig                        0x080016d9   Thumb Code  1114  stm32f1xx_hal_rcc.o(i.HAL_RCC_OscConfig)
    HAL_SYSTICK_Config                       0x08001b3d   Thumb Code    52  stm32f1xx_hal_cortex.o(i.HAL_SYSTICK_Config)
    HAL_TIM_PWM_ConfigChannel                0x08001b71   Thumb Code   252  stm32f1xx_hal_tim.o(i.HAL_TIM_PWM_ConfigChannel)
    HAL_TIM_PWM_Init                         0x08001c6d   Thumb Code   102  stm32f1xx_hal_tim.o(i.HAL_TIM_PWM_Init)
    HAL_TIM_PWM_MspInit                      0x08001cd5   Thumb Code   106  gtim.o(i.HAL_TIM_PWM_MspInit)
    HAL_TIM_PWM_Start                        0x08001d4d   Thumb Code   222  stm32f1xx_hal_tim.o(i.HAL_TIM_PWM_Start)
    HAL_UART_ErrorCallback                   0x08001e41   Thumb Code     2  stm32f1xx_hal_uart.o(i.HAL_UART_ErrorCallback)
    HAL_UART_IRQHandler                      0x08001e45   Thumb Code   334  stm32f1xx_hal_uart.o(i.HAL_UART_IRQHandler)
    HAL_UART_Init                            0x08001f99   Thumb Code   114  stm32f1xx_hal_uart.o(i.HAL_UART_Init)
    HAL_UART_MspInit                         0x0800200d   Thumb Code   168  usart.o(i.HAL_UART_MspInit)
    HAL_UART_Receive_IT                      0x080020c1   Thumb Code   112  stm32f1xx_hal_uart.o(i.HAL_UART_Receive_IT)
    HAL_UART_RxCpltCallback                  0x08002131   Thumb Code   120  usart.o(i.HAL_UART_RxCpltCallback)
    HAL_UART_TxCpltCallback                  0x080021b9   Thumb Code     2  stm32f1xx_hal_uart.o(i.HAL_UART_TxCpltCallback)
    HardFault_Handler                        0x080021bb   Thumb Code     4  stm32f1xx_it.o(i.HardFault_Handler)
    LCD_Address_Set                          0x080021bf   Thumb Code    74  lcd_init.o(i.LCD_Address_Set)
    LCD_DrawLine                             0x08002209   Thumb Code   172  lcd.o(i.LCD_DrawLine)
    LCD_DrawPoint                            0x080022b5   Thumb Code    28  lcd.o(i.LCD_DrawPoint)
    LCD_DrawRectangle                        0x080022d1   Thumb Code    74  lcd.o(i.LCD_DrawRectangle)
    LCD_Fill                                 0x0800231b   Thumb Code    74  lcd.o(i.LCD_Fill)
    LCD_GPIO_Init                            0x08002365   Thumb Code    70  lcd_init.o(i.LCD_GPIO_Init)
    LCD_Init                                 0x080023b5   Thumb Code   422  lcd_init.o(i.LCD_Init)
    LCD_ShowChar                             0x08002561   Thumb Code   328  lcd.o(i.LCD_ShowChar)
    LCD_ShowIntNum                           0x080026b9   Thumb Code   150  lcd.o(i.LCD_ShowIntNum)
    LCD_ShowString                           0x0800274f   Thumb Code    66  lcd.o(i.LCD_ShowString)
    LCD_WR_DATA                              0x08002791   Thumb Code    18  lcd_init.o(i.LCD_WR_DATA)
    LCD_WR_DATA8                             0x080027a3   Thumb Code    12  lcd_init.o(i.LCD_WR_DATA8)
    LCD_WR_REG                               0x080027b1   Thumb Code    32  lcd_init.o(i.LCD_WR_REG)
    LCD_Writ_Bus                             0x080027d5   Thumb Code    90  lcd_init.o(i.LCD_Writ_Bus)
    MemManage_Handler                        0x08002835   Thumb Code     4  stm32f1xx_it.o(i.MemManage_Handler)
    NMI_Handler                              0x08002839   Thumb Code     2  stm32f1xx_it.o(i.NMI_Handler)
    PendSV_Handler                           0x0800283b   Thumb Code     2  stm32f1xx_it.o(i.PendSV_Handler)
    SVC_Handler                              0x08002865   Thumb Code     2  stm32f1xx_it.o(i.SVC_Handler)
    SysTick_Handler                          0x08002867   Thumb Code     8  stm32f1xx_it.o(i.SysTick_Handler)
    TIM_Base_SetConfig                       0x08002871   Thumb Code   134  stm32f1xx_hal_tim.o(i.TIM_Base_SetConfig)
    TIM_CCxChannelCmd                        0x0800290d   Thumb Code    34  stm32f1xx_hal_tim.o(i.TIM_CCxChannelCmd)
    TIM_OC2_SetConfig                        0x080029a1   Thumb Code   114  stm32f1xx_hal_tim.o(i.TIM_OC2_SetConfig)
    USART1_IRQHandler                        0x08002d39   Thumb Code    26  usart.o(i.USART1_IRQHandler)
    UsageFault_Handler                       0x08002d5d   Thumb Code     4  stm32f1xx_it.o(i.UsageFault_Handler)
    WS2812B_FillColor                        0x08002d61   Thumb Code    60  rgb.o(i.WS2812B_FillColor)
    WS2812B_Init                             0x08002da1   Thumb Code    72  rgb.o(i.WS2812B_Init)
    WS2812B_RefreshPixel                     0x08002df1   Thumb Code    28  rgb.o(i.WS2812B_RefreshPixel)
    WS2812B_WriteByte                        0x08002e11   Thumb Code   132  rgb.o(i.WS2812B_WriteByte)
    WS2812B_WriteColor                       0x08002e99   Thumb Code    24  rgb.o(i.WS2812B_WriteColor)
    __kernel_poly                            0x08002ee9   Thumb Code   170  poly.o(i.__kernel_poly)
    __mathlib_dbl_divzero                    0x08002f95   Thumb Code    12  dunder.o(i.__mathlib_dbl_divzero)
    __mathlib_dbl_infnan                     0x08002fa5   Thumb Code     6  dunder.o(i.__mathlib_dbl_infnan)
    __mathlib_dbl_invalid                    0x08002fab   Thumb Code    12  dunder.o(i.__mathlib_dbl_invalid)
    _sys_exit                                0x08002fb7   Thumb Code     4  usart.o(i._sys_exit)
    adc_auto_channel                         0x08002fbd   Thumb Code    74  main.o(i.adc_auto_channel)
    adc_channel_set                          0x08003011   Thumb Code    26  adc.o(i.adc_channel_set)
    adc_get_result                           0x0800302d   Thumb Code    40  adc.o(i.adc_get_result)
    adc_get_result_average                   0x08003059   Thumb Code    44  adc.o(i.adc_get_result_average)
    adc_init                                 0x08003085   Thumb Code    48  adc.o(i.adc_init)
    beep_init                                0x080030bd   Thumb Code    76  beep.o(i.beep_init)
    color_init                               0x08003111   Thumb Code    82  main.o(i.color_init)
    delay_init                               0x0800317d   Thumb Code     6  delay.o(i.delay_init)
    delay_ms                                 0x08003189   Thumb Code    18  delay.o(i.delay_ms)
    delay_us                                 0x0800319d   Thumb Code    68  delay.o(i.delay_us)
    draw_table_frame                         0x080031e5   Thumb Code    80  main.o(i.draw_table_frame)
    draw_thick_hline                         0x08003235   Thumb Code    50  main.o(i.draw_thick_hline)
    draw_thick_rectangle                     0x08003267   Thumb Code    72  main.o(i.draw_thick_rectangle)
    draw_thick_vline                         0x080032af   Thumb Code    50  main.o(i.draw_thick_vline)
    exti_init                                0x080032e1   Thumb Code    78  exti.o(i.exti_init)
    fan_init                                 0x0800333d   Thumb Code    76  fan.o(i.fan_init)
    generate_rainbow_color                   0x08003391   Thumb Code   156  main.o(i.generate_rainbow_color)
    get_preres                               0x0800342d   Thumb Code    98  main.o(i.get_preres)
    gtim_timx_pwm_chy_init                   0x080034a9   Thumb Code    76  gtim.o(i.gtim_timx_pwm_chy_init)
    key_init                                 0x080034fd   Thumb Code    66  key.o(i.key_init)
    led_init                                 0x08003549   Thumb Code    78  led.o(i.led_init)
    log                                      0x080035a1   Thumb Code   808  log.o(i.log)
    main                                     0x080038fd   Thumb Code   664  main.o(i.main)
    mypid_init                               0x08003c09   Thumb Code    72  main.o(i.mypid_init)
    mypow                                    0x08003c61   Thumb Code    22  lcd.o(i.mypow)
    pid_calculate                            0x08003c79   Thumb Code   196  main.o(i.pid_calculate)
    pre_temp                                 0x08003d49   Thumb Code   184  main.o(i.pre_temp)
    rgb_change                               0x08003e25   Thumb Code   490  main.o(i.rgb_change)
    seg_init                                 0x08004051   Thumb Code    62  key.o(i.seg_init)
    smooth_temperature                       0x08004099   Thumb Code   162  main.o(i.smooth_temperature)
    sys_stm32_clock_init                     0x08004151   Thumb Code   102  sys.o(i.sys_stm32_clock_init)
    update_display                           0x080041b9   Thumb Code   186  main.o(i.update_display)
    usart_init                               0x0800428d   Thumb Code    44  usart.o(i.usart_init)
    __aeabi_d2f                              0x080042c5   Thumb Code     0  d2f.o(x$fpl$d2f)
    _d2f                                     0x080042c5   Thumb Code    98  d2f.o(x$fpl$d2f)
    __aeabi_dadd                             0x08004329   Thumb Code     0  daddsub_clz.o(x$fpl$dadd)
    _dadd                                    0x08004329   Thumb Code   332  daddsub_clz.o(x$fpl$dadd)
    __fpl_dcheck_NaN1                        0x08004479   Thumb Code    10  dcheck1.o(x$fpl$dcheck1)
    __fpl_dcmp_Inf                           0x08004489   Thumb Code    24  dcmpi.o(x$fpl$dcmpinf)
    __aeabi_ddiv                             0x080044a1   Thumb Code     0  ddiv.o(x$fpl$ddiv)
    _ddiv                                    0x080044a1   Thumb Code   552  ddiv.o(x$fpl$ddiv)
    __aeabi_cdcmpeq                          0x08004751   Thumb Code     0  deqf.o(x$fpl$deqf)
    _dcmpeq                                  0x08004751   Thumb Code   120  deqf.o(x$fpl$deqf)
    __aeabi_d2iz                             0x080047c9   Thumb Code     0  dfix.o(x$fpl$dfix)
    _dfix                                    0x080047c9   Thumb Code    94  dfix.o(x$fpl$dfix)
    __aeabi_i2d                              0x08004827   Thumb Code     0  dflt_clz.o(x$fpl$dflt)
    _dflt                                    0x08004827   Thumb Code    46  dflt_clz.o(x$fpl$dflt)
    __aeabi_ui2d                             0x08004855   Thumb Code     0  dflt_clz.o(x$fpl$dfltu)
    _dfltu                                   0x08004855   Thumb Code    38  dflt_clz.o(x$fpl$dfltu)
    __aeabi_cdcmple                          0x0800487d   Thumb Code     0  dleqf.o(x$fpl$dleqf)
    _dcmple                                  0x0800487d   Thumb Code   120  dleqf.o(x$fpl$dleqf)
    __fpl_dcmple_InfNaN                      0x080048df   Thumb Code     0  dleqf.o(x$fpl$dleqf)
    __aeabi_dmul                             0x080048f5   Thumb Code     0  dmul.o(x$fpl$dmul)
    _dmul                                    0x080048f5   Thumb Code   332  dmul.o(x$fpl$dmul)
    __fpl_dnaninf                            0x08004a49   Thumb Code   156  dnaninf.o(x$fpl$dnaninf)
    __fpl_dretinf                            0x08004ae5   Thumb Code    12  dretinf.o(x$fpl$dretinf)
    __aeabi_cdrcmple                         0x08004af1   Thumb Code     0  drleqf.o(x$fpl$drleqf)
    _drcmple                                 0x08004af1   Thumb Code   108  drleqf.o(x$fpl$drleqf)
    __aeabi_drsub                            0x08004b5d   Thumb Code     0  daddsub_clz.o(x$fpl$drsb)
    _drsb                                    0x08004b5d   Thumb Code    22  daddsub_clz.o(x$fpl$drsb)
    __aeabi_dsub                             0x08004b75   Thumb Code     0  daddsub_clz.o(x$fpl$dsub)
    _dsub                                    0x08004b75   Thumb Code   464  daddsub_clz.o(x$fpl$dsub)
    __aeabi_fadd                             0x08004d49   Thumb Code     0  faddsub_clz.o(x$fpl$fadd)
    _fadd                                    0x08004d49   Thumb Code   196  faddsub_clz.o(x$fpl$fadd)
    __fpl_fcmp_Inf                           0x08004e0d   Thumb Code    24  fcmpi.o(x$fpl$fcmpinf)
    __aeabi_f2iz                             0x08004e25   Thumb Code     0  ffix.o(x$fpl$ffix)
    _ffix                                    0x08004e25   Thumb Code    54  ffix.o(x$fpl$ffix)
    __aeabi_i2f                              0x08004e5d   Thumb Code     0  fflt_clz.o(x$fpl$fflt)
    _fflt                                    0x08004e5d   Thumb Code    48  fflt_clz.o(x$fpl$fflt)
    __aeabi_cfcmple                          0x08004e8d   Thumb Code     0  fleqf.o(x$fpl$fleqf)
    _fcmple                                  0x08004e8d   Thumb Code   104  fleqf.o(x$fpl$fleqf)
    __fpl_fcmple_InfNaN                      0x08004edf   Thumb Code     0  fleqf.o(x$fpl$fleqf)
    __aeabi_fmul                             0x08004ef5   Thumb Code     0  fmul.o(x$fpl$fmul)
    _fmul                                    0x08004ef5   Thumb Code   258  fmul.o(x$fpl$fmul)
    __fpl_fnaninf                            0x08004ff7   Thumb Code   140  fnaninf.o(x$fpl$fnaninf)
    __fpl_fretinf                            0x08005083   Thumb Code    10  fretinf.o(x$fpl$fretinf)
    __aeabi_fsub                             0x0800508d   Thumb Code     0  faddsub_clz.o(x$fpl$fsub)
    _fsub                                    0x0800508d   Thumb Code   234  faddsub_clz.o(x$fpl$fsub)
    __fpl_return_NaN                         0x08005177   Thumb Code   100  retnan.o(x$fpl$retnan)
    __ARM_scalbn                             0x080051db   Thumb Code    92  scalbn.o(x$fpl$scalbn)
    __fpl_cmpreturn                          0x08005237   Thumb Code    48  trapv.o(x$fpl$trapveneer)
    AHBPrescTable                            0x08005266   Data          16  system_stm32f1xx.o(.constdata)
    __I$use$fp                               0x08005266   Number         0  usenofp.o(x$fpl$usenofp)
    APBPrescTable                            0x08005276   Data           8  system_stm32f1xx.o(.constdata)
    ascii_1206                               0x0800527e   Data        1140  lcd.o(.constdata)
    ascii_1608                               0x080056f2   Data        1520  lcd.o(.constdata)
    ascii_2412                               0x08005ce2   Data        4560  lcd.o(.constdata)
    ascii_3216                               0x08006eb2   Data        6080  lcd.o(.constdata)
    tfont12                                  0x08008672   Data         130  lcd.o(.constdata)
    tfont16                                  0x080086f4   Data         170  lcd.o(.constdata)
    tfont24                                  0x0800879e   Data         370  lcd.o(.constdata)
    tfont32                                  0x08008910   Data         650  lcd.o(.constdata)
    __mathlib_zero                           0x08008bd8   Data           8  qnan.o(.constdata)
    Region$$Table$$Base                      0x08008be0   Number         0  anon$$obj.o(Region$$Table)
    Region$$Table$$Limit                     0x08008c00   Number         0  anon$$obj.o(Region$$Table)
    temp_buffer_index                        0x20000000   Data           1  main.o(.data)
    temp_buffer_full                         0x20000001   Data           1  main.o(.data)
    rgb_current_state                        0x20000002   Data           1  main.o(.data)
    rgb_state_changed                        0x20000003   Data           1  main.o(.data)
    SYS_STATE                                0x20000004   Data           1  main.o(.data)
    my_pid_pointer                           0x20000008   Data           4  main.o(.data)
    temp_set                                 0x2000000c   Data           2  main.o(.data)
    pre_temperature                          0x20000010   Data           8  main.o(.data)
    OUT_PWM                                  0x20000018   Data           4  main.o(.data)
    rainbow_index                            0x2000001c   Data           1  main.o(.data)
    rainbow_timer                            0x20000020   Data           4  main.o(.data)
    led_timer                                0x20000024   Data           4  main.o(.data)
    temp1                                    0x20000028   Data           3  main.o(.data)
    temp2                                    0x2000002b   Data           3  main.o(.data)
    temp3                                    0x2000002e   Data           3  main.o(.data)
    temp4                                    0x20000031   Data           3  main.o(.data)
    temp5                                    0x20000034   Data           3  main.o(.data)
    temp6                                    0x20000037   Data           3  main.o(.data)
    SystemCoreClock                          0x20000048   Data           4  system_stm32f1xx.o(.data)
    uwTick                                   0x2000004c   Data           4  stm32f1xx_hal.o(.data)
    uwTickPrio                               0x20000050   Data           4  stm32f1xx_hal.o(.data)
    uwTickFreq                               0x20000054   Data           1  stm32f1xx_hal.o(.data)
    __stdout                                 0x2000005c   Data           4  usart.o(.data)
    g_usart_rx_sta                           0x20000060   Data           2  usart.o(.data)
    g_rx_buffer                              0x20000062   Data           1  usart.o(.data)
    temp_buffer                              0x20000068   Data          80  main.o(.bss)
    myadc_data                               0x200000b8   Data          12  main.o(.bss)
    my_pid                                   0x200000c4   Data          40  main.o(.bss)
    g_usart_rx_buf                           0x200000ec   Data         200  usart.o(.bss)
    g_uart1_handle                           0x200001b4   Data          64  usart.o(.bss)
    g_timx_pwm_chy_handle                    0x200001f4   Data          72  gtim.o(.bss)
    g_adc_handle                             0x2000023c   Data          48  adc.o(.bss)
    PixelBuf                                 0x2000026c   Data          81  rgb.o(.bss)
    __libspace_start                         0x200002c0   Data          96  libspace.o(.bss)
    __temporary_stack_top$libspace           0x20000320   Data           0  libspace.o(.bss)



==============================================================================

Memory Map of the image

  Image Entry point : 0x080000ed

  Load Region LR_IROM1 (Base: 0x08000000, Size: 0x00008c64, Max: 0x00010000, ABSOLUTE)

    Execution Region ER_IROM1 (Exec base: 0x08000000, Load base: 0x08000000, Size: 0x00008c00, Max: 0x00010000, ABSOLUTE)

    Exec Addr    Load Addr    Size         Type   Attr      Idx    E Section Name        Object

    0x08000000   0x08000000   0x000000ec   Data   RO            3    RESET               startup_stm32f103xb.o
    0x080000ec   0x080000ec   0x00000008   Code   RO         3667  * !!!main             c_w.l(__main.o)
    0x080000f4   0x080000f4   0x00000034   Code   RO         3928    !!!scatter          c_w.l(__scatter.o)
    0x08000128   0x08000128   0x0000001a   Code   RO         3930    !!handler_copy      c_w.l(__scatter_copy.o)
    0x08000142   0x08000142   0x00000002   PAD
    0x08000144   0x08000144   0x0000001c   Code   RO         3932    !!handler_zi        c_w.l(__scatter_zi.o)
    0x08000160   0x08000160   0x00000002   Code   RO         3804    .ARM.Collect$$libinit$$00000000  c_w.l(libinit.o)
    0x08000162   0x08000162   0x00000000   Code   RO         3810    .ARM.Collect$$libinit$$00000002  c_w.l(libinit2.o)
    0x08000162   0x08000162   0x00000000   Code   RO         3812    .ARM.Collect$$libinit$$00000004  c_w.l(libinit2.o)
    0x08000162   0x08000162   0x00000000   Code   RO         3815    .ARM.Collect$$libinit$$0000000A  c_w.l(libinit2.o)
    0x08000162   0x08000162   0x00000000   Code   RO         3817    .ARM.Collect$$libinit$$0000000C  c_w.l(libinit2.o)
    0x08000162   0x08000162   0x00000000   Code   RO         3819    .ARM.Collect$$libinit$$0000000E  c_w.l(libinit2.o)
    0x08000162   0x08000162   0x00000000   Code   RO         3822    .ARM.Collect$$libinit$$00000011  c_w.l(libinit2.o)
    0x08000162   0x08000162   0x00000000   Code   RO         3824    .ARM.Collect$$libinit$$00000013  c_w.l(libinit2.o)
    0x08000162   0x08000162   0x00000000   Code   RO         3826    .ARM.Collect$$libinit$$00000015  c_w.l(libinit2.o)
    0x08000162   0x08000162   0x00000000   Code   RO         3828    .ARM.Collect$$libinit$$00000017  c_w.l(libinit2.o)
    0x08000162   0x08000162   0x00000000   Code   RO         3830    .ARM.Collect$$libinit$$00000019  c_w.l(libinit2.o)
    0x08000162   0x08000162   0x00000000   Code   RO         3832    .ARM.Collect$$libinit$$0000001B  c_w.l(libinit2.o)
    0x08000162   0x08000162   0x00000000   Code   RO         3834    .ARM.Collect$$libinit$$0000001D  c_w.l(libinit2.o)
    0x08000162   0x08000162   0x00000000   Code   RO         3836    .ARM.Collect$$libinit$$0000001F  c_w.l(libinit2.o)
    0x08000162   0x08000162   0x00000000   Code   RO         3838    .ARM.Collect$$libinit$$00000021  c_w.l(libinit2.o)
    0x08000162   0x08000162   0x00000000   Code   RO         3840    .ARM.Collect$$libinit$$00000023  c_w.l(libinit2.o)
    0x08000162   0x08000162   0x00000000   Code   RO         3842    .ARM.Collect$$libinit$$00000025  c_w.l(libinit2.o)
    0x08000162   0x08000162   0x00000000   Code   RO         3846    .ARM.Collect$$libinit$$0000002C  c_w.l(libinit2.o)
    0x08000162   0x08000162   0x00000000   Code   RO         3848    .ARM.Collect$$libinit$$0000002E  c_w.l(libinit2.o)
    0x08000162   0x08000162   0x00000000   Code   RO         3850    .ARM.Collect$$libinit$$00000030  c_w.l(libinit2.o)
    0x08000162   0x08000162   0x00000000   Code   RO         3852    .ARM.Collect$$libinit$$00000032  c_w.l(libinit2.o)
    0x08000162   0x08000162   0x00000002   Code   RO         3853    .ARM.Collect$$libinit$$00000033  c_w.l(libinit2.o)
    0x08000164   0x08000164   0x00000002   Code   RO         3873    .ARM.Collect$$libshutdown$$00000000  c_w.l(libshutdown.o)
    0x08000166   0x08000166   0x00000000   Code   RO         3881    .ARM.Collect$$libshutdown$$00000002  c_w.l(libshutdown2.o)
    0x08000166   0x08000166   0x00000000   Code   RO         3883    .ARM.Collect$$libshutdown$$00000004  c_w.l(libshutdown2.o)
    0x08000166   0x08000166   0x00000000   Code   RO         3885    .ARM.Collect$$libshutdown$$00000006  c_w.l(libshutdown2.o)
    0x08000166   0x08000166   0x00000000   Code   RO         3888    .ARM.Collect$$libshutdown$$00000009  c_w.l(libshutdown2.o)
    0x08000166   0x08000166   0x00000000   Code   RO         3891    .ARM.Collect$$libshutdown$$0000000C  c_w.l(libshutdown2.o)
    0x08000166   0x08000166   0x00000000   Code   RO         3893    .ARM.Collect$$libshutdown$$0000000E  c_w.l(libshutdown2.o)
    0x08000166   0x08000166   0x00000000   Code   RO         3896    .ARM.Collect$$libshutdown$$00000011  c_w.l(libshutdown2.o)
    0x08000166   0x08000166   0x00000002   Code   RO         3897    .ARM.Collect$$libshutdown$$00000012  c_w.l(libshutdown2.o)
    0x08000168   0x08000168   0x00000000   Code   RO         3733    .ARM.Collect$$rtentry$$00000000  c_w.l(__rtentry.o)
    0x08000168   0x08000168   0x00000000   Code   RO         3771    .ARM.Collect$$rtentry$$00000002  c_w.l(__rtentry2.o)
    0x08000168   0x08000168   0x00000006   Code   RO         3783    .ARM.Collect$$rtentry$$00000004  c_w.l(__rtentry4.o)
    0x0800016e   0x0800016e   0x00000000   Code   RO         3773    .ARM.Collect$$rtentry$$00000009  c_w.l(__rtentry2.o)
    0x0800016e   0x0800016e   0x00000004   Code   RO         3774    .ARM.Collect$$rtentry$$0000000A  c_w.l(__rtentry2.o)
    0x08000172   0x08000172   0x00000000   Code   RO         3776    .ARM.Collect$$rtentry$$0000000C  c_w.l(__rtentry2.o)
    0x08000172   0x08000172   0x00000008   Code   RO         3777    .ARM.Collect$$rtentry$$0000000D  c_w.l(__rtentry2.o)
    0x0800017a   0x0800017a   0x00000002   Code   RO         3807    .ARM.Collect$$rtexit$$00000000  c_w.l(rtexit.o)
    0x0800017c   0x0800017c   0x00000000   Code   RO         3857    .ARM.Collect$$rtexit$$00000002  c_w.l(rtexit2.o)
    0x0800017c   0x0800017c   0x00000004   Code   RO         3858    .ARM.Collect$$rtexit$$00000003  c_w.l(rtexit2.o)
    0x08000180   0x08000180   0x00000006   Code   RO         3859    .ARM.Collect$$rtexit$$00000004  c_w.l(rtexit2.o)
    0x08000186   0x08000186   0x00000002   PAD
    0x08000188   0x08000188   0x00000034   Code   RO            4    .text               startup_stm32f103xb.o
    0x080001bc   0x080001bc   0x00000002   Code   RO         3661    .text               c_w.l(use_no_semi_2.o)
    0x080001be   0x080001be   0x0000004e   Code   RO         3663    .text               c_w.l(rt_memclr_w.o)
    0x0800020c   0x0800020c   0x00000006   Code   RO         3665    .text               c_w.l(heapauxi.o)
    0x08000212   0x08000212   0x00000002   Code   RO         3731    .text               c_w.l(use_no_semi.o)
    0x08000214   0x08000214   0x00000016   Code   RO         3734    .text               c_w.l(_rserrno.o)
    0x0800022a   0x0800022a   0x00000002   PAD
    0x0800022c   0x0800022c   0x00000008   Code   RO         3788    .text               c_w.l(rt_errno_addr_intlibspace.o)
    0x08000234   0x08000234   0x00000008   Code   RO         3792    .text               c_w.l(libspace.o)
    0x0800023c   0x0800023c   0x0000004a   Code   RO         3795    .text               c_w.l(sys_stackheap_outer.o)
    0x08000286   0x08000286   0x00000012   Code   RO         3797    .text               c_w.l(exit.o)
    0x08000298   0x08000298   0x00000052   Code   RO         2683    i.ADC_ConversionStop_Disable  stm32f1xx_hal_adc.o
    0x080002ea   0x080002ea   0x00000002   PAD
    0x080002ec   0x080002ec   0x00000084   Code   RO         2687    i.ADC_Enable        stm32f1xx_hal_adc.o
    0x08000370   0x08000370   0x00000004   Code   RO          354    i.BusFault_Handler  stm32f1xx_it.o
    0x08000374   0x08000374   0x0000000e   Code   RO         3559    i.Copy_Color        rgb.o
    0x08000382   0x08000382   0x00000002   Code   RO          355    i.DebugMon_Handler  stm32f1xx_it.o
    0x08000384   0x08000384   0x00000036   Code   RO         3561    i.Delay_850nS       rgb.o
    0x080003ba   0x080003ba   0x00000002   PAD
    0x080003bc   0x080003bc   0x00000018   Code   RO         3405    i.EXTI15_10_IRQHandler  exti.o
    0x080003d4   0x080003d4   0x00000104   Code   RO         2863    i.HAL_ADCEx_Calibration_Start  stm32f1xx_hal_adc_ex.o
    0x080004d8   0x080004d8   0x00000160   Code   RO         2689    i.HAL_ADC_ConfigChannel  stm32f1xx_hal_adc.o
    0x08000638   0x08000638   0x00000008   Code   RO         2696    i.HAL_ADC_GetValue  stm32f1xx_hal_adc.o
    0x08000640   0x08000640   0x00000160   Code   RO         2698    i.HAL_ADC_Init      stm32f1xx_hal_adc.o
    0x080007a0   0x080007a0   0x00000084   Code   RO         3508    i.HAL_ADC_MspInit   adc.o
    0x08000824   0x08000824   0x00000170   Code   RO         2702    i.HAL_ADC_PollForConversion  stm32f1xx_hal_adc.o
    0x08000994   0x08000994   0x00000130   Code   RO         2704    i.HAL_ADC_Start     stm32f1xx_hal_adc.o
    0x08000ac4   0x08000ac4   0x000001a8   Code   RO          764    i.HAL_DMA_Abort_IT  stm32f1xx_hal_dma.o
    0x08000c6c   0x08000c6c   0x000000a8   Code   RO         3406    i.HAL_GPIO_EXTI_Callback  exti.o
    0x08000d14   0x08000d14   0x0000001c   Code   RO          859    i.HAL_GPIO_EXTI_IRQHandler  stm32f1xx_hal_gpio.o
    0x08000d30   0x08000d30   0x00000340   Code   RO          860    i.HAL_GPIO_Init     stm32f1xx_hal_gpio.o
    0x08001070   0x08001070   0x00000010   Code   RO          862    i.HAL_GPIO_ReadPin  stm32f1xx_hal_gpio.o
    0x08001080   0x08001080   0x00000014   Code   RO          863    i.HAL_GPIO_TogglePin  stm32f1xx_hal_gpio.o
    0x08001094   0x08001094   0x0000000c   Code   RO          864    i.HAL_GPIO_WritePin  stm32f1xx_hal_gpio.o
    0x080010a0   0x080010a0   0x0000000c   Code   RO          477    i.HAL_GetTick       stm32f1xx_hal.o
    0x080010ac   0x080010ac   0x00000018   Code   RO          483    i.HAL_IncTick       stm32f1xx_hal.o
    0x080010c4   0x080010c4   0x00000028   Code   RO          484    i.HAL_Init          stm32f1xx_hal.o
    0x080010ec   0x080010ec   0x0000004c   Code   RO          485    i.HAL_InitTick      stm32f1xx_hal.o
    0x08001138   0x08001138   0x00000002   Code   RO          487    i.HAL_MspInit       stm32f1xx_hal.o
    0x0800113a   0x0800113a   0x00000020   Code   RO          642    i.HAL_NVIC_EnableIRQ  stm32f1xx_hal_cortex.o
    0x0800115a   0x0800115a   0x0000007c   Code   RO          648    i.HAL_NVIC_SetPriority  stm32f1xx_hal_cortex.o
    0x080011d6   0x080011d6   0x00000002   PAD
    0x080011d8   0x080011d8   0x00000028   Code   RO          649    i.HAL_NVIC_SetPriorityGrouping  stm32f1xx_hal_cortex.o
    0x08001200   0x08001200   0x00000138   Code   RO         1067    i.HAL_RCCEx_GetPeriphCLKFreq  stm32f1xx_hal_rcc_ex.o
    0x08001338   0x08001338   0x00000130   Code   RO         1068    i.HAL_RCCEx_PeriphCLKConfig  stm32f1xx_hal_rcc_ex.o
    0x08001468   0x08001468   0x0000018c   Code   RO          960    i.HAL_RCC_ClockConfig  stm32f1xx_hal_rcc.o
    0x080015f4   0x080015f4   0x0000000c   Code   RO          965    i.HAL_RCC_GetHCLKFreq  stm32f1xx_hal_rcc.o
    0x08001600   0x08001600   0x00000020   Code   RO          967    i.HAL_RCC_GetPCLK1Freq  stm32f1xx_hal_rcc.o
    0x08001620   0x08001620   0x00000020   Code   RO          968    i.HAL_RCC_GetPCLK2Freq  stm32f1xx_hal_rcc.o
    0x08001640   0x08001640   0x00000098   Code   RO          969    i.HAL_RCC_GetSysClockFreq  stm32f1xx_hal_rcc.o
    0x080016d8   0x080016d8   0x00000464   Code   RO          972    i.HAL_RCC_OscConfig  stm32f1xx_hal_rcc.o
    0x08001b3c   0x08001b3c   0x00000034   Code   RO          653    i.HAL_SYSTICK_Config  stm32f1xx_hal_cortex.o
    0x08001b70   0x08001b70   0x000000fc   Code   RO         1773    i.HAL_TIM_PWM_ConfigChannel  stm32f1xx_hal_tim.o
    0x08001c6c   0x08001c6c   0x00000066   Code   RO         1776    i.HAL_TIM_PWM_Init  stm32f1xx_hal_tim.o
    0x08001cd2   0x08001cd2   0x00000002   PAD
    0x08001cd4   0x08001cd4   0x00000078   Code   RO         3472    i.HAL_TIM_PWM_MspInit  gtim.o
    0x08001d4c   0x08001d4c   0x000000f4   Code   RO         1781    i.HAL_TIM_PWM_Start  stm32f1xx_hal_tim.o
    0x08001e40   0x08001e40   0x00000002   Code   RO         1123    i.HAL_UART_ErrorCallback  stm32f1xx_hal_uart.o
    0x08001e42   0x08001e42   0x00000002   PAD
    0x08001e44   0x08001e44   0x00000154   Code   RO         1126    i.HAL_UART_IRQHandler  stm32f1xx_hal_uart.o
    0x08001f98   0x08001f98   0x00000072   Code   RO         1127    i.HAL_UART_Init     stm32f1xx_hal_uart.o
    0x0800200a   0x0800200a   0x00000002   PAD
    0x0800200c   0x0800200c   0x000000b4   Code   RO         3076    i.HAL_UART_MspInit  usart.o
    0x080020c0   0x080020c0   0x00000070   Code   RO         1132    i.HAL_UART_Receive_IT  stm32f1xx_hal_uart.o
    0x08002130   0x08002130   0x00000088   Code   RO         3077    i.HAL_UART_RxCpltCallback  usart.o
    0x080021b8   0x080021b8   0x00000002   Code   RO         1138    i.HAL_UART_TxCpltCallback  stm32f1xx_hal_uart.o
    0x080021ba   0x080021ba   0x00000004   Code   RO          356    i.HardFault_Handler  stm32f1xx_it.o
    0x080021be   0x080021be   0x0000004a   Code   RO         3321    i.LCD_Address_Set   lcd_init.o
    0x08002208   0x08002208   0x000000ac   Code   RO         3202    i.LCD_DrawLine      lcd.o
    0x080022b4   0x080022b4   0x0000001c   Code   RO         3203    i.LCD_DrawPoint     lcd.o
    0x080022d0   0x080022d0   0x0000004a   Code   RO         3204    i.LCD_DrawRectangle  lcd.o
    0x0800231a   0x0800231a   0x0000004a   Code   RO         3205    i.LCD_Fill          lcd.o
    0x08002364   0x08002364   0x00000050   Code   RO         3322    i.LCD_GPIO_Init     lcd_init.o
    0x080023b4   0x080023b4   0x000001ac   Code   RO         3323    i.LCD_Init          lcd_init.o
    0x08002560   0x08002560   0x00000158   Code   RO         3206    i.LCD_ShowChar      lcd.o
    0x080026b8   0x080026b8   0x00000096   Code   RO         3213    i.LCD_ShowIntNum    lcd.o
    0x0800274e   0x0800274e   0x00000042   Code   RO         3215    i.LCD_ShowString    lcd.o
    0x08002790   0x08002790   0x00000012   Code   RO         3324    i.LCD_WR_DATA       lcd_init.o
    0x080027a2   0x080027a2   0x0000000c   Code   RO         3325    i.LCD_WR_DATA8      lcd_init.o
    0x080027ae   0x080027ae   0x00000002   PAD
    0x080027b0   0x080027b0   0x00000024   Code   RO         3326    i.LCD_WR_REG        lcd_init.o
    0x080027d4   0x080027d4   0x00000060   Code   RO         3327    i.LCD_Writ_Bus      lcd_init.o
    0x08002834   0x08002834   0x00000004   Code   RO          357    i.MemManage_Handler  stm32f1xx_it.o
    0x08002838   0x08002838   0x00000002   Code   RO          358    i.NMI_Handler       stm32f1xx_it.o
    0x0800283a   0x0800283a   0x00000002   Code   RO          359    i.PendSV_Handler    stm32f1xx_it.o
    0x0800283c   0x0800283c   0x00000028   Code   RO          973    i.RCC_Delay         stm32f1xx_hal_rcc.o
    0x08002864   0x08002864   0x00000002   Code   RO          360    i.SVC_Handler       stm32f1xx_it.o
    0x08002866   0x08002866   0x00000008   Code   RO          361    i.SysTick_Handler   stm32f1xx_it.o
    0x0800286e   0x0800286e   0x00000002   PAD
    0x08002870   0x08002870   0x0000009c   Code   RO         1794    i.TIM_Base_SetConfig  stm32f1xx_hal_tim.o
    0x0800290c   0x0800290c   0x00000022   Code   RO         1795    i.TIM_CCxChannelCmd  stm32f1xx_hal_tim.o
    0x0800292e   0x0800292e   0x00000002   PAD
    0x08002930   0x08002930   0x00000070   Code   RO         1807    i.TIM_OC1_SetConfig  stm32f1xx_hal_tim.o
    0x080029a0   0x080029a0   0x0000007c   Code   RO         1808    i.TIM_OC2_SetConfig  stm32f1xx_hal_tim.o
    0x08002a1c   0x08002a1c   0x00000078   Code   RO         1809    i.TIM_OC3_SetConfig  stm32f1xx_hal_tim.o
    0x08002a94   0x08002a94   0x00000054   Code   RO         1810    i.TIM_OC4_SetConfig  stm32f1xx_hal_tim.o
    0x08002ae8   0x08002ae8   0x00000014   Code   RO         1140    i.UART_DMAAbortOnError  stm32f1xx_hal_uart.o
    0x08002afc   0x08002afc   0x00000020   Code   RO         1150    i.UART_EndRxTransfer  stm32f1xx_hal_uart.o
    0x08002b1c   0x08002b1c   0x00000020   Code   RO         1151    i.UART_EndTransmit_IT  stm32f1xx_hal_uart.o
    0x08002b3c   0x08002b3c   0x000000a0   Code   RO         1153    i.UART_Receive_IT   stm32f1xx_hal_uart.o
    0x08002bdc   0x08002bdc   0x000000fc   Code   RO         1154    i.UART_SetConfig    stm32f1xx_hal_uart.o
    0x08002cd8   0x08002cd8   0x00000060   Code   RO         1155    i.UART_Transmit_IT  stm32f1xx_hal_uart.o
    0x08002d38   0x08002d38   0x00000024   Code   RO         3078    i.USART1_IRQHandler  usart.o
    0x08002d5c   0x08002d5c   0x00000004   Code   RO          362    i.UsageFault_Handler  stm32f1xx_it.o
    0x08002d60   0x08002d60   0x00000040   Code   RO         3562    i.WS2812B_FillColor  rgb.o
    0x08002da0   0x08002da0   0x00000050   Code   RO         3563    i.WS2812B_Init      rgb.o
    0x08002df0   0x08002df0   0x00000020   Code   RO         3565    i.WS2812B_RefreshPixel  rgb.o
    0x08002e10   0x08002e10   0x00000088   Code   RO         3570    i.WS2812B_WriteByte  rgb.o
    0x08002e98   0x08002e98   0x00000018   Code   RO         3571    i.WS2812B_WriteColor  rgb.o
    0x08002eb0   0x08002eb0   0x00000010   Code   RO          655    i.__NVIC_GetPriorityGrouping  stm32f1xx_hal_cortex.o
    0x08002ec0   0x08002ec0   0x00000028   Code   RO          656    i.__NVIC_SetPriority  stm32f1xx_hal_cortex.o
    0x08002ee8   0x08002ee8   0x000000aa   Code   RO         3767    i.__kernel_poly     m_ws.l(poly.o)
    0x08002f92   0x08002f92   0x00000002   PAD
    0x08002f94   0x08002f94   0x00000010   Code   RO         3753    i.__mathlib_dbl_divzero  m_ws.l(dunder.o)
    0x08002fa4   0x08002fa4   0x00000006   Code   RO         3754    i.__mathlib_dbl_infnan  m_ws.l(dunder.o)
    0x08002faa   0x08002faa   0x0000000c   Code   RO         3756    i.__mathlib_dbl_invalid  m_ws.l(dunder.o)
    0x08002fb6   0x08002fb6   0x00000004   Code   RO         3080    i._sys_exit         usart.o
    0x08002fba   0x08002fba   0x00000002   PAD
    0x08002fbc   0x08002fbc   0x00000054   Code   RO           13    i.adc_auto_channel  main.o
    0x08003010   0x08003010   0x0000001a   Code   RO         3509    i.adc_channel_set   adc.o
    0x0800302a   0x0800302a   0x00000002   PAD
    0x0800302c   0x0800302c   0x0000002c   Code   RO         3510    i.adc_get_result    adc.o
    0x08003058   0x08003058   0x0000002c   Code   RO         3511    i.adc_get_result_average  adc.o
    0x08003084   0x08003084   0x00000038   Code   RO         3512    i.adc_init          adc.o
    0x080030bc   0x080030bc   0x00000054   Code   RO         3177    i.beep_init         beep.o
    0x08003110   0x08003110   0x0000006c   Code   RO           14    i.color_init        main.o
    0x0800317c   0x0800317c   0x0000000c   Code   RO         3033    i.delay_init        delay.o
    0x08003188   0x08003188   0x00000012   Code   RO         3034    i.delay_ms          delay.o
    0x0800319a   0x0800319a   0x00000002   PAD
    0x0800319c   0x0800319c   0x00000048   Code   RO         3035    i.delay_us          delay.o
    0x080031e4   0x080031e4   0x00000050   Code   RO           15    i.draw_table_frame  main.o
    0x08003234   0x08003234   0x00000032   Code   RO           16    i.draw_thick_hline  main.o
    0x08003266   0x08003266   0x00000048   Code   RO           17    i.draw_thick_rectangle  main.o
    0x080032ae   0x080032ae   0x00000032   Code   RO           18    i.draw_thick_vline  main.o
    0x080032e0   0x080032e0   0x0000005c   Code   RO         3407    i.exti_init         exti.o
    0x0800333c   0x0800333c   0x00000054   Code   RO         3381    i.fan_init          fan.o
    0x08003390   0x08003390   0x0000009c   Code   RO           19    i.generate_rainbow_color  main.o
    0x0800342c   0x0800342c   0x0000007c   Code   RO           20    i.get_preres        main.o
    0x080034a8   0x080034a8   0x00000054   Code   RO         3473    i.gtim_timx_pwm_chy_init  gtim.o
    0x080034fc   0x080034fc   0x0000004c   Code   RO         3442    i.key_init          key.o
    0x08003548   0x08003548   0x00000058   Code   RO         3153    i.led_init          led.o
    0x080035a0   0x080035a0   0x0000035c   Code   RO         3722    i.log               m_ws.l(log.o)
    0x080038fc   0x080038fc   0x0000030c   Code   RO           21    i.main              main.o
    0x08003c08   0x08003c08   0x00000058   Code   RO           22    i.mypid_init        main.o
    0x08003c60   0x08003c60   0x00000016   Code   RO         3216    i.mypow             lcd.o
    0x08003c76   0x08003c76   0x00000002   PAD
    0x08003c78   0x08003c78   0x000000d0   Code   RO           23    i.pid_calculate     main.o
    0x08003d48   0x08003d48   0x000000dc   Code   RO           24    i.pre_temp          main.o
    0x08003e24   0x08003e24   0x0000022c   Code   RO           25    i.rgb_change        main.o
    0x08004050   0x08004050   0x00000048   Code   RO         3443    i.seg_init          key.o
    0x08004098   0x08004098   0x000000b8   Code   RO           26    i.smooth_temperature  main.o
    0x08004150   0x08004150   0x00000066   Code   RO         2965    i.sys_stm32_clock_init  sys.o
    0x080041b6   0x080041b6   0x00000002   PAD
    0x080041b8   0x080041b8   0x000000d4   Code   RO           27    i.update_display    main.o
    0x0800428c   0x0800428c   0x00000038   Code   RO         3083    i.usart_init        usart.o
    0x080042c4   0x080042c4   0x00000062   Code   RO         3669    x$fpl$d2f           fz_ws.l(d2f.o)
    0x08004326   0x08004326   0x00000002   PAD
    0x08004328   0x08004328   0x00000150   Code   RO         3671    x$fpl$dadd          fz_ws.l(daddsub_clz.o)
    0x08004478   0x08004478   0x00000010   Code   RO         3790    x$fpl$dcheck1       fz_ws.l(dcheck1.o)
    0x08004488   0x08004488   0x00000018   Code   RO         3736    x$fpl$dcmpinf       fz_ws.l(dcmpi.o)
    0x080044a0   0x080044a0   0x000002b0   Code   RO         3678    x$fpl$ddiv          fz_ws.l(ddiv.o)
    0x08004750   0x08004750   0x00000078   Code   RO         3738    x$fpl$deqf          fz_ws.l(deqf.o)
    0x080047c8   0x080047c8   0x0000005e   Code   RO         3681    x$fpl$dfix          fz_ws.l(dfix.o)
    0x08004826   0x08004826   0x0000002e   Code   RO         3686    x$fpl$dflt          fz_ws.l(dflt_clz.o)
    0x08004854   0x08004854   0x00000026   Code   RO         3685    x$fpl$dfltu         fz_ws.l(dflt_clz.o)
    0x0800487a   0x0800487a   0x00000002   PAD
    0x0800487c   0x0800487c   0x00000078   Code   RO         3691    x$fpl$dleqf         fz_ws.l(dleqf.o)
    0x080048f4   0x080048f4   0x00000154   Code   RO         3693    x$fpl$dmul          fz_ws.l(dmul.o)
    0x08004a48   0x08004a48   0x0000009c   Code   RO         3740    x$fpl$dnaninf       fz_ws.l(dnaninf.o)
    0x08004ae4   0x08004ae4   0x0000000c   Code   RO         3742    x$fpl$dretinf       fz_ws.l(dretinf.o)
    0x08004af0   0x08004af0   0x0000006c   Code   RO         3695    x$fpl$drleqf        fz_ws.l(drleqf.o)
    0x08004b5c   0x08004b5c   0x00000016   Code   RO         3672    x$fpl$drsb          fz_ws.l(daddsub_clz.o)
    0x08004b72   0x08004b72   0x00000002   PAD
    0x08004b74   0x08004b74   0x000001d4   Code   RO         3673    x$fpl$dsub          fz_ws.l(daddsub_clz.o)
    0x08004d48   0x08004d48   0x000000c4   Code   RO         3697    x$fpl$fadd          fz_ws.l(faddsub_clz.o)
    0x08004e0c   0x08004e0c   0x00000018   Code   RO         3744    x$fpl$fcmpinf       fz_ws.l(fcmpi.o)
    0x08004e24   0x08004e24   0x00000036   Code   RO         3703    x$fpl$ffix          fz_ws.l(ffix.o)
    0x08004e5a   0x08004e5a   0x00000002   PAD
    0x08004e5c   0x08004e5c   0x00000030   Code   RO         3712    x$fpl$fflt          fz_ws.l(fflt_clz.o)
    0x08004e8c   0x08004e8c   0x00000068   Code   RO         3717    x$fpl$fleqf         fz_ws.l(fleqf.o)
    0x08004ef4   0x08004ef4   0x00000102   Code   RO         3719    x$fpl$fmul          fz_ws.l(fmul.o)
    0x08004ff6   0x08004ff6   0x0000008c   Code   RO         3746    x$fpl$fnaninf       fz_ws.l(fnaninf.o)
    0x08005082   0x08005082   0x0000000a   Code   RO         3748    x$fpl$fretinf       fz_ws.l(fretinf.o)
    0x0800508c   0x0800508c   0x000000ea   Code   RO         3699    x$fpl$fsub          fz_ws.l(faddsub_clz.o)
    0x08005176   0x08005176   0x00000064   Code   RO         3805    x$fpl$retnan        fz_ws.l(retnan.o)
    0x080051da   0x080051da   0x0000005c   Code   RO         3750    x$fpl$scalbn        fz_ws.l(scalbn.o)
    0x08005236   0x08005236   0x00000030   Code   RO         3854    x$fpl$trapveneer    fz_ws.l(trapv.o)
    0x08005266   0x08005266   0x00000000   Code   RO         3752    x$fpl$usenofp       fz_ws.l(usenofp.o)
    0x08005266   0x08005266   0x00000018   Data   RO          431    .constdata          system_stm32f1xx.o
    0x0800527e   0x0800527e   0x0000391c   Data   RO         3217    .constdata          lcd.o
    0x08008b9a   0x08008b9a   0x00000006   PAD
    0x08008ba0   0x08008ba0   0x00000038   Data   RO         3723    .constdata          m_ws.l(log.o)
    0x08008bd8   0x08008bd8   0x00000008   Data   RO         3769    .constdata          m_ws.l(qnan.o)
    0x08008be0   0x08008be0   0x00000020   Data   RO         3926    Region$$Table       anon$$obj.o


    Execution Region RW_IRAM1 (Exec base: 0x20000000, Load base: 0x08008c00, Size: 0x00000720, Max: 0x00005000, ABSOLUTE)

    Exec Addr    Load Addr    Size         Type   Attr      Idx    E Section Name        Object

    0x20000000   0x08008c00   0x00000048   Data   RW           30    .data               main.o
    0x20000048   0x08008c48   0x00000004   Data   RW          432    .data               system_stm32f1xx.o
    0x2000004c   0x08008c4c   0x00000009   Data   RW          491    .data               stm32f1xx_hal.o
    0x20000055   0x08008c55   0x00000003   PAD
    0x20000058   0x08008c58   0x00000004   Data   RW         3036    .data               delay.o
    0x2000005c   0x08008c5c   0x00000007   Data   RW         3085    .data               usart.o
    0x20000063   0x08008c63   0x00000005   PAD
    0x20000068        -       0x00000084   Zero   RW           28    .bss                main.o
    0x200000ec        -       0x00000108   Zero   RW         3084    .bss                usart.o
    0x200001f4        -       0x00000048   Zero   RW         3474    .bss                gtim.o
    0x2000023c        -       0x00000030   Zero   RW         3513    .bss                adc.o
    0x2000026c        -       0x00000051   Zero   RW         3572    .bss                rgb.o
    0x200002bd   0x08008c63   0x00000003   PAD
    0x200002c0        -       0x00000060   Zero   RW         3793    .bss                c_w.l(libspace.o)
    0x20000320        -       0x00000000   Zero   RW            2    HEAP                startup_stm32f103xb.o
    0x20000320        -       0x00000400   Zero   RW            1    STACK               startup_stm32f103xb.o


==============================================================================

Image component sizes


      Code (inc. data)   RO Data    RW Data    ZI Data      Debug   Object Name

       302         24          0          0         48       3828   adc.o
        84          8          0          0          0        924   beep.o
       102         10          0          4          0       1955   delay.o
       284         34          0          0          0       2293   exti.o
        84          8          0          0          0        911   fan.o
       204         22          0          0         72       2047   gtim.o
       148         20          0          0          0       1514   key.o
       930         16      14620          0          0       8393   lcd.o
       744         26          0          0          0       4682   lcd_init.o
        88         10          0          0          0        911   led.o
      2972        364          0         72        132     520975   main.o
       404         20          0          0         81       5374   rgb.o
        52         18        236          0       1024        940   startup_stm32f103xb.o
       154         32          0          9          0       6611   stm32f1xx_hal.o
      1598         64          0          0          0       6596   stm32f1xx_hal_adc.o
       260          4          0          0          0       1518   stm32f1xx_hal_adc_ex.o
       304         22          0          0          0      29655   stm32f1xx_hal_cortex.o
       424         10          0          0          0       1295   stm32f1xx_hal_dma.o
       908         44          0          0          0       4747   stm32f1xx_hal_gpio.o
      1788        114          0          0          0       6272   stm32f1xx_hal_rcc.o
       616         50          0          0          0       2521   stm32f1xx_hal_rcc_ex.o
      1228         80          0          0          0       7344   stm32f1xx_hal_tim.o
      1162         10          0          0          0       8087   stm32f1xx_hal_uart.o
        32          0          0          0          0       4146   stm32f1xx_it.o
       102          0          0          0          0        739   sys.o
         0          0         24          4          0        878   system_stm32f1xx.o
       412         50          0          7        264       5053   usart.o

    ----------------------------------------------------------------------
     15414       1060      14918        100       1628     640209   Object Totals
         0          0         32          0          0          0   (incl. Generated)
        28          0          6          4          7          0   (incl. Padding)

    ----------------------------------------------------------------------

      Code (inc. data)   RO Data    RW Data    ZI Data      Debug   Library Member Name

         8          0          0          0          0         68   __main.o
         0          0          0          0          0          0   __rtentry.o
        12          0          0          0          0          0   __rtentry2.o
         6          0          0          0          0          0   __rtentry4.o
        52          8          0          0          0          0   __scatter.o
        26          0          0          0          0          0   __scatter_copy.o
        28          0          0          0          0          0   __scatter_zi.o
        22          0          0          0          0        100   _rserrno.o
        18          0          0          0          0         80   exit.o
         6          0          0          0          0        152   heapauxi.o
         2          0          0          0          0          0   libinit.o
         2          0          0          0          0          0   libinit2.o
         2          0          0          0          0          0   libshutdown.o
         2          0          0          0          0          0   libshutdown2.o
         8          4          0          0         96         68   libspace.o
         8          4          0          0          0         68   rt_errno_addr_intlibspace.o
        78          0          0          0          0         80   rt_memclr_w.o
         2          0          0          0          0          0   rtexit.o
        10          0          0          0          0          0   rtexit2.o
        74          0          0          0          0         80   sys_stackheap_outer.o
         2          0          0          0          0         68   use_no_semi.o
         2          0          0          0          0         68   use_no_semi_2.o
        98          4          0          0          0         92   d2f.o
       826         16          0          0          0        348   daddsub_clz.o
        16          4          0          0          0         68   dcheck1.o
        24          0          0          0          0         68   dcmpi.o
       688        140          0          0          0        208   ddiv.o
       120          4          0          0          0         92   deqf.o
        94          4          0          0          0         92   dfix.o
        84          0          0          0          0        136   dflt_clz.o
       120          4          0          0          0         92   dleqf.o
       340         12          0          0          0        104   dmul.o
       156          4          0          0          0         92   dnaninf.o
        12          0          0          0          0         68   dretinf.o
       108          0          0          0          0         80   drleqf.o
       430          8          0          0          0        168   faddsub_clz.o
        24          0          0          0          0         68   fcmpi.o
        54          4          0          0          0         84   ffix.o
        48          0          0          0          0         68   fflt_clz.o
       104          4          0          0          0         84   fleqf.o
       258          4          0          0          0         84   fmul.o
       140          4          0          0          0         84   fnaninf.o
        10          0          0          0          0         68   fretinf.o
       100          0          0          0          0         68   retnan.o
        92          0          0          0          0         68   scalbn.o
        48          0          0          0          0         68   trapv.o
         0          0          0          0          0          0   usenofp.o
        34          4          0          0          0        204   dunder.o
       860         52         56          0          0        256   log.o
       170          0          0          0          0         96   poly.o
         0          0          8          0          0          0   qnan.o

    ----------------------------------------------------------------------
      5444        288         64          0         96       3840   Library Totals
        16          0          0          0          0          0   (incl. Padding)

    ----------------------------------------------------------------------

      Code (inc. data)   RO Data    RW Data    ZI Data      Debug   Library Name

       370         16          0          0         96        832   c_w.l
      3994        216          0          0          0       2452   fz_ws.l
      1064         56         64          0          0        556   m_ws.l

    ----------------------------------------------------------------------
      5444        288         64          0         96       3840   Library Totals

    ----------------------------------------------------------------------

==============================================================================


      Code (inc. data)   RO Data    RW Data    ZI Data      Debug   

     20858       1348      14982        100       1724     635829   Grand Totals
     20858       1348      14982        100       1724     635829   ELF Image Totals
     20858       1348      14982        100          0          0   ROM Totals

==============================================================================

    Total RO  Size (Code + RO Data)                35840 (  35.00kB)
    Total RW  Size (RW Data + ZI Data)              1824 (   1.78kB)
    Total ROM Size (Code + RO Data + RW Data)      35940 (  35.10kB)

==============================================================================

