Component: ARM Compiler 5.06 update 7 (build 960) Tool: armlink [4d3601]

==============================================================================

Section Cross References

    startup_stm32f103xb.o(STACK) refers (Special) to heapauxi.o(.text) for __use_two_region_memory
    startup_stm32f103xb.o(HEAP) refers (Special) to heapauxi.o(.text) for __use_two_region_memory
    startup_stm32f103xb.o(RESET) refers (Special) to heapauxi.o(.text) for __use_two_region_memory
    startup_stm32f103xb.o(RESET) refers to startup_stm32f103xb.o(STACK) for __initial_sp
    startup_stm32f103xb.o(RESET) refers to startup_stm32f103xb.o(.text) for Reset_Handler
    startup_stm32f103xb.o(RESET) refers to stm32f1xx_it.o(i.NMI_Handler) for NMI_Handler
    startup_stm32f103xb.o(RESET) refers to stm32f1xx_it.o(i.HardFault_Handler) for HardFault_Handler
    startup_stm32f103xb.o(RESET) refers to stm32f1xx_it.o(i.MemManage_Handler) for MemManage_Handler
    startup_stm32f103xb.o(RESET) refers to stm32f1xx_it.o(i.BusFault_Handler) for BusFault_Handler
    startup_stm32f103xb.o(RESET) refers to stm32f1xx_it.o(i.UsageFault_Handler) for UsageFault_Handler
    startup_stm32f103xb.o(RESET) refers to stm32f1xx_it.o(i.SVC_Handler) for SVC_Handler
    startup_stm32f103xb.o(RESET) refers to stm32f1xx_it.o(i.DebugMon_Handler) for DebugMon_Handler
    startup_stm32f103xb.o(RESET) refers to stm32f1xx_it.o(i.PendSV_Handler) for PendSV_Handler
    startup_stm32f103xb.o(RESET) refers to stm32f1xx_it.o(i.SysTick_Handler) for SysTick_Handler
    startup_stm32f103xb.o(RESET) refers to stm32f1xx_it.o(i.EXTI9_5_IRQHandler) for EXTI9_5_IRQHandler
    startup_stm32f103xb.o(RESET) refers to beep.o(i.TIM4_IRQHandler) for TIM4_IRQHandler
    startup_stm32f103xb.o(RESET) refers to usart.o(i.USART1_IRQHandler) for USART1_IRQHandler
    startup_stm32f103xb.o(RESET) refers to stm32f1xx_it.o(i.EXTI15_10_IRQHandler) for EXTI15_10_IRQHandler
    startup_stm32f103xb.o(.text) refers (Special) to heapauxi.o(.text) for __use_two_region_memory
    startup_stm32f103xb.o(.text) refers to __main.o(!!!main) for __main
    startup_stm32f103xb.o(.text) refers to startup_stm32f103xb.o(HEAP) for Heap_Mem
    startup_stm32f103xb.o(.text) refers to startup_stm32f103xb.o(STACK) for Stack_Mem
    main.o(i.adc_auto_channel) refers to stm32f1xx_hal_gpio.o(i.HAL_GPIO_WritePin) for HAL_GPIO_WritePin
    main.o(i.adc_auto_channel) refers to adc.o(i.adc_get_result_average) for adc_get_result_average
    main.o(i.adc_auto_channel) refers to main.o(.bss) for myadc_data
    main.o(i.color_init) refers to main.o(.data) for temp1
    main.o(i.draw_table_frame) refers to main.o(i.draw_thick_rectangle) for draw_thick_rectangle
    main.o(i.draw_table_frame) refers to main.o(i.draw_thick_hline) for draw_thick_hline
    main.o(i.draw_table_frame) refers to main.o(i.draw_thick_vline) for draw_thick_vline
    main.o(i.draw_thick_hline) refers to lcd.o(i.LCD_DrawLine) for LCD_DrawLine
    main.o(i.draw_thick_rectangle) refers to lcd.o(i.LCD_DrawRectangle) for LCD_DrawRectangle
    main.o(i.draw_thick_vline) refers to lcd.o(i.LCD_DrawLine) for LCD_DrawLine
    main.o(i.get_preres) refers to drleqf.o(x$fpl$drleqf) for __aeabi_cdrcmple
    main.o(i.get_preres) refers to dleqf.o(x$fpl$dleqf) for __aeabi_cdcmple
    main.o(i.get_preres) refers to daddsub_clz.o(x$fpl$drsb) for __aeabi_drsub
    main.o(i.get_preres) refers to dmul.o(x$fpl$dmul) for __aeabi_dmul
    main.o(i.get_preres) refers to ddiv.o(x$fpl$ddiv) for __aeabi_ddiv
    main.o(i.main) refers to stm32f1xx_hal.o(i.HAL_Init) for HAL_Init
    main.o(i.main) refers to sys.o(i.sys_stm32_clock_init) for sys_stm32_clock_init
    main.o(i.main) refers to beep.o(i.beep_init) for beep_init
    main.o(i.main) refers to delay.o(i.delay_init) for delay_init
    main.o(i.main) refers to usart.o(i.usart_init) for usart_init
    main.o(i.main) refers to led.o(i.led_init) for led_init
    main.o(i.main) refers to gtim.o(i.gtim_timx_pwm_chy_init) for gtim_timx_pwm_chy_init
    main.o(i.main) refers to fan.o(i.fan_init) for fan_init
    main.o(i.main) refers to key.o(i.key_init) for key_init
    main.o(i.main) refers to key.o(i.seg_init) for seg_init
    main.o(i.main) refers to exti.o(i.exti_init) for exti_init
    main.o(i.main) refers to adc.o(i.adc_init) for adc_init
    main.o(i.main) refers to lcd_init.o(i.LCD_Init) for LCD_Init
    main.o(i.main) refers to lcd.o(i.LCD_Fill) for LCD_Fill
    main.o(i.main) refers to main.o(i.draw_table_frame) for draw_table_frame
    main.o(i.main) refers to lcd.o(i.LCD_ShowString) for LCD_ShowString
    main.o(i.main) refers to rgb.o(i.WS2812B_Init) for WS2812B_Init
    main.o(i.main) refers to main.o(i.color_init) for color_init
    main.o(i.main) refers to main.o(i.mypid_init) for mypid_init
    main.o(i.main) refers to stm32f1xx_hal_gpio.o(i.HAL_GPIO_WritePin) for HAL_GPIO_WritePin
    main.o(i.main) refers to rgb.o(i.WS2812B_FillColor) for WS2812B_FillColor
[...]
    i.__mathlib_dbl_divzero                  0x08003818   Section        0  dunder.o(i.__mathlib_dbl_divzero)
    i.__mathlib_dbl_infnan                   0x08003828   Section        0  dunder.o(i.__mathlib_dbl_infnan)
    i.__mathlib_dbl_invalid                  0x0800382e   Section        0  dunder.o(i.__mathlib_dbl_invalid)
    i._is_digit                              0x0800383a   Section        0  __printf_wp.o(i._is_digit)
    i._sys_exit                              0x08003848   Section        0  usart.o(i._sys_exit)
    i.adc_auto_channel                       0x0800384c   Section        0  main.o(i.adc_auto_channel)
    i.adc_channel_set                        0x080038a0   Section        0  adc.o(i.adc_channel_set)
    i.adc_get_result                         0x080038bc   Section        0  adc.o(i.adc_get_result)
    i.adc_get_result_average                 0x080038e8   Section        0  adc.o(i.adc_get_result_average)
    i.adc_init                               0x08003914   Section        0  adc.o(i.adc_init)
    i.beep_init                              0x0800394c   Section        0  beep.o(i.beep_init)
    i.color_init                             0x08003a10   Section        0  main.o(i.color_init)
    i.delay_init                             0x08003a7c   Section        0  delay.o(i.delay_init)
    i.delay_ms                               0x08003a88   Section        0  delay.o(i.delay_ms)
    i.delay_us                               0x08003a9c   Section        0  delay.o(i.delay_us)
    i.draw_table_frame                       0x08003ae4   Section        0  main.o(i.draw_table_frame)
    i.draw_thick_hline                       0x08003b34   Section        0  main.o(i.draw_thick_hline)
    i.draw_thick_rectangle                   0x08003b66   Section        0  main.o(i.draw_thick_rectangle)
    i.draw_thick_vline                       0x08003bae   Section        0  main.o(i.draw_thick_vline)
    i.encoder_update                         0x08003be0   Section        0  encoder.o(i.encoder_update)
    i.exti_init                              0x08003c14   Section        0  exti.o(i.exti_init)
    i.fan_init                               0x08003cd4   Section        0  fan.o(i.fan_init)
    i.fputc                                  0x08003d28   Section        0  usart.o(i.fputc)
    i.generate_rainbow_color                 0x08003d44   Section        0  main.o(i.generate_rainbow_color)
    i.get_preres                             0x08003df0   Section        0  main.o(i.get_preres)
    i.gtim_timx_pwm_chy_init                 0x08003e6c   Section        0  gtim.o(i.gtim_timx_pwm_chy_init)
    i.key_init                               0x08003ec0   Section        0  key.o(i.key_init)
    i.led_init                               0x08003f0c   Section        0  led.o(i.led_init)
    i.log                                    0x08003f60   Section        0  log.o(i.log)
    i.main                                   0x080042bc   Section        0  main.o(i.main)
    i.mypid_init                             0x080046b0   Section        0  main.o(i.mypid_init)
    i.mypow                                  0x08004708   Section        0  lcd.o(i.mypow)
    i.pid_calculate                          0x08004720   Section        0  main.o(i.pid_calculate)
    i.pre_temp                               0x080047f4   Section        0  main.o(i.pre_temp)
    i.rgb_change                             0x080048d0   Section        0  main.o(i.rgb_change)
    i.seg_init                               0x08004af8   Section        0  key.o(i.seg_init)
    i.smooth_temperature                     0x08004b40   Section        0  main.o(i.smooth_temperature)
    i.sys_stm32_clock_init                   0x08004bf8   Section        0  sys.o(i.sys_stm32_clock_init)
    i.update_display                         0x08004c60   Section        0  main.o(i.update_display)
    i.usart_init                             0x08004d48   Section        0  usart.o(i.usart_init)
    x$fpl$d2f                                0x08004d80   Section       98  d2f.o(x$fpl$d2f)
    x$fpl$dadd                               0x08004de4   Section      336  daddsub_clz.o(x$fpl$dadd)
    _dadd1                                   0x08004df5   Thumb Code     0  daddsub_clz.o(x$fpl$dadd)
    x$fpl$dcheck1                            0x08004f34   Section       16  dcheck1.o(x$fpl$dcheck1)
    x$fpl$dcmpinf                            0x08004f44   Section       24  dcmpi.o(x$fpl$dcmpinf)
    x$fpl$ddiv                               0x08004f5c   Section      688  ddiv.o(x$fpl$ddiv)
    ddiv_entry                               0x08004f63   Thumb Code     0  ddiv.o(x$fpl$ddiv)
    x$fpl$deqf                               0x0800520c   Section      120  deqf.o(x$fpl$deqf)
    x$fpl$dfix                               0x08005284   Section       94  dfix.o(x$fpl$dfix)
    x$fpl$dflt                               0x080052e2   Section       46  dflt_clz.o(x$fpl$dflt)
    x$fpl$dfltu                              0x08005310   Section       38  dflt_clz.o(x$fpl$dfltu)
    x$fpl$dleqf                              0x08005338   Section      120  dleqf.o(x$fpl$dleqf)
    x$fpl$dmul                               0x080053b0   Section      340  dmul.o(x$fpl$dmul)
    x$fpl$dnaninf                            0x08005504   Section      156  dnaninf.o(x$fpl$dnaninf)
    x$fpl$dretinf                            0x080055a0   Section       12  dretinf.o(x$fpl$dretinf)
    x$fpl$drleqf                             0x080055ac   Section      108  drleqf.o(x$fpl$drleqf)
    x$fpl$drsb                               0x08005618   Section       22  daddsub_clz.o(x$fpl$drsb)
    x$fpl$dsub                               0x08005630   Section      468  daddsub_clz.o(x$fpl$dsub)
    _dsub1                                   0x08005641   Thumb Code     0  daddsub_clz.o(x$fpl$dsub)
    x$fpl$fadd                               0x08005804   Section      196  faddsub_clz.o(x$fpl$fadd)
    _fadd1                                   0x08005813   Thumb Code     0  faddsub_clz.o(x$fpl$fadd)
    x$fpl$fcmpinf                            0x080058c8   Section       24  fcmpi.o(x$fpl$fcmpinf)
    x$fpl$ffix                               0x080058e0   Section       54  ffix.o(x$fpl$ffix)
    x$fpl$fflt                               0x08005918   Section       48  fflt_clz.o(x$fpl$fflt)
    x$fpl$fleqf                              0x08005948   Section      104  fleqf.o(x$fpl$fleqf)
    x$fpl$fmul                               0x080059b0   Section      258  fmul.o(x$fpl$fmul)
    x$fpl$fnaninf                            0x08005ab2   Section      140  fnaninf.o(x$fpl$fnaninf)
    x$fpl$fretinf                            0x08005b3e   Section       10  fretinf.o(x$fpl$fretinf)
    x$fpl$fsub                               0x08005b48   Section      234  faddsub_clz.o(x$fpl$fsub)
    _fsub1                                   0x08005b57   Thumb Code     0  faddsub_clz.o(x$fpl$fsub)
    x$fpl$retnan                             0x08005c32   Section      100  retnan.o(x$fpl$retnan)
    x$fpl$scalbn                             0x08005c96   Section       92  scalbn.o(x$fpl$scalbn)
    x$fpl$trapveneer                         0x08005cf2   Section       48  trapv.o(x$fpl$trapveneer)
    .constdata                               0x08005d22   Section       24  system_stm32f1xx.o(.constdata)
    x$fpl$usenofp                            0x08005d22   Section        0  usenofp.o(x$fpl$usenofp)
    .constdata                               0x08005d3a   Section    14620  lcd.o(.constdata)
    .constdata                               0x08009656   Section       16  encoder.o(.constdata)
    ENC_TABLE                                0x08009656   Data          16  encoder.o(.constdata)
    .constdata                               0x08009666   Section       40  _printf_hex_int.o(.constdata)
    uc_hextab                                0x08009666   Data          20  _printf_hex_int.o(.constdata)
    lc_hextab                                0x0800967a   Data          20  _printf_hex_int.o(.constdata)
    .constdata                               0x0800968e   Section       17  __printf_flags_ss_wp.o(.constdata)
    maptable                                 0x0800968e   Data          17  __printf_flags_ss_wp.o(.constdata)
    .constdata                               0x080096a0   Section       56  log.o(.constdata)
    Lg2                                      0x080096a0   Data          24  log.o(.constdata)
    Lg                                       0x080096b8   Data          32  log.o(.constdata)
    .constdata                               0x080096d8   Section        8  qnan.o(.constdata)
    .data                                    0x20000000   Section       72  main.o(.data)
    sum                                      0x20000040   Data           8  main.o(.data)
    .data                                    0x20000048   Section       16  stm32f1xx_it.o(.data)
    __tagsym$$used                           0x20000048   Number         0  stm32f1xx_it.o(.data)
    __tagsym$$used                           0x2000004c   Number         0  stm32f1xx_it.o(.data)
    __tagsym$$used                           0x20000050   Number         0  stm32f1xx_it.o(.data)
    __tagsym$$used                           0x20000054   Number         0  stm32f1xx_it.o(.data)
    .data                                    0x20000058   Section        4  system_stm32f1xx.o(.data)
    .data                                    0x2000005c   Section        9  stm32f1xx_hal.o(.data)
    .data                                    0x20000068   Section        4  delay.o(.data)
    g_fac_us                                 0x20000068   Data           4  delay.o(.data)
    .data                                    0x2000006c   Section        7  usart.o(.data)
    .data                                    0x20000074   Section        3  beep.o(.data)
    beep_duration_ms                         0x20000074   Data           2  beep.o(.data)
    beep_active                              0x20000076   Data           1  beep.o(.data)
    .data                                    0x20000078   Section        9  globals.o(.data)
    .data                                    0x20000081   Section        1  encoder.o(.data)
    enc_state                                0x20000081   Data           1  encoder.o(.data)
    .bss                                     0x20000088   Section      132  main.o(.bss)
    .bss                                     0x2000010c   Section      264  usart.o(.bss)
    .bss                                     0x20000214   Section       72  beep.o(.bss)
    htim4                                    0x20000214   Data          72  beep.o(.bss)
    .bss                                     0x2000025c   Section       72  gtim.o(.bss)
    .bss                                     0x200002a4   Section       48  adc.o(.bss)
    .bss                                     0x200002d4   Section       81  rgb.o(.bss)
    .bss                                     0x20000328   Section       96  libspace.o(.bss)
    HEAP                                     0x20000388   Section        0  startup_stm32f103xb.o(HEAP)
    STACK                                    0x20000388   Section     1024  startup_stm32f103xb.o(STACK)
    Heap_Mem                                 0x20000388   Data           0  startup_stm32f103xb.o(HEAP)
    Stack_Mem                                0x20000388   Data        1024  startup_stm32f103xb.o(STACK)
    __initial_sp                             0x20000788   Data           0  startup_stm32f103xb.o(STACK)

    Global Symbols

    Symbol Name                              Value     Ov Type        Size  Object(Section)

    BuildAttributes$$THM_ISAv4$P$D$K$B$S$PE$A:L22UL41UL21$X:L11$S22US41US21$IEEE1$IW$USESV6$~STKCKD$USESV7$~SHL$OTIME$ROPI$IEEEX$EBA8$UX$STANDARDLIB$REQ8$PRES8$EABIv2 0x00000000   Number         0  anon$$obj.o ABSOLUTE
    __ARM_use_no_argv                        0x00000000   Number         0  main.o ABSOLUTE
    _printf_flags                            0x00000000   Number         0  printf_stubs.o ABSOLUTE
    _printf_return_value                     0x00000000   Number         0  printf_stubs.o ABSOLUTE
    _printf_sizespec                         0x00000000   Number         0  printf_stubs.o ABSOLUTE
    _printf_widthprec                        0x00000000   Number         0  printf_stubs.o ABSOLUTE
    __ARM_exceptions_init                     - Undefined Weak Reference
    __alloca_initialize                       - Undefined Weak Reference
    __arm_fini_                               - Undefined Weak Reference
    __arm_preinit_                            - Undefined Weak Reference
    __cpp_initialize__aeabi_                  - Undefined Weak Reference
    __cxa_finalize                            - Undefined Weak Reference
    __rt_locale                               - Undefined Weak Reference
    __sigvec_lookup                           - Undefined Weak Reference
    _atexit_init                              - Undefined Weak Reference
    _call_atexit_fns                          - Undefined Weak Reference
    _clock_init                               - Undefined Weak Reference
    _fp_trap_init                             - Undefined Weak Reference
    _fp_trap_shutdown                         - Undefined Weak Reference
    _get_lc_collate                           - Undefined Weak Reference
    _get_lc_ctype                             - Undefined Weak Reference
    _get_lc_monetary                          - Undefined Weak Reference
    _get_lc_numeric                           - Undefined Weak Reference
    _get_lc_time                              - Undefined Weak Reference
    _getenv_init                              - Undefined Weak Reference
    _handle_redirection                       - Undefined Weak Reference
    _init_alloc                               - Undefined Weak Reference
    _init_user_alloc                          - Undefined Weak Reference
    _initio                                   - Undefined Weak Reference
    _mutex_acquire                            - Undefined Weak Reference
    _mutex_release                            - Undefined Weak Reference
    _printf_truncate_unsigned                 - Undefined Weak Reference
    _rand_init                                - Undefined Weak Reference
    _signal_finish                            - Undefined Weak Reference
    _signal_init                              - Undefined Weak Reference
    _terminate_alloc                          - Undefined Weak Reference
    _terminate_user_alloc                     - Undefined Weak Reference
    _terminateio                              - Undefined Weak Reference
    __Vectors_Size                           0x000000ec   Number         0  startup_stm32f103xb.o ABSOLUTE
    __Vectors                                0x08000000   Data           4  startup_stm32f103xb.o(RESET)
    __Vectors_End                            0x080000ec   Data           0  startup_stm32f103xb.o(RESET)
    __main                                   0x080000ed   Thumb Code     8  __main.o(!!!main)
    __scatterload                            0x080000f5   Thumb Code     0  __scatter.o(!!!scatter)
    __scatterload_rt2                        0x080000f5   Thumb Code    44  __scatter.o(!!!scatter)
    __scatterload_rt2_thumb_only             0x080000f5   Thumb Code     0  __scatter.o(!!!scatter)
    __scatterload_null                       0x08000103   Thumb Code     0  __scatter.o(!!!scatter)
    __scatterload_copy                       0x08000129   Thumb Code    26  __scatter_copy.o(!!handler_copy)
    __scatterload_zeroinit                   0x08000145   Thumb Code    28  __scatter_zi.o(!!handler_zi)
    _printf_percent                          0x08000161   Thumb Code     0  _printf_percent.o(.ARM.Collect$$_printf_percent$$00000000)
    _printf_x                                0x08000161   Thumb Code     0  _printf_x.o(.ARM.Collect$$_printf_percent$$0000000C)
    _printf_percent_end                      0x08000167   Thumb Code     0  _printf_percent_end.o(.ARM.Collect$$_printf_percent$$00000017)
    __rt_lib_init                            0x0800016b   Thumb Code     0  libinit.o(.ARM.Collect$$libinit$$00000000)
    __rt_lib_init_alloca_1                   0x0800016d   Thumb Code     0  libinit2.o(.ARM.Collect$$libinit$$0000002E)
    __rt_lib_init_argv_1                     0x0800016d   Thumb Code     0  libinit2.o(.ARM.Collect$$libinit$$0000002C)
    __rt_lib_init_atexit_1                   0x0800016d   Thumb Code     0  libinit2.o(.ARM.Collect$$libinit$$0000001B)
    __rt_lib_init_clock_1                    0x0800016d   Thumb Code     0  libinit2.o(.ARM.Collect$$libinit$$00000021)
    __rt_lib_init_cpp_1                      0x0800016d   Thumb Code     0  libinit2.o(.ARM.Collect$$libinit$$00000032)
    __rt_lib_init_exceptions_1               0x0800016d   Thumb Code     0  libinit2.o(.ARM.Collect$$libinit$$00000030)
    __rt_lib_init_fp_1                       0x0800016d   Thumb Code     0  libinit2.o(.ARM.Collect$$libinit$$00000002)
    __rt_lib_init_fp_trap_1                  0x0800016d   Thumb Code     0  libinit2.o(.ARM.Collect$$libinit$$0000001F)
    __rt_lib_init_getenv_1                   0x0800016d   Thumb Code     0  libinit2.o(.ARM.Collect$$libinit$$00000023)
    __rt_lib_init_heap_1                     0x0800016d   Thumb Code     0  libinit2.o(.ARM.Collect$$libinit$$0000000A)
    __rt_lib_init_lc_collate_1               0x0800016d   Thumb Code     0  libinit2.o(.ARM.Collect$$libinit$$00000011)
    __rt_lib_init_lc_ctype_1                 0x0800016d   Thumb Code     0  libinit2.o(.ARM.Collect$$libinit$$00000013)
    __rt_lib_init_lc_monetary_1              0x0800016d   Thumb Code     0  libinit2.o(.ARM.Collect$$libinit$$00000015)
    __rt_lib_init_lc_numeric_1               0x0800016d   Thumb Code     0  libinit2.o(.ARM.Collect$$libinit$$00000017)
    __rt_lib_init_lc_time_1                  0x0800016d   Thumb Code     0  libinit2.o(.ARM.Collect$$libinit$$00000019)
    __rt_lib_init_preinit_1                  0x0800016d   Thumb Code     0  libinit2.o(.ARM.Collect$$libinit$$00000004)
    __rt_lib_init_rand_1                     0x0800016d   Thumb Code     0  libinit2.o(.ARM.Collect$$libinit$$0000000E)
    __rt_lib_init_return                     0x0800016d   Thumb Code     0  libinit2.o(.ARM.Collect$$libinit$$00000033)
    __rt_lib_init_signal_1                   0x0800016d   Thumb Code     0  libinit2.o(.ARM.Collect$$libinit$$0000001D)
    __rt_lib_init_stdio_1                    0x0800016d   Thumb Code     0  libinit2.o(.ARM.Collect$$libinit$$00000025)
    __rt_lib_init_user_alloc_1               0x0800016d   Thumb Code     0  libinit2.o(.ARM.Collect$$libinit$$0000000C)
    __rt_lib_shutdown                        0x0800016f   Thumb Code     0  libshutdown.o(.ARM.Collect$$libshutdown$$00000000)
    __rt_lib_shutdown_cpp_1                  0x08000171   Thumb Code     0  libshutdown2.o(.ARM.Collect$$libshutdown$$00000004)
    __rt_lib_shutdown_fini_1                 0x08000171   Thumb Code     0  libshutdown2.o(.ARM.Collect$$libshutdown$$00000002)
    __rt_lib_shutdown_fp_trap_1              0x08000171   Thumb Code     0  libshutdown2.o(.ARM.Collect$$libshutdown$$00000009)
    __rt_lib_shutdown_heap_1                 0x08000171   Thumb Code     0  libshutdown2.o(.ARM.Collect$$libshutdown$$00000011)
    __rt_lib_shutdown_return                 0x08000171   Thumb Code     0  libshutdown2.o(.ARM.Collect$$libshutdown$$00000012)
    __rt_lib_shutdown_signal_1               0x08000171   Thumb Code     0  libshutdown2.o(.ARM.Collect$$libshutdown$$0000000C)
    __rt_lib_shutdown_stdio_1                0x08000171   Thumb Code     0  libshutdown2.o(.ARM.Collect$$libshutdown$$00000006)
    __rt_lib_shutdown_user_alloc_1           0x08000171   Thumb Code     0  libshutdown2.o(.ARM.Collect$$libshutdown$$0000000E)
    __rt_entry                               0x08000173   Thumb Code     0  __rtentry.o(.ARM.Collect$$rtentry$$00000000)
    __rt_entry_presh_1                       0x08000173   Thumb Code     0  __rtentry2.o(.ARM.Collect$$rtentry$$00000002)
    __rt_entry_sh                            0x08000173   Thumb Code     0  __rtentry4.o(.ARM.Collect$$rtentry$$00000004)
    __rt_entry_li                            0x08000179   Thumb Code     0  __rtentry2.o(.ARM.Collect$$rtentry$$0000000A)
    __rt_entry_postsh_1                      0x08000179   Thumb Code     0  __rtentry2.o(.ARM.Collect$$rtentry$$00000009)
    __rt_entry_main                          0x0800017d   Thumb Code     0  __rtentry2.o(.ARM.Collect$$rtentry$$0000000D)
    __rt_entry_postli_1                      0x0800017d   Thumb Code     0  __rtentry2.o(.ARM.Collect$$rtentry$$0000000C)
    __rt_exit                                0x08000185   Thumb Code     0  rtexit.o(.ARM.Collect$$rtexit$$00000000)
    __rt_exit_ls                             0x08000187   Thumb Code     0  rtexit2.o(.ARM.Collect$$rtexit$$00000003)
    __rt_exit_prels_1                        0x08000187   Thumb Code     0  rtexit2.o(.ARM.Collect$$rtexit$$00000002)
    __rt_exit_exit                           0x0800018b   Thumb Code     0  rtexit2.o(.ARM.Collect$$rtexit$$00000004)
    Reset_Handler                            0x08000191   Thumb Code     4  startup_stm32f103xb.o(.text)
    ADC1_2_IRQHandler                        0x080001a7   Thumb Code     0  startup_stm32f103xb.o(.text)
    CAN1_RX1_IRQHandler                      0x080001a7   Thumb Code     0  startup_stm32f103xb.o(.text)
    CAN1_SCE_IRQHandler                      0x080001a7   Thumb Code     0  startup_stm32f103xb.o(.text)
    DMA1_Channel1_IRQHandler                 0x080001a7   Thumb Code     0  startup_stm32f103xb.o(.text)
    DMA1_Channel2_IRQHandler                 0x080001a7   Thumb Code     0  startup_stm32f103xb.o(.text)
    DMA1_Channel3_IRQHandler                 0x080001a7   Thumb Code     0  startup_stm32f103xb.o(.text)
    DMA1_Channel4_IRQHandler                 0x080001a7   Thumb Code     0  startup_stm32f103xb.o(.text)
    DMA1_Channel5_IRQHandler                 0x080001a7   Thumb Code     0  startup_stm32f103xb.o(.text)
    DMA1_Channel6_IRQHandler                 0x080001a7   Thumb Code     0  startup_stm32f103xb.o(.text)
    DMA1_Channel7_IRQHandler                 0x080001a7   Thumb Code     0  startup_stm32f103xb.o(.text)
    EXTI0_IRQHandler                         0x080001a7   Thumb Code     0  startup_stm32f103xb.o(.text)
    EXTI1_IRQHandler                         0x080001a7   Thumb Code     0  startup_stm32f103xb.o(.text)
    EXTI2_IRQHandler                         0x080001a7   Thumb Code     0  startup_stm32f103xb.o(.text)
    EXTI3_IRQHandler                         0x080001a7   Thumb Code     0  startup_stm32f103xb.o(.text)
    EXTI4_IRQHandler                         0x080001a7   Thumb Code     0  startup_stm32f103xb.o(.text)
    FLASH_IRQHandler                         0x080001a7   Thumb Code     0  startup_stm32f103xb.o(.text)
    I2C1_ER_IRQHandler                       0x080001a7   Thumb Code     0  startup_stm32f103xb.o(.text)
    I2C1_EV_IRQHandler                       0x080001a7   Thumb Code     0  startup_stm32f103xb.o(.text)
    I2C2_ER_IRQHandler                       0x080001a7   Thumb Code     0  startup_stm32f103xb.o(.text)
    I2C2_EV_IRQHandler                       0x080001a7   Thumb Code     0  startup_stm32f103xb.o(.text)
    PVD_IRQHandler                           0x080001a7   Thumb Code     0  startup_stm32f103xb.o(.text)
    RCC_IRQHandler                           0x080001a7   Thumb Code     0  startup_stm32f103xb.o(.text)
    RTC_Alarm_IRQHandler                     0x080001a7   Thumb Code     0  startup_stm32f103xb.o(.text)
    RTC_IRQHandler                           0x080001a7   Thumb Code     0  startup_stm32f103xb.o(.text)
    SPI1_IRQHandler                          0x080001a7   Thumb Code     0  startup_stm32f103xb.o(.text)
    SPI2_IRQHandler                          0x080001a7   Thumb Code     0  startup_stm32f103xb.o(.text)
    TAMPER_IRQHandler                        0x080001a7   Thumb Code     0  startup_stm32f103xb.o(.text)
    TIM1_BRK_IRQHandler                      0x080001a7   Thumb Code     0  startup_stm32f103xb.o(.text)
    TIM1_CC_IRQHandler                       0x080001a7   Thumb Code     0  startup_stm32f103xb.o(.text)
    TIM1_TRG_COM_IRQHandler                  0x080001a7   Thumb Code     0  startup_stm32f103xb.o(.text)
    TIM1_UP_IRQHandler                       0x080001a7   Thumb Code     0  startup_stm32f103xb.o(.text)
    TIM2_IRQHandler                          0x080001a7   Thumb Code     0  startup_stm32f103xb.o(.text)
    TIM3_IRQHandler                          0x080001a7   Thumb Code     0  startup_stm32f103xb.o(.text)
    USART2_IRQHandler                        0x080001a7   Thumb Code     0  startup_stm32f103xb.o(.text)
    USART3_IRQHandler                        0x080001a7   Thumb Code     0  startup_stm32f103xb.o(.text)
    USBWakeUp_IRQHandler                     0x080001a7   Thumb Code     0  startup_stm32f103xb.o(.text)
    USB_HP_CAN1_TX_IRQHandler                0x080001a7   Thumb Code     0  startup_stm32f103xb.o(.text)
    USB_LP_CAN1_RX0_IRQHandler               0x080001a7   Thumb Code     0  startup_stm32f103xb.o(.text)
    WWDG_IRQHandler                          0x080001a7   Thumb Code     0  startup_stm32f103xb.o(.text)
    __user_initial_stackheap                 0x080001a9   Thumb Code     0  startup_stm32f103xb.o(.text)
    __use_no_semihosting                     0x080001c5   Thumb Code     2  use_no_semi_2.o(.text)
    __2printf                                0x080001c9   Thumb Code    20  noretval__2printf.o(.text)
    _printf_pre_padding                      0x080001e1   Thumb Code    44  _printf_pad.o(.text)
    _printf_post_padding                     0x0800020d   Thumb Code    34  _printf_pad.o(.text)
    _printf_int_hex                          0x08000231   Thumb Code    84  _printf_hex_int.o(.text)
    _printf_longlong_hex                     0x08000231   Thumb Code     0  _printf_hex_int.o(.text)
    __printf                                 0x08000289   Thumb Code   388  __printf_flags_ss_wp.o(.text)
    __aeabi_memclr4                          0x08000411   Thumb Code     0  rt_memclr_w.o(.text)
    __aeabi_memclr8                          0x08000411   Thumb Code     0  rt_memclr_w.o(.text)
    __rt_memclr_w                            0x08000411   Thumb Code    78  rt_memclr_w.o(.text)
    _memset_w                                0x08000415   Thumb Code     0  rt_memclr_w.o(.text)
    __use_two_region_memory                  0x0800045f   Thumb Code     2  heapauxi.o(.text)
    __rt_heap_escrow$2region                 0x08000461   Thumb Code     2  heapauxi.o(.text)
    __rt_heap_expand$2region                 0x08000463   Thumb Code     2  heapauxi.o(.text)
    __semihosting$guard                      0x08000465   Thumb Code     0  use_no_semi.o(.text)
    __use_no_semihosting_swi                 0x08000465   Thumb Code     2  use_no_semi.o(.text)
    __read_errno                             0x08000467   Thumb Code    10  _rserrno.o(.text)
    __set_errno                              0x08000471   Thumb Code    12  _rserrno.o(.text)
    _printf_int_common                       0x0800047d   Thumb Code   178  _printf_intcommon.o(.text)
    _printf_char_file                        0x08000531   Thumb Code    32  _printf_char_file.o(.text)
    __aeabi_errno_addr                       0x08000555   Thumb Code     8  rt_errno_addr_intlibspace.o(.text)
    __errno$intlibspace                      0x08000555   Thumb Code     0  rt_errno_addr_intlibspace.o(.text)
    __rt_errno_addr$intlibspace              0x08000555   Thumb Code     0  rt_errno_addr_intlibspace.o(.text)
    _printf_char_common                      0x08000567   Thumb Code    32  _printf_char_common.o(.text)
    ferror                                   0x0800058d   Thumb Code     8  ferror.o(.text)
    __user_libspace                          0x08000595   Thumb Code     8  libspace.o(.text)
    __user_perproc_libspace                  0x08000595   Thumb Code     0  libspace.o(.text)
    __user_perthread_libspace                0x08000595   Thumb Code     0  libspace.o(.text)
    __user_setup_stackheap                   0x0800059d   Thumb Code    74  sys_stackheap_outer.o(.text)
    exit                                     0x080005e7   Thumb Code    18  exit.o(.text)
    ADC_ConversionStop_Disable               0x080005f9   Thumb Code    82  stm32f1xx_hal_adc.o(i.ADC_ConversionStop_Disable)
    ADC_Enable                               0x0800064d   Thumb Code   122  stm32f1xx_hal_adc.o(i.ADC_Enable)
    BusFault_Handler                         0x080006d1   Thumb Code     4  stm32f1xx_it.o(i.BusFault_Handler)
    Buzzer_Tone                              0x080006d5   Thumb Code    36  beep.o(i.Buzzer_Tone)
    Copy_Color                               0x08000705   Thumb Code    14  rgb.o(i.Copy_Color)
    DebugMon_Handler                         0x08000713   Thumb Code     2  stm32f1xx_it.o(i.DebugMon_Handler)
    Delay_850nS                              0x08000715   Thumb Code    54  rgb.o(i.Delay_850nS)
    EXTI15_10_IRQHandler                     0x0800074d   Thumb Code    56  stm32f1xx_it.o(i.EXTI15_10_IRQHandler)
    EXTI9_5_IRQHandler                       0x08000789   Thumb Code    26  stm32f1xx_it.o(i.EXTI9_5_IRQHandler)
    HAL_ADCEx_Calibration_Start              0x080007a9   Thumb Code   256  stm32f1xx_hal_adc_ex.o(i.HAL_ADCEx_Calibration_Start)
    HAL_ADC_ConfigChannel                    0x080008ad   Thumb Code   338  stm32f1xx_hal_adc.o(i.HAL_ADC_ConfigChannel)
    HAL_ADC_GetValue                         0x08000a0d   Thumb Code     8  stm32f1xx_hal_adc.o(i.HAL_ADC_GetValue)
    HAL_ADC_Init                             0x08000a15   Thumb Code   340  stm32f1xx_hal_adc.o(i.HAL_ADC_Init)
    HAL_ADC_MspInit                          0x08000b75   Thumb Code   120  adc.o(i.HAL_ADC_MspInit)
    HAL_ADC_PollForConversion                0x08000bf9   Thumb Code   350  stm32f1xx_hal_adc.o(i.HAL_ADC_PollForConversion)
    HAL_ADC_Start                            0x08000d69   Thumb Code   294  stm32f1xx_hal_adc.o(i.HAL_ADC_Start)
    HAL_DMA_Abort_IT                         0x08000e99   Thumb Code   414  stm32f1xx_hal_dma.o(i.HAL_DMA_Abort_IT)
    HAL_Delay                                0x08001041   Thumb Code    12  delay.o(i.HAL_Delay)
    HAL_GPIO_EXTI_Callback                   0x0800104d   Thumb Code    60  exti.o(i.HAL_GPIO_EXTI_Callback)
    HAL_GPIO_EXTI_IRQHandler                 0x08001091   Thumb Code    24  stm32f1xx_hal_gpio.o(i.HAL_GPIO_EXTI_IRQHandler)
    HAL_GPIO_Init                            0x080010ad   Thumb Code   792  stm32f1xx_hal_gpio.o(i.HAL_GPIO_Init)
    HAL_GPIO_ReadPin                         0x080013ed   Thumb Code    16  stm32f1xx_hal_gpio.o(i.HAL_GPIO_ReadPin)
    HAL_GPIO_TogglePin                       0x080013fd   Thumb Code    20  stm32f1xx_hal_gpio.o(i.HAL_GPIO_TogglePin)
    HAL_GPIO_WritePin                        0x08001411   Thumb Code    12  stm32f1xx_hal_gpio.o(i.HAL_GPIO_WritePin)
    HAL_GetTick                              0x0800141d   Thumb Code     6  stm32f1xx_hal.o(i.HAL_GetTick)
    HAL_IncTick                              0x08001429   Thumb Code    16  stm32f1xx_hal.o(i.HAL_IncTick)
    HAL_Init                                 0x08001441   Thumb Code    34  stm32f1xx_hal.o(i.HAL_Init)
    HAL_InitTick                             0x08001469   Thumb Code    64  stm32f1xx_hal.o(i.HAL_InitTick)
    HAL_MspInit                              0x080014b5   Thumb Code     2  stm32f1xx_hal.o(i.HAL_MspInit)
    HAL_NVIC_DisableIRQ                      0x080014b9   Thumb Code    62  stm32f1xx_hal_cortex.o(i.HAL_NVIC_DisableIRQ)
    HAL_NVIC_EnableIRQ                       0x080014fd   Thumb Code    32  stm32f1xx_hal_cortex.o(i.HAL_NVIC_EnableIRQ)
    HAL_NVIC_SetPriority                     0x0800151d   Thumb Code   124  stm32f1xx_hal_cortex.o(i.HAL_NVIC_SetPriority)
    HAL_NVIC_SetPriorityGrouping             0x08001599   Thumb Code    32  stm32f1xx_hal_cortex.o(i.HAL_NVIC_SetPriorityGrouping)
    HAL_RCCEx_GetPeriphCLKFreq               0x080015c1   Thumb Code   276  stm32f1xx_hal_rcc_ex.o(i.HAL_RCCEx_GetPeriphCLKFreq)
    HAL_RCCEx_PeriphCLKConfig                0x080016f9   Thumb Code   290  stm32f1xx_hal_rcc_ex.o(i.HAL_RCCEx_PeriphCLKConfig)
    HAL_RCC_ClockConfig                      0x08001829   Thumb Code   376  stm32f1xx_hal_rcc.o(i.HAL_RCC_ClockConfig)
    HAL_RCC_GetHCLKFreq                      0x080019b5   Thumb Code     6  stm32f1xx_hal_rcc.o(i.HAL_RCC_GetHCLKFreq)
    HAL_RCC_GetPCLK1Freq                     0x080019c1   Thumb Code    22  stm32f1xx_hal_rcc.o(i.HAL_RCC_GetPCLK1Freq)
    HAL_RCC_GetPCLK2Freq                     0x080019e1   Thumb Code    22  stm32f1xx_hal_rcc.o(i.HAL_RCC_GetPCLK2Freq)
    HAL_RCC_GetSysClockFreq                  0x08001a01   Thumb Code   116  stm32f1xx_hal_rcc.o(i.HAL_RCC_GetSysClockFreq)
    HAL_RCC_OscConfig                        0x08001a99   Thumb Code  1114  stm32f1xx_hal_rcc.o(i.HAL_RCC_OscConfig)
    HAL_SYSTICK_Config                       0x08001efd   Thumb Code    52  stm32f1xx_hal_cortex.o(i.HAL_SYSTICK_Config)
    HAL_TIMEx_BreakCallback                  0x08001f31   Thumb Code     2  stm32f1xx_hal_tim_ex.o(i.HAL_TIMEx_BreakCallback)
    HAL_TIMEx_CommutCallback                 0x08001f33   Thumb Code     2  stm32f1xx_hal_tim_ex.o(i.HAL_TIMEx_CommutCallback)
    HAL_TIM_Base_Init                        0x08001f35   Thumb Code   102  stm32f1xx_hal_tim.o(i.HAL_TIM_Base_Init)
    HAL_TIM_Base_MspInit                     0x08001f9b   Thumb Code     2  stm32f1xx_hal_tim.o(i.HAL_TIM_Base_MspInit)
    HAL_TIM_Base_Start_IT                    0x08001f9d   Thumb Code   122  stm32f1xx_hal_tim.o(i.HAL_TIM_Base_Start_IT)
    HAL_TIM_IC_CaptureCallback               0x0800202d   Thumb Code     2  stm32f1xx_hal_tim.o(i.HAL_TIM_IC_CaptureCallback)
    HAL_TIM_IRQHandler                       0x0800202f   Thumb Code   406  stm32f1xx_hal_tim.o(i.HAL_TIM_IRQHandler)
    HAL_TIM_OC_DelayElapsedCallback          0x080021c5   Thumb Code     2  stm32f1xx_hal_tim.o(i.HAL_TIM_OC_DelayElapsedCallback)
    HAL_TIM_PWM_ConfigChannel                0x080021c7   Thumb Code   252  stm32f1xx_hal_tim.o(i.HAL_TIM_PWM_ConfigChannel)
    HAL_TIM_PWM_Init                         0x080022c3   Thumb Code   102  stm32f1xx_hal_tim.o(i.HAL_TIM_PWM_Init)
    HAL_TIM_PWM_MspInit                      0x08002329   Thumb Code   106  gtim.o(i.HAL_TIM_PWM_MspInit)
    HAL_TIM_PWM_PulseFinishedCallback        0x080023a1   Thumb Code     2  stm32f1xx_hal_tim.o(i.HAL_TIM_PWM_PulseFinishedCallback)
    HAL_TIM_PWM_Start                        0x080023a5   Thumb Code   222  stm32f1xx_hal_tim.o(i.HAL_TIM_PWM_Start)
    HAL_TIM_PeriodElapsedCallback            0x08002499   Thumb Code    72  beep.o(i.HAL_TIM_PeriodElapsedCallback)
    HAL_TIM_TriggerCallback                  0x080024f1   Thumb Code     2  stm32f1xx_hal_tim.o(i.HAL_TIM_TriggerCallback)
    HAL_UART_ErrorCallback                   0x080024f3   Thumb Code     2  stm32f1xx_hal_uart.o(i.HAL_UART_ErrorCallback)
    HAL_UART_IRQHandler                      0x080024f5   Thumb Code   334  stm32f1xx_hal_uart.o(i.HAL_UART_IRQHandler)
    HAL_UART_Init                            0x08002649   Thumb Code   114  stm32f1xx_hal_uart.o(i.HAL_UART_Init)
    HAL_UART_MspInit                         0x080026bd   Thumb Code   168  usart.o(i.HAL_UART_MspInit)
    HAL_UART_Receive_IT                      0x08002771   Thumb Code   112  stm32f1xx_hal_uart.o(i.HAL_UART_Receive_IT)
    HAL_UART_RxCpltCallback                  0x080027e1   Thumb Code   120  usart.o(i.HAL_UART_RxCpltCallback)
    HAL_UART_TxCpltCallback                  0x08002869   Thumb Code     2  stm32f1xx_hal_uart.o(i.HAL_UART_TxCpltCallback)
    HardFault_Handler                        0x0800286d   Thumb Code   160  stm32f1xx_it.o(i.HardFault_Handler)
    LCD_Address_Set                          0x08002a2d   Thumb Code    74  lcd_init.o(i.LCD_Address_Set)
    LCD_DrawLine                             0x08002a77   Thumb Code   172  lcd.o(i.LCD_DrawLine)
    LCD_DrawPoint                            0x08002b23   Thumb Code    28  lcd.o(i.LCD_DrawPoint)
    LCD_DrawRectangle                        0x08002b3f   Thumb Code    74  lcd.o(i.LCD_DrawRectangle)
    LCD_Fill                                 0x08002b89   Thumb Code    74  lcd.o(i.LCD_Fill)
    LCD_GPIO_Init                            0x08002bd5   Thumb Code    70  lcd_init.o(i.LCD_GPIO_Init)
    LCD_Init                                 0x08002c25   Thumb Code   422  lcd_init.o(i.LCD_Init)
    LCD_ShowChar                             0x08002dd1   Thumb Code   328  lcd.o(i.LCD_ShowChar)
    LCD_ShowIntNum                           0x08002f29   Thumb Code   150  lcd.o(i.LCD_ShowIntNum)
    LCD_ShowString                           0x08002fbf   Thumb Code    66  lcd.o(i.LCD_ShowString)
    LCD_WR_DATA                              0x08003001   Thumb Code    18  lcd_init.o(i.LCD_WR_DATA)
    LCD_WR_DATA8                             0x08003013   Thumb Code    12  lcd_init.o(i.LCD_WR_DATA8)
    LCD_WR_REG                               0x08003021   Thumb Code    32  lcd_init.o(i.LCD_WR_REG)
    LCD_Writ_Bus                             0x08003045   Thumb Code    90  lcd_init.o(i.LCD_Writ_Bus)
    MemManage_Handler                        0x080030a5   Thumb Code     4  stm32f1xx_it.o(i.MemManage_Handler)
    NMI_Handler                              0x080030a9   Thumb Code     2  stm32f1xx_it.o(i.NMI_Handler)
    PendSV_Handler                           0x080030ab   Thumb Code     2  stm32f1xx_it.o(i.PendSV_Handler)
    SVC_Handler                              0x080030d5   Thumb Code     2  stm32f1xx_it.o(i.SVC_Handler)
    SysTick_Handler                          0x080030d7   Thumb Code     8  stm32f1xx_it.o(i.SysTick_Handler)
    TIM4_IRQHandler                          0x080030e1   Thumb Code    10  beep.o(i.TIM4_IRQHandler)
    TIM_Base_SetConfig                       0x080030f1   Thumb Code   134  stm32f1xx_hal_tim.o(i.TIM_Base_SetConfig)
    TIM_CCxChannelCmd                        0x0800318d   Thumb Code    34  stm32f1xx_hal_tim.o(i.TIM_CCxChannelCmd)
    TIM_OC2_SetConfig                        0x08003221   Thumb Code   114  stm32f1xx_hal_tim.o(i.TIM_OC2_SetConfig)
    USART1_IRQHandler                        0x080035b9   Thumb Code    26  usart.o(i.USART1_IRQHandler)
    UsageFault_Handler                       0x080035dd   Thumb Code     4  stm32f1xx_it.o(i.UsageFault_Handler)
    WS2812B_FillColor                        0x080035e1   Thumb Code    60  rgb.o(i.WS2812B_FillColor)
    WS2812B_Init                             0x08003621   Thumb Code    74  rgb.o(i.WS2812B_Init)
    WS2812B_RefreshPixel                     0x08003675   Thumb Code    28  rgb.o(i.WS2812B_RefreshPixel)
    WS2812B_WriteByte                        0x08003695   Thumb Code   132  rgb.o(i.WS2812B_WriteByte)
    WS2812B_WriteColor                       0x0800371d   Thumb Code    24  rgb.o(i.WS2812B_WriteColor)
    __kernel_poly                            0x0800376d   Thumb Code   170  poly.o(i.__kernel_poly)
    __mathlib_dbl_divzero                    0x08003819   Thumb Code    12  dunder.o(i.__mathlib_dbl_divzero)
    __mathlib_dbl_infnan                     0x08003829   Thumb Code     6  dunder.o(i.__mathlib_dbl_infnan)
    __mathlib_dbl_invalid                    0x0800382f   Thumb Code    12  dunder.o(i.__mathlib_dbl_invalid)
    _is_digit                                0x0800383b   Thumb Code    14  __printf_wp.o(i._is_digit)
    _sys_exit                                0x08003849   Thumb Code     4  usart.o(i._sys_exit)
    adc_auto_channel                         0x0800384d   Thumb Code    74  main.o(i.adc_auto_channel)
    adc_channel_set                          0x080038a1   Thumb Code    26  adc.o(i.adc_channel_set)
    adc_get_result                           0x080038bd   Thumb Code    40  adc.o(i.adc_get_result)
    adc_get_result_average                   0x080038e9   Thumb Code    44  adc.o(i.adc_get_result_average)
    adc_init                                 0x08003915   Thumb Code    48  adc.o(i.adc_init)
    beep_init                                0x0800394d   Thumb Code   180  beep.o(i.beep_init)
    color_init                               0x08003a11   Thumb Code    82  main.o(i.color_init)
    delay_init                               0x08003a7d   Thumb Code     6  delay.o(i.delay_init)
    delay_ms                                 0x08003a89   Thumb Code    18  delay.o(i.delay_ms)
    delay_us                                 0x08003a9d   Thumb Code    68  delay.o(i.delay_us)
    draw_table_frame                         0x08003ae5   Thumb Code    80  main.o(i.draw_table_frame)
    draw_thick_hline                         0x08003b35   Thumb Code    50  main.o(i.draw_thick_hline)
    draw_thick_rectangle                     0x08003b67   Thumb Code    72  main.o(i.draw_thick_rectangle)
    draw_thick_vline                         0x08003baf   Thumb Code    50  main.o(i.draw_thick_vline)
    encoder_update                           0x08003be1   Thumb Code    40  encoder.o(i.encoder_update)
    exti_init                                0x08003c15   Thumb Code   174  exti.o(i.exti_init)
    fan_init                                 0x08003cd5   Thumb Code    76  fan.o(i.fan_init)
    fputc                                    0x08003d29   Thumb Code    24  usart.o(i.fputc)
    generate_rainbow_color                   0x08003d45   Thumb Code   170  main.o(i.generate_rainbow_color)
    get_preres                               0x08003df1   Thumb Code    98  main.o(i.get_preres)
    gtim_timx_pwm_chy_init                   0x08003e6d   Thumb Code    76  gtim.o(i.gtim_timx_pwm_chy_init)
    key_init                                 0x08003ec1   Thumb Code    66  key.o(i.key_init)
    led_init                                 0x08003f0d   Thumb Code    76  led.o(i.led_init)
    log                                      0x08003f61   Thumb Code   808  log.o(i.log)
    main                                     0x080042bd   Thumb Code   874  main.o(i.main)
    mypid_init                               0x080046b1   Thumb Code    72  main.o(i.mypid_init)
    mypow                                    0x08004709   Thumb Code    22  lcd.o(i.mypow)
    pid_calculate                            0x08004721   Thumb Code   198  main.o(i.pid_calculate)
    pre_temp                                 0x080047f5   Thumb Code   184  main.o(i.pre_temp)
    rgb_change                               0x080048d1   Thumb Code   488  main.o(i.rgb_change)
    seg_init                                 0x08004af9   Thumb Code    62  key.o(i.seg_init)
    smooth_temperature                       0x08004b41   Thumb Code   162  main.o(i.smooth_temperature)
    sys_stm32_clock_init                     0x08004bf9   Thumb Code   102  sys.o(i.sys_stm32_clock_init)
    update_display                           0x08004c61   Thumb Code   202  main.o(i.update_display)
    usart_init                               0x08004d49   Thumb Code    44  usart.o(i.usart_init)
    __aeabi_d2f                              0x08004d81   Thumb Code     0  d2f.o(x$fpl$d2f)
    _d2f                                     0x08004d81   Thumb Code    98  d2f.o(x$fpl$d2f)
    __aeabi_dadd                             0x08004de5   Thumb Code     0  daddsub_clz.o(x$fpl$dadd)
    _dadd                                    0x08004de5   Thumb Code   332  daddsub_clz.o(x$fpl$dadd)
    __fpl_dcheck_NaN1                        0x08004f35   Thumb Code    10  dcheck1.o(x$fpl$dcheck1)
    __fpl_dcmp_Inf                           0x08004f45   Thumb Code    24  dcmpi.o(x$fpl$dcmpinf)
    __aeabi_ddiv                             0x08004f5d   Thumb Code     0  ddiv.o(x$fpl$ddiv)
    _ddiv                                    0x08004f5d   Thumb Code   552  ddiv.o(x$fpl$ddiv)
    __aeabi_cdcmpeq                          0x0800520d   Thumb Code     0  deqf.o(x$fpl$deqf)
    _dcmpeq                                  0x0800520d   Thumb Code   120  deqf.o(x$fpl$deqf)
    __aeabi_d2iz                             0x08005285   Thumb Code     0  dfix.o(x$fpl$dfix)
    _dfix                                    0x08005285   Thumb Code    94  dfix.o(x$fpl$dfix)
    __aeabi_i2d                              0x080052e3   Thumb Code     0  dflt_clz.o(x$fpl$dflt)
    _dflt                                    0x080052e3   Thumb Code    46  dflt_clz.o(x$fpl$dflt)
    __aeabi_ui2d                             0x08005311   Thumb Code     0  dflt_clz.o(x$fpl$dfltu)
    _dfltu                                   0x08005311   Thumb Code    38  dflt_clz.o(x$fpl$dfltu)
    __aeabi_cdcmple                          0x08005339   Thumb Code     0  dleqf.o(x$fpl$dleqf)
    _dcmple                                  0x08005339   Thumb Code   120  dleqf.o(x$fpl$dleqf)
    __fpl_dcmple_InfNaN                      0x0800539b   Thumb Code     0  dleqf.o(x$fpl$dleqf)
    __aeabi_dmul                             0x080053b1   Thumb Code     0  dmul.o(x$fpl$dmul)
    _dmul                                    0x080053b1   Thumb Code   332  dmul.o(x$fpl$dmul)
    __fpl_dnaninf                            0x08005505   Thumb Code   156  dnaninf.o(x$fpl$dnaninf)
    __fpl_dretinf                            0x080055a1   Thumb Code    12  dretinf.o(x$fpl$dretinf)
    __aeabi_cdrcmple                         0x080055ad   Thumb Code     0  drleqf.o(x$fpl$drleqf)
    _drcmple                                 0x080055ad   Thumb Code   108  drleqf.o(x$fpl$drleqf)
    __aeabi_drsub                            0x08005619   Thumb Code     0  daddsub_clz.o(x$fpl$drsb)
    _drsb                                    0x08005619   Thumb Code    22  daddsub_clz.o(x$fpl$drsb)
    __aeabi_dsub                             0x08005631   Thumb Code     0  daddsub_clz.o(x$fpl$dsub)
    _dsub                                    0x08005631   Thumb Code   464  daddsub_clz.o(x$fpl$dsub)
    __aeabi_fadd                             0x08005805   Thumb Code     0  faddsub_clz.o(x$fpl$fadd)
    _fadd                                    0x08005805   Thumb Code   196  faddsub_clz.o(x$fpl$fadd)
    __fpl_fcmp_Inf                           0x080058c9   Thumb Code    24  fcmpi.o(x$fpl$fcmpinf)
    __aeabi_f2iz                             0x080058e1   Thumb Code     0  ffix.o(x$fpl$ffix)
    _ffix                                    0x080058e1   Thumb Code    54  ffix.o(x$fpl$ffix)
    __aeabi_i2f                              0x08005919   Thumb Code     0  fflt_clz.o(x$fpl$fflt)
    _fflt                                    0x08005919   Thumb Code    48  fflt_clz.o(x$fpl$fflt)
    __aeabi_cfcmple                          0x08005949   Thumb Code     0  fleqf.o(x$fpl$fleqf)
    _fcmple                                  0x08005949   Thumb Code   104  fleqf.o(x$fpl$fleqf)
    __fpl_fcmple_InfNaN                      0x0800599b   Thumb Code     0  fleqf.o(x$fpl$fleqf)
    __aeabi_fmul                             0x080059b1   Thumb Code     0  fmul.o(x$fpl$fmul)
    _fmul                                    0x080059b1   Thumb Code   258  fmul.o(x$fpl$fmul)
    __fpl_fnaninf                            0x08005ab3   Thumb Code   140  fnaninf.o(x$fpl$fnaninf)
    __fpl_fretinf                            0x08005b3f   Thumb Code    10  fretinf.o(x$fpl$fretinf)
    __aeabi_fsub                             0x08005b49   Thumb Code     0  faddsub_clz.o(x$fpl$fsub)
    _fsub                                    0x08005b49   Thumb Code   234  faddsub_clz.o(x$fpl$fsub)
    __fpl_return_NaN                         0x08005c33   Thumb Code   100  retnan.o(x$fpl$retnan)
    __ARM_scalbn                             0x08005c97   Thumb Code    92  scalbn.o(x$fpl$scalbn)
    __fpl_cmpreturn                          0x08005cf3   Thumb Code    48  trapv.o(x$fpl$trapveneer)
    AHBPrescTable                            0x08005d22   Data          16  system_stm32f1xx.o(.constdata)
    __I$use$fp                               0x08005d22   Number         0  usenofp.o(x$fpl$usenofp)
    APBPrescTable                            0x08005d32   Data           8  system_stm32f1xx.o(.constdata)
    ascii_1206                               0x08005d3a   Data        1140  lcd.o(.constdata)
    ascii_1608                               0x080061ae   Data        1520  lcd.o(.constdata)
    ascii_2412                               0x0800679e   Data        4560  lcd.o(.constdata)
    ascii_3216                               0x0800796e   Data        6080  lcd.o(.constdata)
    tfont12                                  0x0800912e   Data         130  lcd.o(.constdata)
    tfont16                                  0x080091b0   Data         170  lcd.o(.constdata)
    tfont24                                  0x0800925a   Data         370  lcd.o(.constdata)
    tfont32                                  0x080093cc   Data         650  lcd.o(.constdata)
    __mathlib_zero                           0x080096d8   Data           8  qnan.o(.constdata)
    Region$$Table$$Base                      0x080096e0   Number         0  anon$$obj.o(Region$$Table)
    Region$$Table$$Limit                     0x08009700   Number         0  anon$$obj.o(Region$$Table)
    temp_buffer_index                        0x20000000   Data           1  main.o(.data)
    temp_buffer_full                         0x20000001   Data           1  main.o(.data)
    rgb_current_state                        0x20000002   Data           1  main.o(.data)
    rgb_state_changed                        0x20000003   Data           1  main.o(.data)
    my_pid_pointer                           0x20000004   Data           4  main.o(.data)
    g_BeepFlag                               0x20000008   Data           1  main.o(.data)
    g_UpdateFlag                             0x20000009   Data           1  main.o(.data)
    pre_temperature                          0x20000010   Data           8  main.o(.data)
    OUT_PWM                                  0x20000018   Data           4  main.o(.data)
    rainbow_index                            0x2000001c   Data           4  main.o(.data)
    rainbow_timer                            0x20000020   Data           4  main.o(.data)
    led_timer                                0x20000024   Data           4  main.o(.data)
    temp1                                    0x20000028   Data           3  main.o(.data)
    temp2                                    0x2000002b   Data           3  main.o(.data)
    temp3                                    0x2000002e   Data           3  main.o(.data)
    temp4                                    0x20000031   Data           3  main.o(.data)
    temp5                                    0x20000034   Data           3  main.o(.data)
    temp6                                    0x20000037   Data           3  main.o(.data)
    hardfault_cfsr                           0x20000048   Data           4  stm32f1xx_it.o(.data)
    hardfault_hfsr                           0x2000004c   Data           4  stm32f1xx_it.o(.data)
    hardfault_bfar                           0x20000050   Data           4  stm32f1xx_it.o(.data)
    hardfault_mmfar                          0x20000054   Data           4  stm32f1xx_it.o(.data)
    SystemCoreClock                          0x20000058   Data           4  system_stm32f1xx.o(.data)
    uwTick                                   0x2000005c   Data           4  stm32f1xx_hal.o(.data)
    uwTickPrio                               0x20000060   Data           4  stm32f1xx_hal.o(.data)
    uwTickFreq                               0x20000064   Data           1  stm32f1xx_hal.o(.data)
    __stdout                                 0x2000006c   Data           4  usart.o(.data)
    g_usart_rx_sta                           0x20000070   Data           2  usart.o(.data)
    g_rx_buffer                              0x20000072   Data           1  usart.o(.data)
    enc_delta                                0x20000078   Data           2  globals.o(.data)
    sw_press                                 0x2000007a   Data           1  globals.o(.data)
    beep_req                                 0x2000007b   Data           1  globals.o(.data)
    update_req                               0x2000007c   Data           1  globals.o(.data)
    temp_set                                 0x2000007e   Data           2  globals.o(.data)
    SYS_STATE                                0x20000080   Data           1  globals.o(.data)
    temp_buffer                              0x20000088   Data          80  main.o(.bss)
    myadc_data                               0x200000d8   Data          12  main.o(.bss)
    my_pid                                   0x200000e4   Data          40  main.o(.bss)
    g_usart_rx_buf                           0x2000010c   Data         200  usart.o(.bss)
    g_uart1_handle                           0x200001d4   Data          64  usart.o(.bss)
    g_timx_pwm_chy_handle                    0x2000025c   Data          72  gtim.o(.bss)
    g_adc_handle                             0x200002a4   Data          48  adc.o(.bss)
    PixelBuf                                 0x200002d4   Data          81  rgb.o(.bss)
    __libspace_start                         0x20000328   Data          96  libspace.o(.bss)
    __temporary_stack_top$libspace           0x20000388   Data           0  libspace.o(.bss)



==============================================================================

Memory Map of the image

  Image Entry point : 0x080000ed

  Load Region LR_IROM1 (Base: 0x08000000, Size: 0x00009784, Max: 0x00010000, ABSOLUTE)

    Execution Region ER_IROM1 (Exec base: 0x08000000, Load base: 0x08000000, Size: 0x00009700, Max: 0x00010000, ABSOLUTE)

    Exec Addr    Load Addr    Size         Type   Attr      Idx    E Section Name        Object

    0x08000000   0x08000000   0x000000ec   Data   RO            3    RESET               startup_stm32f103xb.o
    0x080000ec   0x080000ec   0x00000008   Code   RO         3937  * !!!main             c_w.l(__main.o)
    0x080000f4   0x080000f4   0x00000034   Code   RO         4211    !!!scatter          c_w.l(__scatter.o)
    0x08000128   0x08000128   0x0000001a   Code   RO         4213    !!handler_copy      c_w.l(__scatter_copy.o)
    0x08000142   0x08000142   0x00000002   PAD
    0x08000144   0x08000144   0x0000001c   Code   RO         4215    !!handler_zi        c_w.l(__scatter_zi.o)
    0x08000160   0x08000160   0x00000000   Code   RO         3932    .ARM.Collect$$_printf_percent$$00000000  c_w.l(_printf_percent.o)
    0x08000160   0x08000160   0x00000006   Code   RO         3931    .ARM.Collect$$_printf_percent$$0000000C  c_w.l(_printf_x.o)
    0x08000166   0x08000166   0x00000004   Code   RO         4010    .ARM.Collect$$_printf_percent$$00000017  c_w.l(_printf_percent_end.o)
    0x0800016a   0x0800016a   0x00000002   Code   RO         4087    .ARM.Collect$$libinit$$00000000  c_w.l(libinit.o)
    0x0800016c   0x0800016c   0x00000000   Code   RO         4093    .ARM.Collect$$libinit$$00000002  c_w.l(libinit2.o)
    0x0800016c   0x0800016c   0x00000000   Code   RO         4095    .ARM.Collect$$libinit$$00000004  c_w.l(libinit2.o)
    0x0800016c   0x0800016c   0x00000000   Code   RO         4098    .ARM.Collect$$libinit$$0000000A  c_w.l(libinit2.o)
    0x0800016c   0x0800016c   0x00000000   Code   RO         4100    .ARM.Collect$$libinit$$0000000C  c_w.l(libinit2.o)
    0x0800016c   0x0800016c   0x00000000   Code   RO         4102    .ARM.Collect$$libinit$$0000000E  c_w.l(libinit2.o)
    0x0800016c   0x0800016c   0x00000000   Code   RO         4105    .ARM.Collect$$libinit$$00000011  c_w.l(libinit2.o)
    0x0800016c   0x0800016c   0x00000000   Code   RO         4107    .ARM.Collect$$libinit$$00000013  c_w.l(libinit2.o)
    0x0800016c   0x0800016c   0x00000000   Code   RO         4109    .ARM.Collect$$libinit$$00000015  c_w.l(libinit2.o)
    0x0800016c   0x0800016c   0x00000000   Code   RO         4111    .ARM.Collect$$libinit$$00000017  c_w.l(libinit2.o)
    0x0800016c   0x0800016c   0x00000000   Code   RO         4113    .ARM.Collect$$libinit$$00000019  c_w.l(libinit2.o)
    0x0800016c   0x0800016c   0x00000000   Code   RO         4115    .ARM.Collect$$libinit$$0000001B  c_w.l(libinit2.o)
    0x0800016c   0x0800016c   0x00000000   Code   RO         4117    .ARM.Collect$$libinit$$0000001D  c_w.l(libinit2.o)
    0x0800016c   0x0800016c   0x00000000   Code   RO         4119    .ARM.Collect$$libinit$$0000001F  c_w.l(libinit2.o)
    0x0800016c   0x0800016c   0x00000000   Code   RO         4121    .ARM.Collect$$libinit$$00000021  c_w.l(libinit2.o)
    0x0800016c   0x0800016c   0x00000000   Code   RO         4123    .ARM.Collect$$libinit$$00000023  c_w.l(libinit2.o)
    0x0800016c   0x0800016c   0x00000000   Code   RO         4125    .ARM.Collect$$libinit$$00000025  c_w.l(libinit2.o)
    0x0800016c   0x0800016c   0x00000000   Code   RO         4129    .ARM.Collect$$libinit$$0000002C  c_w.l(libinit2.o)
    0x0800016c   0x0800016c   0x00000000   Code   RO         4131    .ARM.Collect$$libinit$$0000002E  c_w.l(libinit2.o)
    0x0800016c   0x0800016c   0x00000000   Code   RO         4133    .ARM.Collect$$libinit$$00000030  c_w.l(libinit2.o)
    0x0800016c   0x0800016c   0x00000000   Code   RO         4135    .ARM.Collect$$libinit$$00000032  c_w.l(libinit2.o)
    0x0800016c   0x0800016c   0x00000002   Code   RO         4136    .ARM.Collect$$libinit$$00000033  c_w.l(libinit2.o)
    0x0800016e   0x0800016e   0x00000002   Code   RO         4156    .ARM.Collect$$libshutdown$$00000000  c_w.l(libshutdown.o)
    0x08000170   0x08000170   0x00000000   Code   RO         4164    .ARM.Collect$$libshutdown$$00000002  c_w.l(libshutdown2.o)
    0x08000170   0x08000170   0x00000000   Code   RO         4166    .ARM.Collect$$libshutdown$$00000004  c_w.l(libshutdown2.o)
    0x08000170   0x08000170   0x00000000   Code   RO         4168    .ARM.Collect$$libshutdown$$00000006  c_w.l(libshutdown2.o)
    0x08000170   0x08000170   0x00000000   Code   RO         4171    .ARM.Collect$$libshutdown$$00000009  c_w.l(libshutdown2.o)
    0x08000170   0x08000170   0x00000000   Code   RO         4174    .ARM.Collect$$libshutdown$$0000000C  c_w.l(libshutdown2.o)
    0x08000170   0x08000170   0x00000000   Code   RO         4176    .ARM.Collect$$libshutdown$$0000000E  c_w.l(libshutdown2.o)
    0x08000170   0x08000170   0x00000000   Code   RO         4179    .ARM.Collect$$libshutdown$$00000011  c_w.l(libshutdown2.o)
    0x08000170   0x08000170   0x00000002   Code   RO         4180    .ARM.Collect$$libshutdown$$00000012  c_w.l(libshutdown2.o)
    0x08000172   0x08000172   0x00000000   Code   RO         4003    .ARM.Collect$$rtentry$$00000000  c_w.l(__rtentry.o)
    0x08000172   0x08000172   0x00000000   Code   RO         4046    .ARM.Collect$$rtentry$$00000002  c_w.l(__rtentry2.o)
    0x08000172   0x08000172   0x00000006   Code   RO         4058    .ARM.Collect$$rtentry$$00000004  c_w.l(__rtentry4.o)
    0x08000178   0x08000178   0x00000000   Code   RO         4048    .ARM.Collect$$rtentry$$00000009  c_w.l(__rtentry2.o)
    0x08000178   0x08000178   0x00000004   Code   RO         4049    .ARM.Collect$$rtentry$$0000000A  c_w.l(__rtentry2.o)
    0x0800017c   0x0800017c   0x00000000   Code   RO         4051    .ARM.Collect$$rtentry$$0000000C  c_w.l(__rtentry2.o)
    0x0800017c   0x0800017c   0x00000008   Code   RO         4052    .ARM.Collect$$rtentry$$0000000D  c_w.l(__rtentry2.o)
    0x08000184   0x08000184   0x00000002   Code   RO         4090    .ARM.Collect$$rtexit$$00000000  c_w.l(rtexit.o)
    0x08000186   0x08000186   0x00000000   Code   RO         4140    .ARM.Collect$$rtexit$$00000002  c_w.l(rtexit2.o)
    0x08000186   0x08000186   0x00000004   Code   RO         4141    .ARM.Collect$$rtexit$$00000003  c_w.l(rtexit2.o)
    0x0800018a   0x0800018a   0x00000006   Code   RO         4142    .ARM.Collect$$rtexit$$00000004  c_w.l(rtexit2.o)
    0x08000190   0x08000190   0x00000034   Code   RO            4    .text               startup_stm32f103xb.o
    0x080001c4   0x080001c4   0x00000002   Code   RO         3880    .text               c_w.l(use_no_semi_2.o)
    0x080001c6   0x080001c6   0x00000002   PAD
    0x080001c8   0x080001c8   0x00000018   Code   RO         3884    .text               c_w.l(noretval__2printf.o)
    0x080001e0   0x080001e0   0x0000004e   Code   RO         3888    .text               c_w.l(_printf_pad.o)
    0x0800022e   0x0800022e   0x00000002   PAD
    0x08000230   0x08000230   0x00000058   Code   RO         3893    .text               c_w.l(_printf_hex_int.o)
    0x08000288   0x08000288   0x00000188   Code   RO         3928    .text               c_w.l(__printf_flags_ss_wp.o)
    0x08000410   0x08000410   0x0000004e   Code   RO         3933    .text               c_w.l(rt_memclr_w.o)
    0x0800045e   0x0800045e   0x00000006   Code   RO         3935    .text               c_w.l(heapauxi.o)
    0x08000464   0x08000464   0x00000002   Code   RO         4001    .text               c_w.l(use_no_semi.o)
    0x08000466   0x08000466   0x00000016   Code   RO         4004    .text               c_w.l(_rserrno.o)
    0x0800047c   0x0800047c   0x000000b2   Code   RO         4006    .text               c_w.l(_printf_intcommon.o)
    0x0800052e   0x0800052e   0x00000002   PAD
    0x08000530   0x08000530   0x00000024   Code   RO         4008    .text               c_w.l(_printf_char_file.o)
    0x08000554   0x08000554   0x00000008   Code   RO         4063    .text               c_w.l(rt_errno_addr_intlibspace.o)
    0x0800055c   0x0800055c   0x00000030   Code   RO         4065    .text               c_w.l(_printf_char_common.o)
    0x0800058c   0x0800058c   0x00000008   Code   RO         4067    .text               c_w.l(ferror.o)
    0x08000594   0x08000594   0x00000008   Code   RO         4073    .text               c_w.l(libspace.o)
    0x0800059c   0x0800059c   0x0000004a   Code   RO         4076    .text               c_w.l(sys_stackheap_outer.o)
    0x080005e6   0x080005e6   0x00000012   Code   RO         4080    .text               c_w.l(exit.o)
    0x080005f8   0x080005f8   0x00000052   Code   RO         2837    i.ADC_ConversionStop_Disable  stm32f1xx_hal_adc.o
    0x0800064a   0x0800064a   0x00000002   PAD
    0x0800064c   0x0800064c   0x00000084   Code   RO         2841    i.ADC_Enable        stm32f1xx_hal_adc.o
    0x080006d0   0x080006d0   0x00000004   Code   RO          358    i.BusFault_Handler  stm32f1xx_it.o
    0x080006d4   0x080006d4   0x00000030   Code   RO         3331    i.Buzzer_Tone       beep.o
    0x08000704   0x08000704   0x0000000e   Code   RO         3727    i.Copy_Color        rgb.o
    0x08000712   0x08000712   0x00000002   Code   RO          359    i.DebugMon_Handler  stm32f1xx_it.o
    0x08000714   0x08000714   0x00000036   Code   RO         3729    i.Delay_850nS       rgb.o
    0x0800074a   0x0800074a   0x00000002   PAD
    0x0800074c   0x0800074c   0x0000003c   Code   RO          360    i.EXTI15_10_IRQHandler  stm32f1xx_it.o
    0x08000788   0x08000788   0x00000020   Code   RO          361    i.EXTI9_5_IRQHandler  stm32f1xx_it.o
    0x080007a8   0x080007a8   0x00000104   Code   RO         3017    i.HAL_ADCEx_Calibration_Start  stm32f1xx_hal_adc_ex.o
    0x080008ac   0x080008ac   0x00000160   Code   RO         2843    i.HAL_ADC_ConfigChannel  stm32f1xx_hal_adc.o
    0x08000a0c   0x08000a0c   0x00000008   Code   RO         2850    i.HAL_ADC_GetValue  stm32f1xx_hal_adc.o
    0x08000a14   0x08000a14   0x00000160   Code   RO         2852    i.HAL_ADC_Init      stm32f1xx_hal_adc.o
    0x08000b74   0x08000b74   0x00000084   Code   RO         3676    i.HAL_ADC_MspInit   adc.o
    0x08000bf8   0x08000bf8   0x00000170   Code   RO         2856    i.HAL_ADC_PollForConversion  stm32f1xx_hal_adc.o
    0x08000d68   0x08000d68   0x00000130   Code   RO         2858    i.HAL_ADC_Start     stm32f1xx_hal_adc.o
    0x08000e98   0x08000e98   0x000001a8   Code   RO          918    i.HAL_DMA_Abort_IT  stm32f1xx_hal_dma.o
    0x08001040   0x08001040   0x0000000c   Code   RO         3186    i.HAL_Delay         delay.o
    0x0800104c   0x0800104c   0x00000044   Code   RO         3580    i.HAL_GPIO_EXTI_Callback  exti.o
    0x08001090   0x08001090   0x0000001c   Code   RO         1013    i.HAL_GPIO_EXTI_IRQHandler  stm32f1xx_hal_gpio.o
    0x080010ac   0x080010ac   0x00000340   Code   RO         1014    i.HAL_GPIO_Init     stm32f1xx_hal_gpio.o
    0x080013ec   0x080013ec   0x00000010   Code   RO         1016    i.HAL_GPIO_ReadPin  stm32f1xx_hal_gpio.o
    0x080013fc   0x080013fc   0x00000014   Code   RO         1017    i.HAL_GPIO_TogglePin  stm32f1xx_hal_gpio.o
    0x08001410   0x08001410   0x0000000c   Code   RO         1018    i.HAL_GPIO_WritePin  stm32f1xx_hal_gpio.o
    0x0800141c   0x0800141c   0x0000000c   Code   RO          631    i.HAL_GetTick       stm32f1xx_hal.o
    0x08001428   0x08001428   0x00000018   Code   RO          637    i.HAL_IncTick       stm32f1xx_hal.o
    0x08001440   0x08001440   0x00000028   Code   RO          638    i.HAL_Init          stm32f1xx_hal.o
    0x08001468   0x08001468   0x0000004c   Code   RO          639    i.HAL_InitTick      stm32f1xx_hal.o
    0x080014b4   0x080014b4   0x00000002   Code   RO          641    i.HAL_MspInit       stm32f1xx_hal.o
    0x080014b6   0x080014b6   0x00000002   PAD
    0x080014b8   0x080014b8   0x00000044   Code   RO          795    i.HAL_NVIC_DisableIRQ  stm32f1xx_hal_cortex.o
    0x080014fc   0x080014fc   0x00000020   Code   RO          796    i.HAL_NVIC_EnableIRQ  stm32f1xx_hal_cortex.o
    0x0800151c   0x0800151c   0x0000007c   Code   RO          802    i.HAL_NVIC_SetPriority  stm32f1xx_hal_cortex.o
    0x08001598   0x08001598   0x00000028   Code   RO          803    i.HAL_NVIC_SetPriorityGrouping  stm32f1xx_hal_cortex.o
    0x080015c0   0x080015c0   0x00000138   Code   RO         1221    i.HAL_RCCEx_GetPeriphCLKFreq  stm32f1xx_hal_rcc_ex.o
    0x080016f8   0x080016f8   0x00000130   Code   RO         1222    i.HAL_RCCEx_PeriphCLKConfig  stm32f1xx_hal_rcc_ex.o
    0x08001828   0x08001828   0x0000018c   Code   RO         1114    i.HAL_RCC_ClockConfig  stm32f1xx_hal_rcc.o
    0x080019b4   0x080019b4   0x0000000c   Code   RO         1119    i.HAL_RCC_GetHCLKFreq  stm32f1xx_hal_rcc.o
    0x080019c0   0x080019c0   0x00000020   Code   RO         1121    i.HAL_RCC_GetPCLK1Freq  stm32f1xx_hal_rcc.o
    0x080019e0   0x080019e0   0x00000020   Code   RO         1122    i.HAL_RCC_GetPCLK2Freq  stm32f1xx_hal_rcc.o
    0x08001a00   0x08001a00   0x00000098   Code   RO         1123    i.HAL_RCC_GetSysClockFreq  stm32f1xx_hal_rcc.o
    0x08001a98   0x08001a98   0x00000464   Code   RO         1126    i.HAL_RCC_OscConfig  stm32f1xx_hal_rcc.o
    0x08001efc   0x08001efc   0x00000034   Code   RO          807    i.HAL_SYSTICK_Config  stm32f1xx_hal_cortex.o
    0x08001f30   0x08001f30   0x00000002   Code   RO         2570    i.HAL_TIMEx_BreakCallback  stm32f1xx_hal_tim_ex.o
    0x08001f32   0x08001f32   0x00000002   Code   RO         2571    i.HAL_TIMEx_CommutCallback  stm32f1xx_hal_tim_ex.o
    0x08001f34   0x08001f34   0x00000066   Code   RO         1855    i.HAL_TIM_Base_Init  stm32f1xx_hal_tim.o
    0x08001f9a   0x08001f9a   0x00000002   Code   RO         1857    i.HAL_TIM_Base_MspInit  stm32f1xx_hal_tim.o
    0x08001f9c   0x08001f9c   0x00000090   Code   RO         1860    i.HAL_TIM_Base_Start_IT  stm32f1xx_hal_tim.o
    0x0800202c   0x0800202c   0x00000002   Code   RO         1889    i.HAL_TIM_IC_CaptureCallback  stm32f1xx_hal_tim.o
    0x0800202e   0x0800202e   0x00000196   Code   RO         1903    i.HAL_TIM_IRQHandler  stm32f1xx_hal_tim.o
    0x080021c4   0x080021c4   0x00000002   Code   RO         1906    i.HAL_TIM_OC_DelayElapsedCallback  stm32f1xx_hal_tim.o
    0x080021c6   0x080021c6   0x000000fc   Code   RO         1927    i.HAL_TIM_PWM_ConfigChannel  stm32f1xx_hal_tim.o
    0x080022c2   0x080022c2   0x00000066   Code   RO         1930    i.HAL_TIM_PWM_Init  stm32f1xx_hal_tim.o
    0x08002328   0x08002328   0x00000078   Code   RO         3640    i.HAL_TIM_PWM_MspInit  gtim.o
    0x080023a0   0x080023a0   0x00000002   Code   RO         1933    i.HAL_TIM_PWM_PulseFinishedCallback  stm32f1xx_hal_tim.o
    0x080023a2   0x080023a2   0x00000002   PAD
    0x080023a4   0x080023a4   0x000000f4   Code   RO         1935    i.HAL_TIM_PWM_Start  stm32f1xx_hal_tim.o
    0x08002498   0x08002498   0x00000058   Code   RO         3332    i.HAL_TIM_PeriodElapsedCallback  beep.o
    0x080024f0   0x080024f0   0x00000002   Code   RO         1946    i.HAL_TIM_TriggerCallback  stm32f1xx_hal_tim.o
    0x080024f2   0x080024f2   0x00000002   Code   RO         1277    i.HAL_UART_ErrorCallback  stm32f1xx_hal_uart.o
    0x080024f4   0x080024f4   0x00000154   Code   RO         1280    i.HAL_UART_IRQHandler  stm32f1xx_hal_uart.o
    0x08002648   0x08002648   0x00000072   Code   RO         1281    i.HAL_UART_Init     stm32f1xx_hal_uart.o
    0x080026ba   0x080026ba   0x00000002   PAD
    0x080026bc   0x080026bc   0x000000b4   Code   RO         3230    i.HAL_UART_MspInit  usart.o
    0x08002770   0x08002770   0x00000070   Code   RO         1286    i.HAL_UART_Receive_IT  stm32f1xx_hal_uart.o
    0x080027e0   0x080027e0   0x00000088   Code   RO         3231    i.HAL_UART_RxCpltCallback  usart.o
    0x08002868   0x08002868   0x00000002   Code   RO         1292    i.HAL_UART_TxCpltCallback  stm32f1xx_hal_uart.o
    0x0800286a   0x0800286a   0x00000002   PAD
    0x0800286c   0x0800286c   0x000001c0   Code   RO          362    i.HardFault_Handler  stm32f1xx_it.o
    0x08002a2c   0x08002a2c   0x0000004a   Code   RO         3496    i.LCD_Address_Set   lcd_init.o
    0x08002a76   0x08002a76   0x000000ac   Code   RO         3377    i.LCD_DrawLine      lcd.o
    0x08002b22   0x08002b22   0x0000001c   Code   RO         3378    i.LCD_DrawPoint     lcd.o
    0x08002b3e   0x08002b3e   0x0000004a   Code   RO         3379    i.LCD_DrawRectangle  lcd.o
    0x08002b88   0x08002b88   0x0000004a   Code   RO         3380    i.LCD_Fill          lcd.o
    0x08002bd2   0x08002bd2   0x00000002   PAD
    0x08002bd4   0x08002bd4   0x00000050   Code   RO         3497    i.LCD_GPIO_Init     lcd_init.o
    0x08002c24   0x08002c24   0x000001ac   Code   RO         3498    i.LCD_Init          lcd_init.o
    0x08002dd0   0x08002dd0   0x00000158   Code   RO         3381    i.LCD_ShowChar      lcd.o
    0x08002f28   0x08002f28   0x00000096   Code   RO         3388    i.LCD_ShowIntNum    lcd.o
    0x08002fbe   0x08002fbe   0x00000042   Code   RO         3390    i.LCD_ShowString    lcd.o
    0x08003000   0x08003000   0x00000012   Code   RO         3499    i.LCD_WR_DATA       lcd_init.o
    0x08003012   0x08003012   0x0000000c   Code   RO         3500    i.LCD_WR_DATA8      lcd_init.o
    0x0800301e   0x0800301e   0x00000002   PAD
    0x08003020   0x08003020   0x00000024   Code   RO         3501    i.LCD_WR_REG        lcd_init.o
    0x08003044   0x08003044   0x00000060   Code   RO         3502    i.LCD_Writ_Bus      lcd_init.o
    0x080030a4   0x080030a4   0x00000004   Code   RO          363    i.MemManage_Handler  stm32f1xx_it.o
    0x080030a8   0x080030a8   0x00000002   Code   RO          364    i.NMI_Handler       stm32f1xx_it.o
    0x080030aa   0x080030aa   0x00000002   Code   RO          365    i.PendSV_Handler    stm32f1xx_it.o
    0x080030ac   0x080030ac   0x00000028   Code   RO         1127    i.RCC_Delay         stm32f1xx_hal_rcc.o
    0x080030d4   0x080030d4   0x00000002   Code   RO          366    i.SVC_Handler       stm32f1xx_it.o
    0x080030d6   0x080030d6   0x00000008   Code   RO          367    i.SysTick_Handler   stm32f1xx_it.o
    0x080030de   0x080030de   0x00000002   PAD
    0x080030e0   0x080030e0   0x00000010   Code   RO         3333    i.TIM4_IRQHandler   beep.o
    0x080030f0   0x080030f0   0x0000009c   Code   RO         1948    i.TIM_Base_SetConfig  stm32f1xx_hal_tim.o
    0x0800318c   0x0800318c   0x00000022   Code   RO         1949    i.TIM_CCxChannelCmd  stm32f1xx_hal_tim.o
    0x080031ae   0x080031ae   0x00000002   PAD
    0x080031b0   0x080031b0   0x00000070   Code   RO         1961    i.TIM_OC1_SetConfig  stm32f1xx_hal_tim.o
    0x08003220   0x08003220   0x0000007c   Code   RO         1962    i.TIM_OC2_SetConfig  stm32f1xx_hal_tim.o
    0x0800329c   0x0800329c   0x00000078   Code   RO         1963    i.TIM_OC3_SetConfig  stm32f1xx_hal_tim.o
    0x08003314   0x08003314   0x00000054   Code   RO         1964    i.TIM_OC4_SetConfig  stm32f1xx_hal_tim.o
    0x08003368   0x08003368   0x00000014   Code   RO         1294    i.UART_DMAAbortOnError  stm32f1xx_hal_uart.o
    0x0800337c   0x0800337c   0x00000020   Code   RO         1304    i.UART_EndRxTransfer  stm32f1xx_hal_uart.o
    0x0800339c   0x0800339c   0x00000020   Code   RO         1305    i.UART_EndTransmit_IT  stm32f1xx_hal_uart.o
    0x080033bc   0x080033bc   0x000000a0   Code   RO         1307    i.UART_Receive_IT   stm32f1xx_hal_uart.o
    0x0800345c   0x0800345c   0x000000fc   Code   RO         1308    i.UART_SetConfig    stm32f1xx_hal_uart.o
    0x08003558   0x08003558   0x00000060   Code   RO         1309    i.UART_Transmit_IT  stm32f1xx_hal_uart.o
    0x080035b8   0x080035b8   0x00000024   Code   RO         3232    i.USART1_IRQHandler  usart.o
    0x080035dc   0x080035dc   0x00000004   Code   RO          368    i.UsageFault_Handler  stm32f1xx_it.o
    0x080035e0   0x080035e0   0x00000040   Code   RO         3730    i.WS2812B_FillColor  rgb.o
    0x08003620   0x08003620   0x00000054   Code   RO         3731    i.WS2812B_Init      rgb.o
    0x08003674   0x08003674   0x00000020   Code   RO         3733    i.WS2812B_RefreshPixel  rgb.o
    0x08003694   0x08003694   0x00000088   Code   RO         3738    i.WS2812B_WriteByte  rgb.o
    0x0800371c   0x0800371c   0x00000018   Code   RO         3739    i.WS2812B_WriteColor  rgb.o
    0x08003734   0x08003734   0x00000010   Code   RO          809    i.__NVIC_GetPriorityGrouping  stm32f1xx_hal_cortex.o
    0x08003744   0x08003744   0x00000028   Code   RO          810    i.__NVIC_SetPriority  stm32f1xx_hal_cortex.o
    0x0800376c   0x0800376c   0x000000aa   Code   RO         4042    i.__kernel_poly     m_ws.l(poly.o)
    0x08003816   0x08003816   0x00000002   PAD
    0x08003818   0x08003818   0x00000010   Code   RO         4028    i.__mathlib_dbl_divzero  m_ws.l(dunder.o)
    0x08003828   0x08003828   0x00000006   Code   RO         4029    i.__mathlib_dbl_infnan  m_ws.l(dunder.o)
    0x0800382e   0x0800382e   0x0000000c   Code   RO         4031    i.__mathlib_dbl_invalid  m_ws.l(dunder.o)
    0x0800383a   0x0800383a   0x0000000e   Code   RO         3921    i._is_digit         c_w.l(__printf_wp.o)
    0x08003848   0x08003848   0x00000004   Code   RO         3234    i._sys_exit         usart.o
    0x0800384c   0x0800384c   0x00000054   Code   RO           13    i.adc_auto_channel  main.o
    0x080038a0   0x080038a0   0x0000001a   Code   RO         3677    i.adc_channel_set   adc.o
    0x080038ba   0x080038ba   0x00000002   PAD
    0x080038bc   0x080038bc   0x0000002c   Code   RO         3678    i.adc_get_result    adc.o
    0x080038e8   0x080038e8   0x0000002c   Code   RO         3679    i.adc_get_result_average  adc.o
    0x08003914   0x08003914   0x00000038   Code   RO         3680    i.adc_init          adc.o
    0x0800394c   0x0800394c   0x000000c4   Code   RO         3334    i.beep_init         beep.o
    0x08003a10   0x08003a10   0x0000006c   Code   RO           14    i.color_init        main.o
    0x08003a7c   0x08003a7c   0x0000000c   Code   RO         3187    i.delay_init        delay.o
    0x08003a88   0x08003a88   0x00000012   Code   RO         3188    i.delay_ms          delay.o
    0x08003a9a   0x08003a9a   0x00000002   PAD
    0x08003a9c   0x08003a9c   0x00000048   Code   RO         3189    i.delay_us          delay.o
    0x08003ae4   0x08003ae4   0x00000050   Code   RO           15    i.draw_table_frame  main.o
    0x08003b34   0x08003b34   0x00000032   Code   RO           16    i.draw_thick_hline  main.o
    0x08003b66   0x08003b66   0x00000048   Code   RO           17    i.draw_thick_rectangle  main.o
    0x08003bae   0x08003bae   0x00000032   Code   RO           18    i.draw_thick_vline  main.o
    0x08003be0   0x08003be0   0x00000034   Code   RO         3854    i.encoder_update    encoder.o
    0x08003c14   0x08003c14   0x000000c0   Code   RO         3581    i.exti_init         exti.o
    0x08003cd4   0x08003cd4   0x00000054   Code   RO         3556    i.fan_init          fan.o
    0x08003d28   0x08003d28   0x0000001c   Code   RO         3236    i.fputc             usart.o
    0x08003d44   0x08003d44   0x000000aa   Code   RO           19    i.generate_rainbow_color  main.o
    0x08003dee   0x08003dee   0x00000002   PAD
    0x08003df0   0x08003df0   0x0000007c   Code   RO           20    i.get_preres        main.o
    0x08003e6c   0x08003e6c   0x00000054   Code   RO         3641    i.gtim_timx_pwm_chy_init  gtim.o
    0x08003ec0   0x08003ec0   0x0000004c   Code   RO         3610    i.key_init          key.o
    0x08003f0c   0x08003f0c   0x00000054   Code   RO         3307    i.led_init          led.o
    0x08003f60   0x08003f60   0x0000035c   Code   RO         3992    i.log               m_ws.l(log.o)
    0x080042bc   0x080042bc   0x000003f4   Code   RO           21    i.main              main.o
    0x080046b0   0x080046b0   0x00000058   Code   RO           22    i.mypid_init        main.o
    0x08004708   0x08004708   0x00000016   Code   RO         3391    i.mypow             lcd.o
    0x0800471e   0x0800471e   0x00000002   PAD
    0x08004720   0x08004720   0x000000d4   Code   RO           23    i.pid_calculate     main.o
    0x080047f4   0x080047f4   0x000000dc   Code   RO           24    i.pre_temp          main.o
    0x080048d0   0x080048d0   0x00000228   Code   RO           25    i.rgb_change        main.o
    0x08004af8   0x08004af8   0x00000048   Code   RO         3611    i.seg_init          key.o
    0x08004b40   0x08004b40   0x000000b8   Code   RO           26    i.smooth_temperature  main.o
    0x08004bf8   0x08004bf8   0x00000066   Code   RO         3119    i.sys_stm32_clock_init  sys.o
    0x08004c5e   0x08004c5e   0x00000002   PAD
    0x08004c60   0x08004c60   0x000000e8   Code   RO           27    i.update_display    main.o
    0x08004d48   0x08004d48   0x00000038   Code   RO         3237    i.usart_init        usart.o
    0x08004d80   0x08004d80   0x00000062   Code   RO         3939    x$fpl$d2f           fz_ws.l(d2f.o)
    0x08004de2   0x08004de2   0x00000002   PAD
    0x08004de4   0x08004de4   0x00000150   Code   RO         3941    x$fpl$dadd          fz_ws.l(daddsub_clz.o)
    0x08004f34   0x08004f34   0x00000010   Code   RO         4071    x$fpl$dcheck1       fz_ws.l(dcheck1.o)
    0x08004f44   0x08004f44   0x00000018   Code   RO         4011    x$fpl$dcmpinf       fz_ws.l(dcmpi.o)
    0x08004f5c   0x08004f5c   0x000002b0   Code   RO         3948    x$fpl$ddiv          fz_ws.l(ddiv.o)
    0x0800520c   0x0800520c   0x00000078   Code   RO         4013    x$fpl$deqf          fz_ws.l(deqf.o)
    0x08005284   0x08005284   0x0000005e   Code   RO         3951    x$fpl$dfix          fz_ws.l(dfix.o)
    0x080052e2   0x080052e2   0x0000002e   Code   RO         3956    x$fpl$dflt          fz_ws.l(dflt_clz.o)
    0x08005310   0x08005310   0x00000026   Code   RO         3955    x$fpl$dfltu         fz_ws.l(dflt_clz.o)
    0x08005336   0x08005336   0x00000002   PAD
    0x08005338   0x08005338   0x00000078   Code   RO         3961    x$fpl$dleqf         fz_ws.l(dleqf.o)
    0x080053b0   0x080053b0   0x00000154   Code   RO         3963    x$fpl$dmul          fz_ws.l(dmul.o)
    0x08005504   0x08005504   0x0000009c   Code   RO         4015    x$fpl$dnaninf       fz_ws.l(dnaninf.o)
    0x080055a0   0x080055a0   0x0000000c   Code   RO         4017    x$fpl$dretinf       fz_ws.l(dretinf.o)
    0x080055ac   0x080055ac   0x0000006c   Code   RO         3965    x$fpl$drleqf        fz_ws.l(drleqf.o)
    0x08005618   0x08005618   0x00000016   Code   RO         3942    x$fpl$drsb          fz_ws.l(daddsub_clz.o)
    0x0800562e   0x0800562e   0x00000002   PAD
    0x08005630   0x08005630   0x000001d4   Code   RO         3943    x$fpl$dsub          fz_ws.l(daddsub_clz.o)
    0x08005804   0x08005804   0x000000c4   Code   RO         3967    x$fpl$fadd          fz_ws.l(faddsub_clz.o)
    0x080058c8   0x080058c8   0x00000018   Code   RO         4019    x$fpl$fcmpinf       fz_ws.l(fcmpi.o)
    0x080058e0   0x080058e0   0x00000036   Code   RO         3973    x$fpl$ffix          fz_ws.l(ffix.o)
    0x08005916   0x08005916   0x00000002   PAD
    0x08005918   0x08005918   0x00000030   Code   RO         3982    x$fpl$fflt          fz_ws.l(fflt_clz.o)
    0x08005948   0x08005948   0x00000068   Code   RO         3987    x$fpl$fleqf         fz_ws.l(fleqf.o)
    0x080059b0   0x080059b0   0x00000102   Code   RO         3989    x$fpl$fmul          fz_ws.l(fmul.o)
    0x08005ab2   0x08005ab2   0x0000008c   Code   RO         4021    x$fpl$fnaninf       fz_ws.l(fnaninf.o)
    0x08005b3e   0x08005b3e   0x0000000a   Code   RO         4023    x$fpl$fretinf       fz_ws.l(fretinf.o)
    0x08005b48   0x08005b48   0x000000ea   Code   RO         3969    x$fpl$fsub          fz_ws.l(faddsub_clz.o)
    0x08005c32   0x08005c32   0x00000064   Code   RO         4088    x$fpl$retnan        fz_ws.l(retnan.o)
    0x08005c96   0x08005c96   0x0000005c   Code   RO         4025    x$fpl$scalbn        fz_ws.l(scalbn.o)
    0x08005cf2   0x08005cf2   0x00000030   Code   RO         4137    x$fpl$trapveneer    fz_ws.l(trapv.o)
    0x08005d22   0x08005d22   0x00000000   Code   RO         4027    x$fpl$usenofp       fz_ws.l(usenofp.o)
    0x08005d22   0x08005d22   0x00000018   Data   RO          585    .constdata          system_stm32f1xx.o
    0x08005d3a   0x08005d3a   0x0000391c   Data   RO         3392    .constdata          lcd.o
    0x08009656   0x08009656   0x00000010   Data   RO         3855    .constdata          encoder.o
    0x08009666   0x08009666   0x00000028   Data   RO         3894    .constdata          c_w.l(_printf_hex_int.o)
    0x0800968e   0x0800968e   0x00000011   Data   RO         3929    .constdata          c_w.l(__printf_flags_ss_wp.o)
    0x0800969f   0x0800969f   0x00000001   PAD
    0x080096a0   0x080096a0   0x00000038   Data   RO         3993    .constdata          m_ws.l(log.o)
    0x080096d8   0x080096d8   0x00000008   Data   RO         4044    .constdata          m_ws.l(qnan.o)
    0x080096e0   0x080096e0   0x00000020   Data   RO         4209    Region$$Table       anon$$obj.o


    Execution Region RW_IRAM1 (Exec base: 0x20000000, Load base: 0x08009700, Size: 0x00000788, Max: 0x00005000, ABSOLUTE)

    Exec Addr    Load Addr    Size         Type   Attr      Idx    E Section Name        Object

    0x20000000   0x08009700   0x00000048   Data   RW           30    .data               main.o
    0x20000048   0x08009748   0x00000010   Data   RW          369    .data               stm32f1xx_it.o
    0x20000058   0x08009758   0x00000004   Data   RW          586    .data               system_stm32f1xx.o
    0x2000005c   0x0800975c   0x00000009   Data   RW          645    .data               stm32f1xx_hal.o
    0x20000065   0x08009765   0x00000003   PAD
    0x20000068   0x08009768   0x00000004   Data   RW         3190    .data               delay.o
    0x2000006c   0x0800976c   0x00000007   Data   RW         3239    .data               usart.o
    0x20000073   0x08009773   0x00000001   PAD
    0x20000074   0x08009774   0x00000003   Data   RW         3336    .data               beep.o
    0x20000077   0x08009777   0x00000001   PAD
    0x20000078   0x08009778   0x00000009   Data   RW         3830    .data               globals.o
    0x20000081   0x08009781   0x00000001   Data   RW         3856    .data               encoder.o
    0x20000082   0x08009782   0x00000006   PAD
    0x20000088        -       0x00000084   Zero   RW           28    .bss                main.o
    0x2000010c        -       0x00000108   Zero   RW         3238    .bss                usart.o
    0x20000214        -       0x00000048   Zero   RW         3335    .bss                beep.o
    0x2000025c        -       0x00000048   Zero   RW         3642    .bss                gtim.o
    0x200002a4        -       0x00000030   Zero   RW         3681    .bss                adc.o
    0x200002d4        -       0x00000051   Zero   RW         3740    .bss                rgb.o
    0x20000325   0x08009782   0x00000003   PAD
    0x20000328        -       0x00000060   Zero   RW         4074    .bss                c_w.l(libspace.o)
    0x20000388        -       0x00000000   Zero   RW            2    HEAP                startup_stm32f103xb.o
    0x20000388        -       0x00000400   Zero   RW            1    STACK               startup_stm32f103xb.o


==============================================================================

Image component sizes


      Code (inc. data)   RO Data    RW Data    ZI Data      Debug   Object Name

       302         24          0          0         48       3828   adc.o
       348         50          0          3         72       2972   beep.o
       114         10          0          4          0       2495   delay.o
        52         12         16          1          0       1253   encoder.o
       260         26          0          0          0       1917   exti.o
        84          8          0          0          0        911   fan.o
         0          0          0          9          0        860   globals.o
       204         22          0          0         72       2047   gtim.o
       148         20          0          0          0       1514   key.o
       930         16      14620          0          0       8393   lcd.o
       744         26          0          0          0       4682   lcd_init.o
        84          8          0          0          0        911   led.o
      3238        390          0         72        132     521816   main.o
       408         22          0          0         81       5374   rgb.o
        52         18        236          0       1024        948   startup_stm32f103xb.o
       154         32          0          9          0       6611   stm32f1xx_hal.o
      1598         64          0          0          0       6596   stm32f1xx_hal_adc.o
       260          4          0          0          0       1518   stm32f1xx_hal_adc_ex.o
       372         28          0          0          0      30401   stm32f1xx_hal_cortex.o
       424         10          0          0          0       1295   stm32f1xx_hal_dma.o
       908         44          0          0          0       4747   stm32f1xx_hal_gpio.o
      1788        114          0          0          0       6272   stm32f1xx_hal_rcc.o
       616         50          0          0          0       2521   stm32f1xx_hal_rcc_ex.o
      1890        102          0          0          0      12577   stm32f1xx_hal_tim.o
         4          0          0          0          0       1613   stm32f1xx_hal_tim_ex.o
      1162         10          0          0          0       8087   stm32f1xx_hal_uart.o
       568        298          0         16          0       5685   stm32f1xx_it.o
       102          0          0          0          0        739   sys.o
         0          0         24          4          0        878   system_stm32f1xx.o
       440         54          0          7        264       5609   usart.o

    ----------------------------------------------------------------------
     17284       1462      14928        132       1700     655070   Object Totals
         0          0         32          0          0          0   (incl. Generated)
        30          0          0          7          7          0   (incl. Padding)

    ----------------------------------------------------------------------

      Code (inc. data)   RO Data    RW Data    ZI Data      Debug   Library Member Name

         8          0          0          0          0         68   __main.o
       392          4         17          0          0         92   __printf_flags_ss_wp.o
        14          0          0          0          0         68   __printf_wp.o
         0          0          0          0          0          0   __rtentry.o
        12          0          0          0          0          0   __rtentry2.o
         6          0          0          0          0          0   __rtentry4.o
        52          8          0          0          0          0   __scatter.o
        26          0          0          0          0          0   __scatter_copy.o
        28          0          0          0          0          0   __scatter_zi.o
        48          6          0          0          0         96   _printf_char_common.o
        36          4          0          0          0         80   _printf_char_file.o
        88          4         40          0          0         88   _printf_hex_int.o
       178          0          0          0          0         88   _printf_intcommon.o
        78          0          0          0          0        108   _printf_pad.o
         0          0          0          0          0          0   _printf_percent.o
         4          0          0          0          0          0   _printf_percent_end.o
         6          0          0          0          0          0   _printf_x.o
        22          0          0          0          0        100   _rserrno.o
        18          0          0          0          0         80   exit.o
         8          0          0          0          0         68   ferror.o
         6          0          0          0          0        152   heapauxi.o
         2          0          0          0          0          0   libinit.o
         2          0          0          0          0          0   libinit2.o
         2          0          0          0          0          0   libshutdown.o
         2          0          0          0          0          0   libshutdown2.o
         8          4          0          0         96         68   libspace.o
        24          4          0          0          0         84   noretval__2printf.o
         8          4          0          0          0         68   rt_errno_addr_intlibspace.o
        78          0          0          0          0         80   rt_memclr_w.o
         2          0          0          0          0          0   rtexit.o
        10          0          0          0          0          0   rtexit2.o
        74          0          0          0          0         80   sys_stackheap_outer.o
         2          0          0          0          0         68   use_no_semi.o
         2          0          0          0          0         68   use_no_semi_2.o
        98          4          0          0          0         92   d2f.o
       826         16          0          0          0        348   daddsub_clz.o
        16          4          0          0          0         68   dcheck1.o
        24          0          0          0          0         68   dcmpi.o
       688        140          0          0          0        208   ddiv.o
       120          4          0          0          0         92   deqf.o
        94          4          0          0          0         92   dfix.o
        84          0          0          0          0        136   dflt_clz.o
       120          4          0          0          0         92   dleqf.o
       340         12          0          0          0        104   dmul.o
       156          4          0          0          0         92   dnaninf.o
        12          0          0          0          0         68   dretinf.o
       108          0          0          0          0         80   drleqf.o
       430          8          0          0          0        168   faddsub_clz.o
        24          0          0          0          0         68   fcmpi.o
        54          4          0          0          0         84   ffix.o
        48          0          0          0          0         68   fflt_clz.o
       104          4          0          0          0         84   fleqf.o
       258          4          0          0          0         84   fmul.o
       140          4          0          0          0         84   fnaninf.o
        10          0          0          0          0         68   fretinf.o
       100          0          0          0          0         68   retnan.o
        92          0          0          0          0         68   scalbn.o
        48          0          0          0          0         68   trapv.o
         0          0          0          0          0          0   usenofp.o
        34          4          0          0          0        204   dunder.o
       860         52         56          0          0        256   log.o
       170          0          0          0          0         96   poly.o
         0          0          8          0          0          0   qnan.o

    ----------------------------------------------------------------------
      6322        310        122          0         96       4612   Library Totals
        18          0          1          0          0          0   (incl. Padding)

    ----------------------------------------------------------------------

      Code (inc. data)   RO Data    RW Data    ZI Data      Debug   Library Name

      1246         38         57          0         96       1604   c_w.l
      3994        216          0          0          0       2452   fz_ws.l
      1064         56         64          0          0        556   m_ws.l

    ----------------------------------------------------------------------
      6322        310        122          0         96       4612   Library Totals

    ----------------------------------------------------------------------

==============================================================================


      Code (inc. data)   RO Data    RW Data    ZI Data      Debug   

     23606       1772      15050        132       1796     650058   Grand Totals
     23606       1772      15050        132       1796     650058   ELF Image Totals
     23606       1772      15050        132          0          0   ROM Totals

==============================================================================

    Total RO  Size (Code + RO Data)                38656 (  37.75kB)
    Total RW  Size (RW Data + ZI Data)              1928 (   1.88kB)
    Total ROM Size (Code + RO Data + RW Data)      38788 (  37.88kB)

==============================================================================

